------------------------------------------------------------
Timing Analyzer Summary
------------------------------------------------------------

Type  : Slow 1200mV 85C Model Setup 'MIPI_PIXEL_CLK'
Slack : 29.279
TNS   : 0.000

Type  : Slow 1200mV 85C Model Setup 'altera_reserved_tck'
Slack : 46.110
TNS   : 0.000

Type  : Slow 1200mV 85C Model Hold 'MIPI_PIXEL_CLK'
Slack : 0.383
TNS   : 0.000

Type  : Slow 1200mV 85C Model Hold 'altera_reserved_tck'
Slack : 0.403
TNS   : 0.000

Type  : Slow 1200mV 85C Model Recovery 'altera_reserved_tck'
Slack : 47.733
TNS   : 0.000

Type  : Slow 1200mV 85C Model Removal 'altera_reserved_tck'
Slack : 1.182
TNS   : 0.000

Type  : Slow 1200mV 85C Model Minimum Pulse Width 'MIPI_PIXEL_CLK'
Slack : 19.675
TNS   : 0.000

Type  : Slow 1200mV 85C Model Minimum Pulse Width 'altera_reserved_tck'
Slack : 49.623
TNS   : 0.000

Type  : Slow 1200mV 0C Model Setup 'MIPI_PIXEL_CLK'
Slack : 29.890
TNS   : 0.000

Type  : Slow 1200mV 0C Model Setup 'altera_reserved_tck'
Slack : 46.505
TNS   : 0.000

Type  : Slow 1200mV 0C Model Hold 'altera_reserved_tck'
Slack : 0.354
TNS   : 0.000

Type  : Slow 1200mV 0C Model Hold 'MIPI_PIXEL_CLK'
Slack : 0.380
TNS   : 0.000

Type  : Slow 1200mV 0C Model Recovery 'altera_reserved_tck'
Slack : 48.008
TNS   : 0.000

Type  : Slow 1200mV 0C Model Removal 'altera_reserved_tck'
Slack : 1.081
TNS   : 0.000

Type  : Slow 1200mV 0C Model Minimum Pulse Width 'MIPI_PIXEL_CLK'
Slack : 19.611
TNS   : 0.000

Type  : Slow 1200mV 0C Model Minimum Pulse Width 'altera_reserved_tck'
Slack : 49.565
TNS   : 0.000

Type  : Fast 1200mV 0C Model Setup 'MIPI_PIXEL_CLK'
Slack : 34.270
TNS   : 0.000

Type  : Fast 1200mV 0C Model Setup 'altera_reserved_tck'
Slack : 48.312
TNS   : 0.000

Type  : Fast 1200mV 0C Model Hold 'MIPI_PIXEL_CLK'
Slack : 0.151
TNS   : 0.000

Type  : Fast 1200mV 0C Model Hold 'altera_reserved_tck'
Slack : 0.181
TNS   : 0.000

Type  : Fast 1200mV 0C Model Recovery 'altera_reserved_tck'
Slack : 49.055
TNS   : 0.000

Type  : Fast 1200mV 0C Model Removal 'altera_reserved_tck'
Slack : 0.563
TNS   : 0.000

Type  : Fast 1200mV 0C Model Minimum Pulse Width 'MIPI_PIXEL_CLK'
Slack : 19.016
TNS   : 0.000

Type  : Fast 1200mV 0C Model Minimum Pulse Width 'altera_reserved_tck'
Slack : 49.472
TNS   : 0.000

------------------------------------------------------------
