Archive member included to satisfy reference by file (symbol)

../print_nios_bsp/\libhal_bsp.a(alt_load.o)
                              ../print_nios_bsp//obj/HAL/src/crt0.o (alt_load)
../print_nios_bsp/\libhal_bsp.a(alt_main.o)
                              ../print_nios_bsp//obj/HAL/src/crt0.o (alt_main)
../print_nios_bsp/\libhal_bsp.a(alt_putstr.o)
                              obj/default/hello_world_small.o (alt_putstr)
../print_nios_bsp/\libhal_bsp.a(alt_sys_init.o)
                              ../print_nios_bsp/\libhal_bsp.a(alt_main.o) (alt_irq_init)
../print_nios_bsp/\libhal_bsp.a(altera_avalon_jtag_uart_write.o)
                              ../print_nios_bsp/\libhal_bsp.a(alt_putstr.o) (altera_avalon_jtag_uart_write)
../print_nios_bsp/\libhal_bsp.a(alt_dcache_flush_all.o)
                              ../print_nios_bsp/\libhal_bsp.a(alt_load.o) (alt_dcache_flush_all)
../print_nios_bsp/\libhal_bsp.a(alt_icache_flush_all.o)
                              ../print_nios_bsp/\libhal_bsp.a(alt_load.o) (alt_icache_flush_all)
../print_nios_bsp/\libhal_bsp.a(altera_nios2_gen2_irq.o)
                              ../print_nios_bsp/\libhal_bsp.a(alt_sys_init.o) (altera_nios2_gen2_irq_init)
../print_nios_bsp/\libhal_bsp.a(alt_icache_flush.o)
                              ../print_nios_bsp/\libhal_bsp.a(alt_icache_flush_all.o) (alt_icache_flush)
c:/software/intelfpga_lite/18.1/nios2eds/bin/gnu/h-x86_64-mingw32/bin/../lib/gcc/nios2-elf/5.3.0/../../../../../H-x86_64-mingw32/nios2-elf/lib\libsmallc.a(lib_a-strlen.o)
                              ../print_nios_bsp/\libhal_bsp.a(alt_putstr.o) (strlen)

Memory Configuration

Name             Origin             Length             Attributes
reset            0x0000000000020000 0x0000000000000020
onchip_memory2_0 0x0000000000020020 0x0000000000018680
*default*        0x0000000000000000 0xffffffffffffffff

Linker script and memory map

LOAD ../print_nios_bsp//obj/HAL/src/crt0.o
LOAD obj/default/hello_world_small.o
LOAD c:/software/intelfpga_lite/18.1/nios2eds/bin/gnu/h-x86_64-mingw32/bin/../lib/gcc/nios2-elf/5.3.0/../../../../../H-x86_64-mingw32/nios2-elf/lib\libstdc++.a
LOAD c:/software/intelfpga_lite/18.1/nios2eds/bin/gnu/h-x86_64-mingw32/bin/../lib/gcc/nios2-elf/5.3.0/../../../../../H-x86_64-mingw32/nios2-elf/lib\libm.a
LOAD c:/software/intelfpga_lite/18.1/nios2eds/bin/gnu/h-x86_64-mingw32/bin/../lib/gcc/nios2-elf/5.3.0\libgcc.a
START GROUP
LOAD c:/software/intelfpga_lite/18.1/nios2eds/bin/gnu/h-x86_64-mingw32/bin/../lib/gcc/nios2-elf/5.3.0/../../../../../H-x86_64-mingw32/nios2-elf/lib\libsmallc.a
LOAD c:/software/intelfpga_lite/18.1/nios2eds/bin/gnu/h-x86_64-mingw32/bin/../lib/gcc/nios2-elf/5.3.0\libgcc.a
LOAD ../print_nios_bsp/\libhal_bsp.a
LOAD c:/software/intelfpga_lite/18.1/nios2eds/bin/gnu/h-x86_64-mingw32/bin/../lib/gcc/nios2-elf/5.3.0/../../../../../H-x86_64-mingw32/nios2-elf/lib\libm.a
END GROUP
LOAD c:/software/intelfpga_lite/18.1/nios2eds/bin/gnu/h-x86_64-mingw32/bin/../lib/gcc/nios2-elf/5.3.0\libgcc.a
                0x0000000000020000                __alt_mem_onchip_memory2_0 = 0x20000

.entry          0x0000000000020000       0x20
 *(.entry)
 .entry         0x0000000000020000       0x20 ../print_nios_bsp//obj/HAL/src/crt0.o
                0x0000000000020000                __reset
                0x000000000002001c                _exit

.exceptions     0x0000000000020020        0x0
                0x0000000000020020                PROVIDE (__ram_exceptions_start, ABSOLUTE (.))
                0x0000000000020020                . = ALIGN (0x20)
 *(.irq)
 *(.exceptions.entry.label)
 *(.exceptions.entry.user)
 *(.exceptions.entry.ecc_fatal)
 *(.exceptions.entry)
 *(.exceptions.irqtest.user)
 *(.exceptions.irqtest)
 *(.exceptions.irqhandler.user)
 *(.exceptions.irqhandler)
 *(.exceptions.irqreturn.user)
 *(.exceptions.irqreturn)
 *(.exceptions.notirq.label)
 *(.exceptions.notirq.user)
 *(.exceptions.notirq)
 *(.exceptions.soft.user)
 *(.exceptions.soft)
 *(.exceptions.unknown.user)
 *(.exceptions.unknown)
 *(.exceptions.exit.label)
 *(.exceptions.exit.user)
 *(.exceptions.exit)
 *(.exceptions)
                0x0000000000020020                PROVIDE (__ram_exceptions_end, ABSOLUTE (.))
                0x0000000000020020                PROVIDE (__flash_exceptions_start, LOADADDR (.exceptions))

.text           0x0000000000020020      0x280
                [!provide]                        PROVIDE (stext, ABSOLUTE (.))
 *(.interp)
 *(.hash)
 *(.dynsym)
 *(.dynstr)
 *(.gnu.version)
 *(.gnu.version_d)
 *(.gnu.version_r)
 *(.rel.init)
 *(.rela.init)
 *(.rel.text .rel.text.* .rel.gnu.linkonce.t.*)
 *(.rela.text .rela.text.* .rela.gnu.linkonce.t.*)
 *(.rel.fini)
 *(.rela.fini)
 *(.rel.rodata .rel.rodata.* .rel.gnu.linkonce.r.*)
 *(.rela.rodata .rela.rodata.* .rela.gnu.linkonce.r.*)
 *(.rel.data .rel.data.* .rel.gnu.linkonce.d.*)
 *(.rela.data .rela.data.* .rela.gnu.linkonce.d.*)
 *(.rel.tdata .rel.tdata.* .rel.gnu.linkonce.td.*)
 *(.rela.tdata .rela.tdata.* .rela.gnu.linkonce.td.*)
 *(.rel.tbss .rel.tbss.* .rel.gnu.linkonce.tb.*)
 *(.rela.tbss .rela.tbss.* .rela.gnu.linkonce.tb.*)
 *(.rel.ctors)
 *(.rela.ctors)
 *(.rel.dtors)
 *(.rela.dtors)
 *(.rel.got)
 *(.rela.got)
 *(.rel.sdata .rel.sdata.* .rel.gnu.linkonce.s.*)
 *(.rela.sdata .rela.sdata.* .rela.gnu.linkonce.s.*)
 *(.rel.sbss .rel.sbss.* .rel.gnu.linkonce.sb.*)
 *(.rela.sbss .rela.sbss.* .rela.gnu.linkonce.sb.*)
 *(.rel.sdata2 .rel.sdata2.* .rel.gnu.linkonce.s2.*)
 *(.rela.sdata2 .rela.sdata2.* .rela.gnu.linkonce.s2.*)
 *(.rel.sbss2 .rel.sbss2.* .rel.gnu.linkonce.sb2.*)
 *(.rela.sbss2 .rela.sbss2.* .rela.gnu.linkonce.sb2.*)
 *(.rel.bss .rel.bss.* .rel.gnu.linkonce.b.*)
 *(.rela.bss .rela.bss.* .rela.gnu.linkonce.b.*)
 *(.rel.plt)
 *(.rela.plt)
 *(.rel.dyn)
 *(.init)
 *(.plt)
 *(.text .stub .text.* .gnu.linkonce.t.*)
 .text          0x0000000000020020       0x4c ../print_nios_bsp//obj/HAL/src/crt0.o
                0x0000000000020020                _start
 .text          0x000000000002006c        0x0 obj/default/hello_world_small.o
 .text.startup  0x000000000002006c       0x18 obj/default/hello_world_small.o
                0x000000000002006c                main
 .text          0x0000000000020084       0xe0 ../print_nios_bsp/\libhal_bsp.a(alt_load.o)
                0x0000000000020084                alt_load
 .text          0x0000000000020164       0x2c ../print_nios_bsp/\libhal_bsp.a(alt_main.o)
                0x0000000000020164                alt_main
 .text          0x0000000000020190       0x38 ../print_nios_bsp/\libhal_bsp.a(alt_putstr.o)
                0x0000000000020190                alt_putstr
 .text          0x00000000000201c8       0x24 ../print_nios_bsp/\libhal_bsp.a(alt_sys_init.o)
                0x00000000000201c8                alt_irq_init
                0x00000000000201e8                alt_sys_init
 .text          0x00000000000201ec       0x34 ../print_nios_bsp/\libhal_bsp.a(altera_avalon_jtag_uart_write.o)
                0x00000000000201ec                altera_avalon_jtag_uart_write
 .text          0x0000000000020220       0x18 ../print_nios_bsp/\libhal_bsp.a(alt_dcache_flush_all.o)
                0x0000000000020220                alt_dcache_flush_all
 .text          0x0000000000020238        0xc ../print_nios_bsp/\libhal_bsp.a(alt_icache_flush_all.o)
                0x0000000000020238                alt_icache_flush_all
 .text          0x0000000000020244        0x8 ../print_nios_bsp/\libhal_bsp.a(altera_nios2_gen2_irq.o)
                0x0000000000020244                altera_nios2_gen2_irq_init
 .text          0x000000000002024c       0x38 ../print_nios_bsp/\libhal_bsp.a(alt_icache_flush.o)
                0x000000000002024c                alt_icache_flush
 .text          0x0000000000020284        0x0 c:/software/intelfpga_lite/18.1/nios2eds/bin/gnu/h-x86_64-mingw32/bin/../lib/gcc/nios2-elf/5.3.0/../../../../../H-x86_64-mingw32/nios2-elf/lib\libsmallc.a(lib_a-strlen.o)
 .text.strlen   0x0000000000020284       0x1c c:/software/intelfpga_lite/18.1/nios2eds/bin/gnu/h-x86_64-mingw32/bin/../lib/gcc/nios2-elf/5.3.0/../../../../../H-x86_64-mingw32/nios2-elf/lib\libsmallc.a(lib_a-strlen.o)
                0x0000000000020284                strlen
 *(.gnu.warning.*)
 *(.fini)
                [!provide]                        PROVIDE (__etext, ABSOLUTE (.))
                [!provide]                        PROVIDE (_etext, ABSOLUTE (.))
                [!provide]                        PROVIDE (etext, ABSOLUTE (.))
 *(.eh_frame_hdr)
                0x00000000000202a0                . = ALIGN (0x4)
                [!provide]                        PROVIDE (__preinit_array_start, ABSOLUTE (.))
 *(.preinit_array)
                [!provide]                        PROVIDE (__preinit_array_end, ABSOLUTE (.))
                [!provide]                        PROVIDE (__init_array_start, ABSOLUTE (.))
 *(.init_array)
                [!provide]                        PROVIDE (__init_array_end, ABSOLUTE (.))
                [!provide]                        PROVIDE (__fini_array_start, ABSOLUTE (.))
 *(.fini_array)
                [!provide]                        PROVIDE (__fini_array_end, ABSOLUTE (.))
 *(.eh_frame)
 *(.gcc_except_table .gcc_except_table.*)
 *(.dynamic)
                [!provide]                        PROVIDE (__CTOR_LIST__, ABSOLUTE (.))
 *(.ctors)
 *(SORT(.ctors.*))
                [!provide]                        PROVIDE (__CTOR_END__, ABSOLUTE (.))
                [!provide]                        PROVIDE (__DTOR_LIST__, ABSOLUTE (.))
 *(.dtors)
 *(SORT(.dtors.*))
                [!provide]                        PROVIDE (__DTOR_END__, ABSOLUTE (.))
 *(.jcr)
                0x00000000000202a0                . = ALIGN (0x4)

.rodata         0x00000000000202a0       0x18
                0x00000000000202a0                PROVIDE (__ram_rodata_start, ABSOLUTE (.))
                0x00000000000202a0                . = ALIGN (0x4)
 *(.rodata .rodata.* .gnu.linkonce.r.*)
 .rodata.str1.4
                0x00000000000202a0       0x18 obj/default/hello_world_small.o
                                         0x15 (size before relaxing)
 *(.rodata1)
                0x00000000000202b8                . = ALIGN (0x4)
                0x00000000000202b8                PROVIDE (__ram_rodata_end, ABSOLUTE (.))
                0x00000000000202a0                PROVIDE (__flash_rodata_start, LOADADDR (.rodata))

.rwdata         0x00000000000202b8        0x4 load address 0x00000000000202bc
                0x00000000000202b8                PROVIDE (__ram_rwdata_start, ABSOLUTE (.))
                0x00000000000202b8                . = ALIGN (0x4)
 *(.got.plt)
 *(.got)
 *(.data1)
 *(.data .data.* .gnu.linkonce.d.*)
 .data          0x00000000000202b8        0x0 ../print_nios_bsp//obj/HAL/src/crt0.o
 .data          0x00000000000202b8        0x0 obj/default/hello_world_small.o
 .data          0x00000000000202b8        0x0 ../print_nios_bsp/\libhal_bsp.a(alt_load.o)
 .data          0x00000000000202b8        0x0 ../print_nios_bsp/\libhal_bsp.a(alt_main.o)
 .data          0x00000000000202b8        0x0 ../print_nios_bsp/\libhal_bsp.a(alt_putstr.o)
 .data          0x00000000000202b8        0x0 ../print_nios_bsp/\libhal_bsp.a(alt_sys_init.o)
 .data          0x00000000000202b8        0x0 ../print_nios_bsp/\libhal_bsp.a(altera_avalon_jtag_uart_write.o)
 .data          0x00000000000202b8        0x0 ../print_nios_bsp/\libhal_bsp.a(alt_dcache_flush_all.o)
 .data          0x00000000000202b8        0x0 ../print_nios_bsp/\libhal_bsp.a(alt_icache_flush_all.o)
 .data          0x00000000000202b8        0x0 ../print_nios_bsp/\libhal_bsp.a(altera_nios2_gen2_irq.o)
 .data          0x00000000000202b8        0x0 ../print_nios_bsp/\libhal_bsp.a(alt_icache_flush.o)
 .data          0x00000000000202b8        0x0 c:/software/intelfpga_lite/18.1/nios2eds/bin/gnu/h-x86_64-mingw32/bin/../lib/gcc/nios2-elf/5.3.0/../../../../../H-x86_64-mingw32/nios2-elf/lib\libsmallc.a(lib_a-strlen.o)
                0x00000000000282b8                _gp = ABSOLUTE ((. + 0x8000))
                [!provide]                        PROVIDE (gp, _gp)
 *(.rwdata .rwdata.*)
 *(.sdata .sdata.* .gnu.linkonce.s.*)
 .sdata         0x00000000000202b8        0x4 ../print_nios_bsp/\libhal_bsp.a(alt_sys_init.o)
                0x00000000000202b8                jtag_uart_0
 *(.sdata2 .sdata2.* .gnu.linkonce.s2.*)
                0x00000000000202bc                . = ALIGN (0x4)
                0x00000000000202bc                _edata = ABSOLUTE (.)
                [!provide]                        PROVIDE (edata, ABSOLUTE (.))
                0x00000000000202bc                PROVIDE (__ram_rwdata_end, ABSOLUTE (.))
                0x00000000000202bc                PROVIDE (__flash_rwdata_start, LOADADDR (.rwdata))

.bss            0x00000000000202c0        0xc
                0x00000000000202c0                __bss_start = ABSOLUTE (.)
                [!provide]                        PROVIDE (__sbss_start, ABSOLUTE (.))
                [!provide]                        PROVIDE (___sbss_start, ABSOLUTE (.))
 *(.dynsbss)
 *(.sbss .sbss.* .gnu.linkonce.sb.*)
 .sbss          0x00000000000202c0        0xc ../print_nios_bsp/\libhal_bsp.a(alt_main.o)
                0x00000000000202c0                alt_envp
                0x00000000000202c4                alt_argv
                0x00000000000202c8                alt_argc
 *(.sbss2 .sbss2.* .gnu.linkonce.sb2.*)
 *(.scommon)
                [!provide]                        PROVIDE (__sbss_end, ABSOLUTE (.))
                [!provide]                        PROVIDE (___sbss_end, ABSOLUTE (.))
 *(.dynbss)
 *(.bss .bss.* .gnu.linkonce.b.*)
 .bss           0x00000000000202cc        0x0 ../print_nios_bsp//obj/HAL/src/crt0.o
 .bss           0x00000000000202cc        0x0 obj/default/hello_world_small.o
 .bss           0x00000000000202cc        0x0 ../print_nios_bsp/\libhal_bsp.a(alt_load.o)
 .bss           0x00000000000202cc        0x0 ../print_nios_bsp/\libhal_bsp.a(alt_main.o)
 .bss           0x00000000000202cc        0x0 ../print_nios_bsp/\libhal_bsp.a(alt_putstr.o)
 .bss           0x00000000000202cc        0x0 ../print_nios_bsp/\libhal_bsp.a(alt_sys_init.o)
 .bss           0x00000000000202cc        0x0 ../print_nios_bsp/\libhal_bsp.a(altera_avalon_jtag_uart_write.o)
 .bss           0x00000000000202cc        0x0 ../print_nios_bsp/\libhal_bsp.a(alt_dcache_flush_all.o)
 .bss           0x00000000000202cc        0x0 ../print_nios_bsp/\libhal_bsp.a(alt_icache_flush_all.o)
 .bss           0x00000000000202cc        0x0 ../print_nios_bsp/\libhal_bsp.a(altera_nios2_gen2_irq.o)
 .bss           0x00000000000202cc        0x0 ../print_nios_bsp/\libhal_bsp.a(alt_icache_flush.o)
 .bss           0x00000000000202cc        0x0 c:/software/intelfpga_lite/18.1/nios2eds/bin/gnu/h-x86_64-mingw32/bin/../lib/gcc/nios2-elf/5.3.0/../../../../../H-x86_64-mingw32/nios2-elf/lib\libsmallc.a(lib_a-strlen.o)
 *(COMMON)
                0x00000000000202cc                . = ALIGN (0x4)
                0x00000000000202cc                __bss_end = ABSOLUTE (.)

.onchip_memory2_0
                0x00000000000202cc        0x0
                [!provide]                        PROVIDE (_alt_partition_onchip_memory2_0_start, ABSOLUTE (.))
 *(.onchip_memory2_0 .onchip_memory2_0. onchip_memory2_0.*)
                0x00000000000202cc                . = ALIGN (0x4)
                [!provide]                        PROVIDE (_alt_partition_onchip_memory2_0_end, ABSOLUTE (.))
                0x00000000000202cc                _end = ABSOLUTE (.)
                0x00000000000202cc                end = ABSOLUTE (.)
                0x00000000000202cc                __alt_stack_base = ABSOLUTE (.)
                [!provide]                        PROVIDE (_alt_partition_onchip_memory2_0_load_addr, LOADADDR (.onchip_memory2_0))

.stab
 *(.stab)

.stabstr
 *(.stabstr)

.stab.excl
 *(.stab.excl)

.stab.exclstr
 *(.stab.exclstr)

.stab.index
 *(.stab.index)

.stab.indexstr
 *(.stab.indexstr)

.comment        0x0000000000000000       0x23
 *(.comment)
 .comment       0x0000000000000000       0x23 obj/default/hello_world_small.o
                                         0x24 (size before relaxing)
 .comment       0x0000000000000023       0x24 ../print_nios_bsp/\libhal_bsp.a(alt_load.o)
 .comment       0x0000000000000023       0x24 ../print_nios_bsp/\libhal_bsp.a(alt_main.o)
 .comment       0x0000000000000023       0x24 ../print_nios_bsp/\libhal_bsp.a(alt_putstr.o)
 .comment       0x0000000000000023       0x24 ../print_nios_bsp/\libhal_bsp.a(alt_sys_init.o)
 .comment       0x0000000000000023       0x24 ../print_nios_bsp/\libhal_bsp.a(altera_avalon_jtag_uart_write.o)
 .comment       0x0000000000000023       0x24 ../print_nios_bsp/\libhal_bsp.a(alt_dcache_flush_all.o)
 .comment       0x0000000000000023       0x24 ../print_nios_bsp/\libhal_bsp.a(alt_icache_flush_all.o)
 .comment       0x0000000000000023       0x24 ../print_nios_bsp/\libhal_bsp.a(altera_nios2_gen2_irq.o)
 .comment       0x0000000000000023       0x24 ../print_nios_bsp/\libhal_bsp.a(alt_icache_flush.o)
 .comment       0x0000000000000023       0x24 c:/software/intelfpga_lite/18.1/nios2eds/bin/gnu/h-x86_64-mingw32/bin/../lib/gcc/nios2-elf/5.3.0/../../../../../H-x86_64-mingw32/nios2-elf/lib\libsmallc.a(lib_a-strlen.o)

.debug
 *(.debug)

.line
 *(.line)

.debug_srcinfo
 *(.debug_srcinfo)

.debug_sfnames
 *(.debug_sfnames)

.debug_aranges  0x0000000000000000      0x188
 *(.debug_aranges)
 .debug_aranges
                0x0000000000000000       0x28 ../print_nios_bsp//obj/HAL/src/crt0.o
 .debug_aranges
                0x0000000000000028       0x20 obj/default/hello_world_small.o
 .debug_aranges
                0x0000000000000048       0x20 ../print_nios_bsp/\libhal_bsp.a(alt_load.o)
 .debug_aranges
                0x0000000000000068       0x20 ../print_nios_bsp/\libhal_bsp.a(alt_main.o)
 .debug_aranges
                0x0000000000000088       0x20 ../print_nios_bsp/\libhal_bsp.a(alt_putstr.o)
 .debug_aranges
                0x00000000000000a8       0x20 ../print_nios_bsp/\libhal_bsp.a(alt_sys_init.o)
 .debug_aranges
                0x00000000000000c8       0x20 ../print_nios_bsp/\libhal_bsp.a(altera_avalon_jtag_uart_write.o)
 .debug_aranges
                0x00000000000000e8       0x20 ../print_nios_bsp/\libhal_bsp.a(alt_dcache_flush_all.o)
 .debug_aranges
                0x0000000000000108       0x20 ../print_nios_bsp/\libhal_bsp.a(alt_icache_flush_all.o)
 .debug_aranges
                0x0000000000000128       0x20 ../print_nios_bsp/\libhal_bsp.a(altera_nios2_gen2_irq.o)
 .debug_aranges
                0x0000000000000148       0x20 ../print_nios_bsp/\libhal_bsp.a(alt_icache_flush.o)
 .debug_aranges
                0x0000000000000168       0x20 c:/software/intelfpga_lite/18.1/nios2eds/bin/gnu/h-x86_64-mingw32/bin/../lib/gcc/nios2-elf/5.3.0/../../../../../H-x86_64-mingw32/nios2-elf/lib\libsmallc.a(lib_a-strlen.o)

.debug_pubnames
 *(.debug_pubnames)

.debug_info     0x0000000000000000      0xc28
 *(.debug_info .gnu.linkonce.wi.*)
 .debug_info    0x0000000000000000       0x8c ../print_nios_bsp//obj/HAL/src/crt0.o
 .debug_info    0x000000000000008c       0x65 obj/default/hello_world_small.o
 .debug_info    0x00000000000000f1      0x1c9 ../print_nios_bsp/\libhal_bsp.a(alt_load.o)
 .debug_info    0x00000000000002ba      0x169 ../print_nios_bsp/\libhal_bsp.a(alt_main.o)
 .debug_info    0x0000000000000423      0x13a ../print_nios_bsp/\libhal_bsp.a(alt_putstr.o)
 .debug_info    0x000000000000055d      0x19d ../print_nios_bsp/\libhal_bsp.a(alt_sys_init.o)
 .debug_info    0x00000000000006fa      0x197 ../print_nios_bsp/\libhal_bsp.a(altera_avalon_jtag_uart_write.o)
 .debug_info    0x0000000000000891       0xa6 ../print_nios_bsp/\libhal_bsp.a(alt_dcache_flush_all.o)
 .debug_info    0x0000000000000937       0xb8 ../print_nios_bsp/\libhal_bsp.a(alt_icache_flush_all.o)
 .debug_info    0x00000000000009ef       0x92 ../print_nios_bsp/\libhal_bsp.a(altera_nios2_gen2_irq.o)
 .debug_info    0x0000000000000a81       0xde ../print_nios_bsp/\libhal_bsp.a(alt_icache_flush.o)
 .debug_info    0x0000000000000b5f       0xc9 c:/software/intelfpga_lite/18.1/nios2eds/bin/gnu/h-x86_64-mingw32/bin/../lib/gcc/nios2-elf/5.3.0/../../../../../H-x86_64-mingw32/nios2-elf/lib\libsmallc.a(lib_a-strlen.o)

.debug_abbrev   0x0000000000000000      0x717
 *(.debug_abbrev)
 .debug_abbrev  0x0000000000000000       0x12 ../print_nios_bsp//obj/HAL/src/crt0.o
 .debug_abbrev  0x0000000000000012       0x64 obj/default/hello_world_small.o
 .debug_abbrev  0x0000000000000076       0xd8 ../print_nios_bsp/\libhal_bsp.a(alt_load.o)
 .debug_abbrev  0x000000000000014e       0xee ../print_nios_bsp/\libhal_bsp.a(alt_main.o)
 .debug_abbrev  0x000000000000023c       0xd3 ../print_nios_bsp/\libhal_bsp.a(alt_putstr.o)
 .debug_abbrev  0x000000000000030f      0x10e ../print_nios_bsp/\libhal_bsp.a(alt_sys_init.o)
 .debug_abbrev  0x000000000000041d       0xd5 ../print_nios_bsp/\libhal_bsp.a(altera_avalon_jtag_uart_write.o)
 .debug_abbrev  0x00000000000004f2       0x5a ../print_nios_bsp/\libhal_bsp.a(alt_dcache_flush_all.o)
 .debug_abbrev  0x000000000000054c       0x6f ../print_nios_bsp/\libhal_bsp.a(alt_icache_flush_all.o)
 .debug_abbrev  0x00000000000005bb       0x42 ../print_nios_bsp/\libhal_bsp.a(altera_nios2_gen2_irq.o)
 .debug_abbrev  0x00000000000005fd       0x9b ../print_nios_bsp/\libhal_bsp.a(alt_icache_flush.o)
 .debug_abbrev  0x0000000000000698       0x7f c:/software/intelfpga_lite/18.1/nios2eds/bin/gnu/h-x86_64-mingw32/bin/../lib/gcc/nios2-elf/5.3.0/../../../../../H-x86_64-mingw32/nios2-elf/lib\libsmallc.a(lib_a-strlen.o)

.debug_line     0x0000000000000000      0x7eb
 *(.debug_line)
 .debug_line    0x0000000000000000       0x72 ../print_nios_bsp//obj/HAL/src/crt0.o
 .debug_line    0x0000000000000072       0x77 obj/default/hello_world_small.o
 .debug_line    0x00000000000000e9       0xa4 ../print_nios_bsp/\libhal_bsp.a(alt_load.o)
 .debug_line    0x000000000000018d       0xbd ../print_nios_bsp/\libhal_bsp.a(alt_main.o)
 .debug_line    0x000000000000024a       0xa9 ../print_nios_bsp/\libhal_bsp.a(alt_putstr.o)
 .debug_line    0x00000000000002f3      0x11a ../print_nios_bsp/\libhal_bsp.a(alt_sys_init.o)
 .debug_line    0x000000000000040d       0xf0 ../print_nios_bsp/\libhal_bsp.a(altera_avalon_jtag_uart_write.o)
 .debug_line    0x00000000000004fd       0x5a ../print_nios_bsp/\libhal_bsp.a(alt_dcache_flush_all.o)
 .debug_line    0x0000000000000557       0x6e ../print_nios_bsp/\libhal_bsp.a(alt_icache_flush_all.o)
 .debug_line    0x00000000000005c5       0x50 ../print_nios_bsp/\libhal_bsp.a(altera_nios2_gen2_irq.o)
 .debug_line    0x0000000000000615       0x7d ../print_nios_bsp/\libhal_bsp.a(alt_icache_flush.o)
 .debug_line    0x0000000000000692      0x159 c:/software/intelfpga_lite/18.1/nios2eds/bin/gnu/h-x86_64-mingw32/bin/../lib/gcc/nios2-elf/5.3.0/../../../../../H-x86_64-mingw32/nios2-elf/lib\libsmallc.a(lib_a-strlen.o)

.debug_frame    0x0000000000000000      0x1b0
 *(.debug_frame)
 .debug_frame   0x0000000000000000       0x28 obj/default/hello_world_small.o
 .debug_frame   0x0000000000000028       0x30 ../print_nios_bsp/\libhal_bsp.a(alt_load.o)
 .debug_frame   0x0000000000000058       0x2c ../print_nios_bsp/\libhal_bsp.a(alt_main.o)
 .debug_frame   0x0000000000000084       0x30 ../print_nios_bsp/\libhal_bsp.a(alt_putstr.o)
 .debug_frame   0x00000000000000b4       0x3c ../print_nios_bsp/\libhal_bsp.a(alt_sys_init.o)
 .debug_frame   0x00000000000000f0       0x20 ../print_nios_bsp/\libhal_bsp.a(altera_avalon_jtag_uart_write.o)
 .debug_frame   0x0000000000000110       0x20 ../print_nios_bsp/\libhal_bsp.a(alt_dcache_flush_all.o)
 .debug_frame   0x0000000000000130       0x20 ../print_nios_bsp/\libhal_bsp.a(alt_icache_flush_all.o)
 .debug_frame   0x0000000000000150       0x20 ../print_nios_bsp/\libhal_bsp.a(altera_nios2_gen2_irq.o)
 .debug_frame   0x0000000000000170       0x20 ../print_nios_bsp/\libhal_bsp.a(alt_icache_flush.o)
 .debug_frame   0x0000000000000190       0x20 c:/software/intelfpga_lite/18.1/nios2eds/bin/gnu/h-x86_64-mingw32/bin/../lib/gcc/nios2-elf/5.3.0/../../../../../H-x86_64-mingw32/nios2-elf/lib\libsmallc.a(lib_a-strlen.o)

.debug_str      0x0000000000000000      0x628
 *(.debug_str)
 .debug_str     0x0000000000000000       0xb9 obj/default/hello_world_small.o
                                         0xbe (size before relaxing)
 .debug_str     0x00000000000000b9      0x1d8 ../print_nios_bsp/\libhal_bsp.a(alt_load.o)
                                        0x257 (size before relaxing)
 .debug_str     0x0000000000000291       0x8f ../print_nios_bsp/\libhal_bsp.a(alt_main.o)
                                        0x1d0 (size before relaxing)
 .debug_str     0x0000000000000320       0x66 ../print_nios_bsp/\libhal_bsp.a(alt_putstr.o)
                                        0x1ad (size before relaxing)
 .debug_str     0x0000000000000386       0xb9 ../print_nios_bsp/\libhal_bsp.a(alt_sys_init.o)
                                        0x279 (size before relaxing)
 .debug_str     0x000000000000043f       0x3f ../print_nios_bsp/\libhal_bsp.a(altera_avalon_jtag_uart_write.o)
                                        0x230 (size before relaxing)
 .debug_str     0x000000000000047e       0x1f ../print_nios_bsp/\libhal_bsp.a(alt_dcache_flush_all.o)
                                        0x170 (size before relaxing)
 .debug_str     0x000000000000049d       0x30 ../print_nios_bsp/\libhal_bsp.a(alt_icache_flush_all.o)
                                        0x181 (size before relaxing)
 .debug_str     0x00000000000004cd       0x20 ../print_nios_bsp/\libhal_bsp.a(altera_nios2_gen2_irq.o)
                                        0x177 (size before relaxing)
 .debug_str     0x00000000000004ed       0x1b ../print_nios_bsp/\libhal_bsp.a(alt_icache_flush.o)
                                        0x176 (size before relaxing)
 .debug_str     0x0000000000000508      0x120 c:/software/intelfpga_lite/18.1/nios2eds/bin/gnu/h-x86_64-mingw32/bin/../lib/gcc/nios2-elf/5.3.0/../../../../../H-x86_64-mingw32/nios2-elf/lib\libsmallc.a(lib_a-strlen.o)
                                        0x1cb (size before relaxing)

.debug_loc      0x0000000000000000      0x172
 *(.debug_loc)
 .debug_loc     0x0000000000000000       0x37 ../print_nios_bsp/\libhal_bsp.a(alt_putstr.o)
 .debug_loc     0x0000000000000037       0x21 ../print_nios_bsp/\libhal_bsp.a(alt_sys_init.o)
 .debug_loc     0x0000000000000058       0x8b ../print_nios_bsp/\libhal_bsp.a(altera_avalon_jtag_uart_write.o)
 .debug_loc     0x00000000000000e3       0x1f ../print_nios_bsp/\libhal_bsp.a(alt_dcache_flush_all.o)
 .debug_loc     0x0000000000000102       0x52 ../print_nios_bsp/\libhal_bsp.a(alt_icache_flush.o)
 .debug_loc     0x0000000000000154       0x1e c:/software/intelfpga_lite/18.1/nios2eds/bin/gnu/h-x86_64-mingw32/bin/../lib/gcc/nios2-elf/5.3.0/../../../../../H-x86_64-mingw32/nios2-elf/lib\libsmallc.a(lib_a-strlen.o)

.debug_macinfo
 *(.debug_macinfo)

.debug_weaknames
 *(.debug_weaknames)

.debug_funcnames
 *(.debug_funcnames)

.debug_typenames
 *(.debug_typenames)

.debug_varnames
 *(.debug_varnames)

.debug_alt_sim_info
                0x0000000000000000       0x30
 *(.debug_alt_sim_info)
 .debug_alt_sim_info
                0x0000000000000000       0x30 ../print_nios_bsp//obj/HAL/src/crt0.o
                0x00000000000386a0                __alt_data_end = 0x386a0
                0x00000000000386a0                PROVIDE (__alt_stack_pointer, __alt_data_end)
                [!provide]                        PROVIDE (__alt_stack_limit, __alt_stack_base)
                [!provide]                        PROVIDE (__alt_heap_start, end)
                [!provide]                        PROVIDE (__alt_heap_limit, 0x386a0)
OUTPUT(print_nios.elf elf32-littlenios2)

.debug_ranges   0x0000000000000000       0x98
 .debug_ranges  0x0000000000000000       0x20 ../print_nios_bsp//obj/HAL/src/crt0.o
 .debug_ranges  0x0000000000000020       0x10 obj/default/hello_world_small.o
 .debug_ranges  0x0000000000000030       0x48 ../print_nios_bsp/\libhal_bsp.a(alt_load.o)
 .debug_ranges  0x0000000000000078       0x10 ../print_nios_bsp/\libhal_bsp.a(alt_icache_flush.o)
 .debug_ranges  0x0000000000000088       0x10 c:/software/intelfpga_lite/18.1/nios2eds/bin/gnu/h-x86_64-mingw32/bin/../lib/gcc/nios2-elf/5.3.0/../../../../../H-x86_64-mingw32/nios2-elf/lib\libsmallc.a(lib_a-strlen.o)
