Archive member included to satisfy reference by file (symbol)

c:/software/intelfpga_lite/18.1/nios2eds/bin/gnu/h-x86_64-mingw32/bin/../lib/gcc/nios2-elf/5.3.0/mno-hw-mul\libgcc.a(lib2-divmod.o)
                              obj/default/hello_world_small.o (__udivsi3)
../colour_nios_bsp/\libhal_bsp.a(alt_load.o)
                              ../colour_nios_bsp//obj/HAL/src/crt0.o (alt_load)
../colour_nios_bsp/\libhal_bsp.a(alt_main.o)
                              ../colour_nios_bsp//obj/HAL/src/crt0.o (alt_main)
../colour_nios_bsp/\libhal_bsp.a(alt_putstr.o)
                              obj/default/hello_world_small.o (alt_putstr)
../colour_nios_bsp/\libhal_bsp.a(alt_sys_init.o)
                              ../colour_nios_bsp/\libhal_bsp.a(alt_main.o) (alt_irq_init)
../colour_nios_bsp/\libhal_bsp.a(altera_avalon_jtag_uart_write.o)
                              ../colour_nios_bsp/\libhal_bsp.a(alt_putstr.o) (altera_avalon_jtag_uart_write)
../colour_nios_bsp/\libhal_bsp.a(alt_dcache_flush_all.o)
                              ../colour_nios_bsp/\libhal_bsp.a(alt_load.o) (alt_dcache_flush_all)
../colour_nios_bsp/\libhal_bsp.a(alt_dev.o)
                              ../colour_nios_bsp/\libhal_bsp.a(alt_sys_init.o) (alt_dev_list)
../colour_nios_bsp/\libhal_bsp.a(alt_dev_llist_insert.o)
                              ../colour_nios_bsp/\libhal_bsp.a(alt_sys_init.o) (alt_dev_llist_insert)
../colour_nios_bsp/\libhal_bsp.a(alt_errno.o)
                              ../colour_nios_bsp/\libhal_bsp.a(alt_dev_llist_insert.o) (alt_errno)
../colour_nios_bsp/\libhal_bsp.a(alt_icache_flush_all.o)
                              ../colour_nios_bsp/\libhal_bsp.a(alt_load.o) (alt_icache_flush_all)
../colour_nios_bsp/\libhal_bsp.a(altera_nios2_gen2_irq.o)
                              ../colour_nios_bsp/\libhal_bsp.a(alt_sys_init.o) (altera_nios2_gen2_irq_init)
c:/software/intelfpga_lite/18.1/nios2eds/bin/gnu/h-x86_64-mingw32/bin/../lib/gcc/nios2-elf/5.3.0/../../../../../H-x86_64-mingw32/nios2-elf/lib/mno-hw-mul\libsmallc.a(lib_a-int_errno.o)
                              ../colour_nios_bsp/\libhal_bsp.a(alt_dev_llist_insert.o) (errno)
c:/software/intelfpga_lite/18.1/nios2eds/bin/gnu/h-x86_64-mingw32/bin/../lib/gcc/nios2-elf/5.3.0/../../../../../H-x86_64-mingw32/nios2-elf/lib/mno-hw-mul\libsmallc.a(lib_a-strlen.o)
                              ../colour_nios_bsp/\libhal_bsp.a(alt_putstr.o) (strlen)

Allocating common symbols
Common symbol       size              file

errno               0x4               c:/software/intelfpga_lite/18.1/nios2eds/bin/gnu/h-x86_64-mingw32/bin/../lib/gcc/nios2-elf/5.3.0/../../../../../H-x86_64-mingw32/nios2-elf/lib/mno-hw-mul\libsmallc.a(lib_a-int_errno.o)
SWITCHES            0x4               obj/default/hello_world_small.o
B                   0x4               obj/default/hello_world_small.o
G                   0x4               obj/default/hello_world_small.o
sd_fileh            0x2               obj/default/hello_world_small.o
R                   0x4               obj/default/hello_world_small.o

Memory Configuration

Name             Origin             Length             Attributes
reset            0x0000000000008000 0x0000000000000020
onchip_memory2_0 0x0000000000008020 0x0000000000007fe0
*default*        0x0000000000000000 0xffffffffffffffff

Linker script and memory map

LOAD ../colour_nios_bsp//obj/HAL/src/crt0.o
LOAD obj/default/hello_world_small.o
LOAD c:/software/intelfpga_lite/18.1/nios2eds/bin/gnu/h-x86_64-mingw32/bin/../lib/gcc/nios2-elf/5.3.0/../../../../../H-x86_64-mingw32/nios2-elf/lib/mno-hw-mul\libstdc++.a
LOAD c:/software/intelfpga_lite/18.1/nios2eds/bin/gnu/h-x86_64-mingw32/bin/../lib/gcc/nios2-elf/5.3.0/../../../../../H-x86_64-mingw32/nios2-elf/lib/mno-hw-mul\libm.a
LOAD c:/software/intelfpga_lite/18.1/nios2eds/bin/gnu/h-x86_64-mingw32/bin/../lib/gcc/nios2-elf/5.3.0/mno-hw-mul\libgcc.a
START GROUP
LOAD c:/software/intelfpga_lite/18.1/nios2eds/bin/gnu/h-x86_64-mingw32/bin/../lib/gcc/nios2-elf/5.3.0/../../../../../H-x86_64-mingw32/nios2-elf/lib/mno-hw-mul\libsmallc.a
LOAD c:/software/intelfpga_lite/18.1/nios2eds/bin/gnu/h-x86_64-mingw32/bin/../lib/gcc/nios2-elf/5.3.0/mno-hw-mul\libgcc.a
LOAD ../colour_nios_bsp/\libhal_bsp.a
LOAD c:/software/intelfpga_lite/18.1/nios2eds/bin/gnu/h-x86_64-mingw32/bin/../lib/gcc/nios2-elf/5.3.0/../../../../../H-x86_64-mingw32/nios2-elf/lib/mno-hw-mul\libm.a
END GROUP
LOAD c:/software/intelfpga_lite/18.1/nios2eds/bin/gnu/h-x86_64-mingw32/bin/../lib/gcc/nios2-elf/5.3.0/mno-hw-mul\libgcc.a
                0x0000000000008000                __alt_mem_onchip_memory2_0 = 0x8000

.entry          0x0000000000008000       0x20
 *(.entry)
 .entry         0x0000000000008000       0x20 ../colour_nios_bsp//obj/HAL/src/crt0.o
                0x0000000000008000                __reset
                0x000000000000800c                _exit

.exceptions     0x0000000000008020        0x0
                0x0000000000008020                PROVIDE (__ram_exceptions_start, ABSOLUTE (.))
                0x0000000000008020                . = ALIGN (0x20)
 *(.irq)
 *(.exceptions.entry.label)
 *(.exceptions.entry.user)
 *(.exceptions.entry.ecc_fatal)
 *(.exceptions.entry)
 *(.exceptions.irqtest.user)
 *(.exceptions.irqtest)
 *(.exceptions.irqhandler.user)
 *(.exceptions.irqhandler)
 *(.exceptions.irqreturn.user)
 *(.exceptions.irqreturn)
 *(.exceptions.notirq.label)
 *(.exceptions.notirq.user)
 *(.exceptions.notirq)
 *(.exceptions.soft.user)
 *(.exceptions.soft)
 *(.exceptions.unknown.user)
 *(.exceptions.unknown)
 *(.exceptions.exit.label)
 *(.exceptions.exit.user)
 *(.exceptions.exit)
 *(.exceptions)
                0x0000000000008020                PROVIDE (__ram_exceptions_end, ABSOLUTE (.))
                0x0000000000008020                PROVIDE (__flash_exceptions_start, LOADADDR (.exceptions))

.text           0x0000000000008020      0x5b8
                [!provide]                        PROVIDE (stext, ABSOLUTE (.))
 *(.interp)
 *(.hash)
 *(.dynsym)
 *(.dynstr)
 *(.gnu.version)
 *(.gnu.version_d)
 *(.gnu.version_r)
 *(.rel.init)
 *(.rela.init)
 *(.rel.text .rel.text.* .rel.gnu.linkonce.t.*)
 *(.rela.text .rela.text.* .rela.gnu.linkonce.t.*)
 *(.rel.fini)
 *(.rela.fini)
 *(.rel.rodata .rel.rodata.* .rel.gnu.linkonce.r.*)
 *(.rela.rodata .rela.rodata.* .rela.gnu.linkonce.r.*)
 *(.rel.data .rel.data.* .rel.gnu.linkonce.d.*)
 *(.rela.data .rela.data.* .rela.gnu.linkonce.d.*)
 *(.rel.tdata .rel.tdata.* .rel.gnu.linkonce.td.*)
 *(.rela.tdata .rela.tdata.* .rela.gnu.linkonce.td.*)
 *(.rel.tbss .rel.tbss.* .rel.gnu.linkonce.tb.*)
 *(.rela.tbss .rela.tbss.* .rela.gnu.linkonce.tb.*)
 *(.rel.ctors)
 *(.rela.ctors)
 *(.rel.dtors)
 *(.rela.dtors)
 *(.rel.got)
 *(.rela.got)
 *(.rel.sdata .rel.sdata.* .rel.gnu.linkonce.s.*)
 *(.rela.sdata .rela.sdata.* .rela.gnu.linkonce.s.*)
 *(.rel.sbss .rel.sbss.* .rel.gnu.linkonce.sb.*)
 *(.rela.sbss .rela.sbss.* .rela.gnu.linkonce.sb.*)
 *(.rel.sdata2 .rel.sdata2.* .rel.gnu.linkonce.s2.*)
 *(.rela.sdata2 .rela.sdata2.* .rela.gnu.linkonce.s2.*)
 *(.rel.sbss2 .rel.sbss2.* .rel.gnu.linkonce.sb2.*)
 *(.rela.sbss2 .rela.sbss2.* .rela.gnu.linkonce.sb2.*)
 *(.rel.bss .rel.bss.* .rel.gnu.linkonce.b.*)
 *(.rela.bss .rela.bss.* .rela.gnu.linkonce.b.*)
 *(.rel.plt)
 *(.rela.plt)
 *(.rel.dyn)
 *(.init)
 *(.plt)
 *(.text .stub .text.* .gnu.linkonce.t.*)
 .text          0x0000000000008020       0x3c ../colour_nios_bsp//obj/HAL/src/crt0.o
                0x0000000000008020                _start
 .text          0x000000000000805c       0x88 obj/default/hello_world_small.o
                0x000000000000805c                redFilter
                0x0000000000008068                greenFilter
                0x0000000000008074                blueFilter
                0x0000000000008080                grayScale
                0x00000000000080e0                Sobel
 .text.startup  0x00000000000080e4       0xf8 obj/default/hello_world_small.o
                0x00000000000080e4                main
 .text          0x00000000000081dc      0x1b4 c:/software/intelfpga_lite/18.1/nios2eds/bin/gnu/h-x86_64-mingw32/bin/../lib/gcc/nios2-elf/5.3.0/mno-hw-mul\libgcc.a(lib2-divmod.o)
                0x00000000000081dc                __divsi3
                0x0000000000008260                __modsi3
                0x00000000000082d4                __udivsi3
                0x0000000000008338                __umodsi3
 .text          0x0000000000008390       0xe0 ../colour_nios_bsp/\libhal_bsp.a(alt_load.o)
                0x0000000000008390                alt_load
 .text          0x0000000000008470       0x2c ../colour_nios_bsp/\libhal_bsp.a(alt_main.o)
                0x0000000000008470                alt_main
 .text          0x000000000000849c       0x38 ../colour_nios_bsp/\libhal_bsp.a(alt_putstr.o)
                0x000000000000849c                alt_putstr
 .text          0x00000000000084d4       0x30 ../colour_nios_bsp/\libhal_bsp.a(alt_sys_init.o)
                0x00000000000084d4                alt_irq_init
                0x00000000000084f4                alt_sys_init
 .text          0x0000000000008504       0x34 ../colour_nios_bsp/\libhal_bsp.a(altera_avalon_jtag_uart_write.o)
                0x0000000000008504                altera_avalon_jtag_uart_write
 .text          0x0000000000008538        0x4 ../colour_nios_bsp/\libhal_bsp.a(alt_dcache_flush_all.o)
                0x0000000000008538                alt_dcache_flush_all
 .text          0x000000000000853c        0x8 ../colour_nios_bsp/\libhal_bsp.a(alt_dev.o)
 .text          0x0000000000008544       0x6c ../colour_nios_bsp/\libhal_bsp.a(alt_dev_llist_insert.o)
                0x0000000000008544                alt_dev_llist_insert
 .text          0x00000000000085b0        0x0 ../colour_nios_bsp/\libhal_bsp.a(alt_errno.o)
 .text          0x00000000000085b0        0x4 ../colour_nios_bsp/\libhal_bsp.a(alt_icache_flush_all.o)
                0x00000000000085b0                alt_icache_flush_all
 .text          0x00000000000085b4        0x8 ../colour_nios_bsp/\libhal_bsp.a(altera_nios2_gen2_irq.o)
                0x00000000000085b4                altera_nios2_gen2_irq_init
 .text          0x00000000000085bc        0x0 c:/software/intelfpga_lite/18.1/nios2eds/bin/gnu/h-x86_64-mingw32/bin/../lib/gcc/nios2-elf/5.3.0/../../../../../H-x86_64-mingw32/nios2-elf/lib/mno-hw-mul\libsmallc.a(lib_a-int_errno.o)
 .text          0x00000000000085bc        0x0 c:/software/intelfpga_lite/18.1/nios2eds/bin/gnu/h-x86_64-mingw32/bin/../lib/gcc/nios2-elf/5.3.0/../../../../../H-x86_64-mingw32/nios2-elf/lib/mno-hw-mul\libsmallc.a(lib_a-strlen.o)
 .text.strlen   0x00000000000085bc       0x1c c:/software/intelfpga_lite/18.1/nios2eds/bin/gnu/h-x86_64-mingw32/bin/../lib/gcc/nios2-elf/5.3.0/../../../../../H-x86_64-mingw32/nios2-elf/lib/mno-hw-mul\libsmallc.a(lib_a-strlen.o)
                0x00000000000085bc                strlen
 *(.gnu.warning.*)
 *(.fini)
                [!provide]                        PROVIDE (__etext, ABSOLUTE (.))
                [!provide]                        PROVIDE (_etext, ABSOLUTE (.))
                [!provide]                        PROVIDE (etext, ABSOLUTE (.))
 *(.eh_frame_hdr)
                0x00000000000085d8                . = ALIGN (0x4)
                [!provide]                        PROVIDE (__preinit_array_start, ABSOLUTE (.))
 *(.preinit_array)
                [!provide]                        PROVIDE (__preinit_array_end, ABSOLUTE (.))
                [!provide]                        PROVIDE (__init_array_start, ABSOLUTE (.))
 *(.init_array)
                [!provide]                        PROVIDE (__init_array_end, ABSOLUTE (.))
                [!provide]                        PROVIDE (__fini_array_start, ABSOLUTE (.))
 *(.fini_array)
                [!provide]                        PROVIDE (__fini_array_end, ABSOLUTE (.))
 *(.eh_frame)
 *(.gcc_except_table .gcc_except_table.*)
 *(.dynamic)
                [!provide]                        PROVIDE (__CTOR_LIST__, ABSOLUTE (.))
 *(.ctors)
 *(SORT(.ctors.*))
                [!provide]                        PROVIDE (__CTOR_END__, ABSOLUTE (.))
                [!provide]                        PROVIDE (__DTOR_LIST__, ABSOLUTE (.))
 *(.dtors)
 *(SORT(.dtors.*))
                [!provide]                        PROVIDE (__DTOR_END__, ABSOLUTE (.))
 *(.jcr)
                0x00000000000085d8                . = ALIGN (0x4)

.rodata         0x00000000000085d8       0x50
                0x00000000000085d8                PROVIDE (__ram_rodata_start, ABSOLUTE (.))
                0x00000000000085d8                . = ALIGN (0x4)
 *(.rodata .rodata.* .gnu.linkonce.r.*)
 .rodata.str1.4
                0x00000000000085d8       0x15 obj/default/hello_world_small.o
 *fill*         0x00000000000085ed        0x3 
 .rodata.str1.4
                0x00000000000085f0       0x2a ../colour_nios_bsp/\libhal_bsp.a(alt_sys_init.o)
 *fill*         0x000000000000861a        0x2 
 .rodata.str1.4
                0x000000000000861c        0xc ../colour_nios_bsp/\libhal_bsp.a(alt_dev.o)
                                          0xa (size before relaxing)
 *(.rodata1)
                0x0000000000008628                . = ALIGN (0x4)
                0x0000000000008628                PROVIDE (__ram_rodata_end, ABSOLUTE (.))
                0x00000000000085d8                PROVIDE (__flash_rodata_start, LOADADDR (.rodata))

.rwdata         0x0000000000008628      0x2e8 load address 0x0000000000008910
                0x0000000000008628                PROVIDE (__ram_rwdata_start, ABSOLUTE (.))
                0x0000000000008628                . = ALIGN (0x4)
 *(.got.plt)
 *(.got)
 *(.data1)
 *(.data .data.* .gnu.linkonce.d.*)
 .data          0x0000000000008628        0x0 ../colour_nios_bsp//obj/HAL/src/crt0.o
 .data          0x0000000000008628      0x248 obj/default/hello_world_small.o
                0x0000000000008628                sobel_v
                0x000000000000864c                sobel_h
                0x0000000000008670                buffer
 .data          0x0000000000008870        0x0 c:/software/intelfpga_lite/18.1/nios2eds/bin/gnu/h-x86_64-mingw32/bin/../lib/gcc/nios2-elf/5.3.0/mno-hw-mul\libgcc.a(lib2-divmod.o)
 .data          0x0000000000008870        0x0 ../colour_nios_bsp/\libhal_bsp.a(alt_load.o)
 .data          0x0000000000008870        0x0 ../colour_nios_bsp/\libhal_bsp.a(alt_main.o)
 .data          0x0000000000008870        0x0 ../colour_nios_bsp/\libhal_bsp.a(alt_putstr.o)
 .data          0x0000000000008870       0x2c ../colour_nios_bsp/\libhal_bsp.a(alt_sys_init.o)
 .data          0x000000000000889c        0x0 ../colour_nios_bsp/\libhal_bsp.a(altera_avalon_jtag_uart_write.o)
 .data          0x000000000000889c        0x0 ../colour_nios_bsp/\libhal_bsp.a(alt_dcache_flush_all.o)
 .data          0x000000000000889c       0x58 ../colour_nios_bsp/\libhal_bsp.a(alt_dev.o)
                0x000000000000889c                alt_fd_list
                0x00000000000088cc                alt_dev_null
 .data          0x00000000000088f4        0x0 ../colour_nios_bsp/\libhal_bsp.a(alt_dev_llist_insert.o)
 .data          0x00000000000088f4        0x0 ../colour_nios_bsp/\libhal_bsp.a(alt_errno.o)
 .data          0x00000000000088f4        0x0 ../colour_nios_bsp/\libhal_bsp.a(alt_icache_flush_all.o)
 .data          0x00000000000088f4        0x0 ../colour_nios_bsp/\libhal_bsp.a(altera_nios2_gen2_irq.o)
 .data          0x00000000000088f4        0x0 c:/software/intelfpga_lite/18.1/nios2eds/bin/gnu/h-x86_64-mingw32/bin/../lib/gcc/nios2-elf/5.3.0/../../../../../H-x86_64-mingw32/nios2-elf/lib/mno-hw-mul\libsmallc.a(lib_a-int_errno.o)
 .data          0x00000000000088f4        0x0 c:/software/intelfpga_lite/18.1/nios2eds/bin/gnu/h-x86_64-mingw32/bin/../lib/gcc/nios2-elf/5.3.0/../../../../../H-x86_64-mingw32/nios2-elf/lib/mno-hw-mul\libsmallc.a(lib_a-strlen.o)
                0x00000000000108f4                _gp = ABSOLUTE ((. + 0x8000))
                [!provide]                        PROVIDE (gp, _gp)
 *(.rwdata .rwdata.*)
 *(.sdata .sdata.* .gnu.linkonce.s.*)
 .sdata         0x00000000000088f4        0x4 ../colour_nios_bsp/\libhal_bsp.a(alt_sys_init.o)
                0x00000000000088f4                jtag_uart_0
 .sdata         0x00000000000088f8       0x14 ../colour_nios_bsp/\libhal_bsp.a(alt_dev.o)
                0x00000000000088f8                alt_max_fd
                0x00000000000088fc                alt_dev_list
                0x0000000000008904                alt_fs_list
 .sdata         0x000000000000890c        0x4 ../colour_nios_bsp/\libhal_bsp.a(alt_errno.o)
                0x000000000000890c                alt_errno
 *(.sdata2 .sdata2.* .gnu.linkonce.s2.*)
                0x0000000000008910                . = ALIGN (0x4)
                0x0000000000008910                _edata = ABSOLUTE (.)
                [!provide]                        PROVIDE (edata, ABSOLUTE (.))
                0x0000000000008910                PROVIDE (__ram_rwdata_end, ABSOLUTE (.))
                0x0000000000008910                PROVIDE (__flash_rwdata_start, LOADADDR (.rwdata))

.bss            0x0000000000008bf8       0x24
                0x0000000000008bf8                __bss_start = ABSOLUTE (.)
                [!provide]                        PROVIDE (__sbss_start, ABSOLUTE (.))
                [!provide]                        PROVIDE (___sbss_start, ABSOLUTE (.))
 *(.dynsbss)
 *(.sbss .sbss.* .gnu.linkonce.sb.*)
 .sbss          0x0000000000008bf8       0x14 obj/default/hello_world_small.o
                0x0000000000008bf8                SWITCHES
                0x0000000000008bfc                B
                0x0000000000008c00                G
                0x0000000000008c04                sd_fileh
                0x0000000000008c08                R
 .sbss          0x0000000000008c0c        0xc ../colour_nios_bsp/\libhal_bsp.a(alt_main.o)
                0x0000000000008c0c                alt_envp
                0x0000000000008c10                alt_argv
                0x0000000000008c14                alt_argc
 .sbss          0x0000000000008c18        0x4 c:/software/intelfpga_lite/18.1/nios2eds/bin/gnu/h-x86_64-mingw32/bin/../lib/gcc/nios2-elf/5.3.0/../../../../../H-x86_64-mingw32/nios2-elf/lib/mno-hw-mul\libsmallc.a(lib_a-int_errno.o)
                0x0000000000008c18                errno
 *(.sbss2 .sbss2.* .gnu.linkonce.sb2.*)
 *(.scommon)
                [!provide]                        PROVIDE (__sbss_end, ABSOLUTE (.))
                [!provide]                        PROVIDE (___sbss_end, ABSOLUTE (.))
 *(.dynbss)
 *(.bss .bss.* .gnu.linkonce.b.*)
 .bss           0x0000000000008c1c        0x0 ../colour_nios_bsp//obj/HAL/src/crt0.o
 .bss           0x0000000000008c1c        0x0 obj/default/hello_world_small.o
 .bss           0x0000000000008c1c        0x0 c:/software/intelfpga_lite/18.1/nios2eds/bin/gnu/h-x86_64-mingw32/bin/../lib/gcc/nios2-elf/5.3.0/mno-hw-mul\libgcc.a(lib2-divmod.o)
 .bss           0x0000000000008c1c        0x0 ../colour_nios_bsp/\libhal_bsp.a(alt_load.o)
 .bss           0x0000000000008c1c        0x0 ../colour_nios_bsp/\libhal_bsp.a(alt_main.o)
 .bss           0x0000000000008c1c        0x0 ../colour_nios_bsp/\libhal_bsp.a(alt_putstr.o)
 .bss           0x0000000000008c1c        0x0 ../colour_nios_bsp/\libhal_bsp.a(alt_sys_init.o)
 .bss           0x0000000000008c1c        0x0 ../colour_nios_bsp/\libhal_bsp.a(altera_avalon_jtag_uart_write.o)
 .bss           0x0000000000008c1c        0x0 ../colour_nios_bsp/\libhal_bsp.a(alt_dcache_flush_all.o)
 .bss           0x0000000000008c1c        0x0 ../colour_nios_bsp/\libhal_bsp.a(alt_dev.o)
 .bss           0x0000000000008c1c        0x0 ../colour_nios_bsp/\libhal_bsp.a(alt_dev_llist_insert.o)
 .bss           0x0000000000008c1c        0x0 ../colour_nios_bsp/\libhal_bsp.a(alt_errno.o)
 .bss           0x0000000000008c1c        0x0 ../colour_nios_bsp/\libhal_bsp.a(alt_icache_flush_all.o)
 .bss           0x0000000000008c1c        0x0 ../colour_nios_bsp/\libhal_bsp.a(altera_nios2_gen2_irq.o)
 .bss           0x0000000000008c1c        0x0 c:/software/intelfpga_lite/18.1/nios2eds/bin/gnu/h-x86_64-mingw32/bin/../lib/gcc/nios2-elf/5.3.0/../../../../../H-x86_64-mingw32/nios2-elf/lib/mno-hw-mul\libsmallc.a(lib_a-int_errno.o)
 .bss           0x0000000000008c1c        0x0 c:/software/intelfpga_lite/18.1/nios2eds/bin/gnu/h-x86_64-mingw32/bin/../lib/gcc/nios2-elf/5.3.0/../../../../../H-x86_64-mingw32/nios2-elf/lib/mno-hw-mul\libsmallc.a(lib_a-strlen.o)
 *(COMMON)
                0x0000000000008c1c                . = ALIGN (0x4)
                0x0000000000008c1c                __bss_end = ABSOLUTE (.)

.onchip_memory2_0
                0x0000000000008c1c        0x0
                [!provide]                        PROVIDE (_alt_partition_onchip_memory2_0_start, ABSOLUTE (.))
 *(.onchip_memory2_0 .onchip_memory2_0. onchip_memory2_0.*)
                0x0000000000008c1c                . = ALIGN (0x4)
                [!provide]                        PROVIDE (_alt_partition_onchip_memory2_0_end, ABSOLUTE (.))
                0x0000000000008c1c                _end = ABSOLUTE (.)
                0x0000000000008c1c                end = ABSOLUTE (.)
                0x0000000000008c1c                __alt_stack_base = ABSOLUTE (.)
                [!provide]                        PROVIDE (_alt_partition_onchip_memory2_0_load_addr, LOADADDR (.onchip_memory2_0))

.stab
 *(.stab)

.stabstr
 *(.stabstr)

.stab.excl
 *(.stab.excl)

.stab.exclstr
 *(.stab.exclstr)

.stab.index
 *(.stab.index)

.stab.indexstr
 *(.stab.indexstr)

.comment        0x0000000000000000       0x23
 *(.comment)
 .comment       0x0000000000000000       0x23 obj/default/hello_world_small.o
                                         0x24 (size before relaxing)
 .comment       0x0000000000000023       0x24 c:/software/intelfpga_lite/18.1/nios2eds/bin/gnu/h-x86_64-mingw32/bin/../lib/gcc/nios2-elf/5.3.0/mno-hw-mul\libgcc.a(lib2-divmod.o)
 .comment       0x0000000000000023       0x24 ../colour_nios_bsp/\libhal_bsp.a(alt_load.o)
 .comment       0x0000000000000023       0x24 ../colour_nios_bsp/\libhal_bsp.a(alt_main.o)
 .comment       0x0000000000000023       0x24 ../colour_nios_bsp/\libhal_bsp.a(alt_putstr.o)
 .comment       0x0000000000000023       0x24 ../colour_nios_bsp/\libhal_bsp.a(alt_sys_init.o)
 .comment       0x0000000000000023       0x24 ../colour_nios_bsp/\libhal_bsp.a(altera_avalon_jtag_uart_write.o)
 .comment       0x0000000000000023       0x24 ../colour_nios_bsp/\libhal_bsp.a(alt_dcache_flush_all.o)
 .comment       0x0000000000000023       0x24 ../colour_nios_bsp/\libhal_bsp.a(alt_dev.o)
 .comment       0x0000000000000023       0x24 ../colour_nios_bsp/\libhal_bsp.a(alt_dev_llist_insert.o)
 .comment       0x0000000000000023       0x24 ../colour_nios_bsp/\libhal_bsp.a(alt_errno.o)
 .comment       0x0000000000000023       0x24 ../colour_nios_bsp/\libhal_bsp.a(alt_icache_flush_all.o)
 .comment       0x0000000000000023       0x24 ../colour_nios_bsp/\libhal_bsp.a(altera_nios2_gen2_irq.o)
 .comment       0x0000000000000023       0x24 c:/software/intelfpga_lite/18.1/nios2eds/bin/gnu/h-x86_64-mingw32/bin/../lib/gcc/nios2-elf/5.3.0/../../../../../H-x86_64-mingw32/nios2-elf/lib/mno-hw-mul\libsmallc.a(lib_a-int_errno.o)
 .comment       0x0000000000000023       0x24 c:/software/intelfpga_lite/18.1/nios2eds/bin/gnu/h-x86_64-mingw32/bin/../lib/gcc/nios2-elf/5.3.0/../../../../../H-x86_64-mingw32/nios2-elf/lib/mno-hw-mul\libsmallc.a(lib_a-strlen.o)

.debug
 *(.debug)

.line
 *(.line)

.debug_srcinfo
 *(.debug_srcinfo)

.debug_sfnames
 *(.debug_sfnames)

.debug_aranges  0x0000000000000000      0x200
 *(.debug_aranges)
 .debug_aranges
                0x0000000000000000       0x28 ../colour_nios_bsp//obj/HAL/src/crt0.o
 .debug_aranges
                0x0000000000000028       0x28 obj/default/hello_world_small.o
 .debug_aranges
                0x0000000000000050       0x20 c:/software/intelfpga_lite/18.1/nios2eds/bin/gnu/h-x86_64-mingw32/bin/../lib/gcc/nios2-elf/5.3.0/mno-hw-mul\libgcc.a(lib2-divmod.o)
 .debug_aranges
                0x0000000000000070       0x20 ../colour_nios_bsp/\libhal_bsp.a(alt_load.o)
 .debug_aranges
                0x0000000000000090       0x20 ../colour_nios_bsp/\libhal_bsp.a(alt_main.o)
 .debug_aranges
                0x00000000000000b0       0x20 ../colour_nios_bsp/\libhal_bsp.a(alt_putstr.o)
 .debug_aranges
                0x00000000000000d0       0x20 ../colour_nios_bsp/\libhal_bsp.a(alt_sys_init.o)
 .debug_aranges
                0x00000000000000f0       0x20 ../colour_nios_bsp/\libhal_bsp.a(altera_avalon_jtag_uart_write.o)
 .debug_aranges
                0x0000000000000110       0x20 ../colour_nios_bsp/\libhal_bsp.a(alt_dcache_flush_all.o)
 .debug_aranges
                0x0000000000000130       0x20 ../colour_nios_bsp/\libhal_bsp.a(alt_dev.o)
 .debug_aranges
                0x0000000000000150       0x20 ../colour_nios_bsp/\libhal_bsp.a(alt_dev_llist_insert.o)
 .debug_aranges
                0x0000000000000170       0x18 ../colour_nios_bsp/\libhal_bsp.a(alt_errno.o)
 .debug_aranges
                0x0000000000000188       0x20 ../colour_nios_bsp/\libhal_bsp.a(alt_icache_flush_all.o)
 .debug_aranges
                0x00000000000001a8       0x20 ../colour_nios_bsp/\libhal_bsp.a(altera_nios2_gen2_irq.o)
 .debug_aranges
                0x00000000000001c8       0x18 c:/software/intelfpga_lite/18.1/nios2eds/bin/gnu/h-x86_64-mingw32/bin/../lib/gcc/nios2-elf/5.3.0/../../../../../H-x86_64-mingw32/nios2-elf/lib/mno-hw-mul\libsmallc.a(lib_a-int_errno.o)
 .debug_aranges
                0x00000000000001e0       0x20 c:/software/intelfpga_lite/18.1/nios2eds/bin/gnu/h-x86_64-mingw32/bin/../lib/gcc/nios2-elf/5.3.0/../../../../../H-x86_64-mingw32/nios2-elf/lib/mno-hw-mul\libsmallc.a(lib_a-strlen.o)

.debug_pubnames
 *(.debug_pubnames)

.debug_info     0x0000000000000000     0x1b43
 *(.debug_info .gnu.linkonce.wi.*)
 .debug_info    0x0000000000000000       0x8f ../colour_nios_bsp//obj/HAL/src/crt0.o
 .debug_info    0x000000000000008f      0x3c3 obj/default/hello_world_small.o
 .debug_info    0x0000000000000452      0x2c6 c:/software/intelfpga_lite/18.1/nios2eds/bin/gnu/h-x86_64-mingw32/bin/../lib/gcc/nios2-elf/5.3.0/mno-hw-mul\libgcc.a(lib2-divmod.o)
 .debug_info    0x0000000000000718      0x1c9 ../colour_nios_bsp/\libhal_bsp.a(alt_load.o)
 .debug_info    0x00000000000008e1      0x169 ../colour_nios_bsp/\libhal_bsp.a(alt_main.o)
 .debug_info    0x0000000000000a4a      0x13a ../colour_nios_bsp/\libhal_bsp.a(alt_putstr.o)
 .debug_info    0x0000000000000b84      0x42d ../colour_nios_bsp/\libhal_bsp.a(alt_sys_init.o)
 .debug_info    0x0000000000000fb1      0x197 ../colour_nios_bsp/\libhal_bsp.a(altera_avalon_jtag_uart_write.o)
 .debug_info    0x0000000000001148       0x92 ../colour_nios_bsp/\libhal_bsp.a(alt_dcache_flush_all.o)
 .debug_info    0x00000000000011da      0x499 ../colour_nios_bsp/\libhal_bsp.a(alt_dev.o)
 .debug_info    0x0000000000001673      0x1b3 ../colour_nios_bsp/\libhal_bsp.a(alt_dev_llist_insert.o)
 .debug_info    0x0000000000001826       0xa6 ../colour_nios_bsp/\libhal_bsp.a(alt_errno.o)
 .debug_info    0x00000000000018cc       0x92 ../colour_nios_bsp/\libhal_bsp.a(alt_icache_flush_all.o)
 .debug_info    0x000000000000195e       0x92 ../colour_nios_bsp/\libhal_bsp.a(altera_nios2_gen2_irq.o)
 .debug_info    0x00000000000019f0       0x8a c:/software/intelfpga_lite/18.1/nios2eds/bin/gnu/h-x86_64-mingw32/bin/../lib/gcc/nios2-elf/5.3.0/../../../../../H-x86_64-mingw32/nios2-elf/lib/mno-hw-mul\libsmallc.a(lib_a-int_errno.o)
 .debug_info    0x0000000000001a7a       0xc9 c:/software/intelfpga_lite/18.1/nios2eds/bin/gnu/h-x86_64-mingw32/bin/../lib/gcc/nios2-elf/5.3.0/../../../../../H-x86_64-mingw32/nios2-elf/lib/mno-hw-mul\libsmallc.a(lib_a-strlen.o)

.debug_abbrev   0x0000000000000000      0xbcc
 *(.debug_abbrev)
 .debug_abbrev  0x0000000000000000       0x12 ../colour_nios_bsp//obj/HAL/src/crt0.o
 .debug_abbrev  0x0000000000000012      0x1ce obj/default/hello_world_small.o
 .debug_abbrev  0x00000000000001e0      0x10e c:/software/intelfpga_lite/18.1/nios2eds/bin/gnu/h-x86_64-mingw32/bin/../lib/gcc/nios2-elf/5.3.0/mno-hw-mul\libgcc.a(lib2-divmod.o)
 .debug_abbrev  0x00000000000002ee       0xd8 ../colour_nios_bsp/\libhal_bsp.a(alt_load.o)
 .debug_abbrev  0x00000000000003c6       0xee ../colour_nios_bsp/\libhal_bsp.a(alt_main.o)
 .debug_abbrev  0x00000000000004b4       0xd3 ../colour_nios_bsp/\libhal_bsp.a(alt_putstr.o)
 .debug_abbrev  0x0000000000000587      0x1a5 ../colour_nios_bsp/\libhal_bsp.a(alt_sys_init.o)
 .debug_abbrev  0x000000000000072c       0xd5 ../colour_nios_bsp/\libhal_bsp.a(altera_avalon_jtag_uart_write.o)
 .debug_abbrev  0x0000000000000801       0x42 ../colour_nios_bsp/\libhal_bsp.a(alt_dcache_flush_all.o)
 .debug_abbrev  0x0000000000000843       0xd9 ../colour_nios_bsp/\libhal_bsp.a(alt_dev.o)
 .debug_abbrev  0x000000000000091c      0x11c ../colour_nios_bsp/\libhal_bsp.a(alt_dev_llist_insert.o)
 .debug_abbrev  0x0000000000000a38       0x5a ../colour_nios_bsp/\libhal_bsp.a(alt_errno.o)
 .debug_abbrev  0x0000000000000a92       0x42 ../colour_nios_bsp/\libhal_bsp.a(alt_icache_flush_all.o)
 .debug_abbrev  0x0000000000000ad4       0x42 ../colour_nios_bsp/\libhal_bsp.a(altera_nios2_gen2_irq.o)
 .debug_abbrev  0x0000000000000b16       0x37 c:/software/intelfpga_lite/18.1/nios2eds/bin/gnu/h-x86_64-mingw32/bin/../lib/gcc/nios2-elf/5.3.0/../../../../../H-x86_64-mingw32/nios2-elf/lib/mno-hw-mul\libsmallc.a(lib_a-int_errno.o)
 .debug_abbrev  0x0000000000000b4d       0x7f c:/software/intelfpga_lite/18.1/nios2eds/bin/gnu/h-x86_64-mingw32/bin/../lib/gcc/nios2-elf/5.3.0/../../../../../H-x86_64-mingw32/nios2-elf/lib/mno-hw-mul\libsmallc.a(lib_a-strlen.o)

.debug_line     0x0000000000000000      0xbfa
 *(.debug_line)
 .debug_line    0x0000000000000000       0x66 ../colour_nios_bsp//obj/HAL/src/crt0.o
 .debug_line    0x0000000000000066      0x17b obj/default/hello_world_small.o
 .debug_line    0x00000000000001e1      0x105 c:/software/intelfpga_lite/18.1/nios2eds/bin/gnu/h-x86_64-mingw32/bin/../lib/gcc/nios2-elf/5.3.0/mno-hw-mul\libgcc.a(lib2-divmod.o)
 .debug_line    0x00000000000002e6       0xa4 ../colour_nios_bsp/\libhal_bsp.a(alt_load.o)
 .debug_line    0x000000000000038a       0xbd ../colour_nios_bsp/\libhal_bsp.a(alt_main.o)
 .debug_line    0x0000000000000447       0xa9 ../colour_nios_bsp/\libhal_bsp.a(alt_putstr.o)
 .debug_line    0x00000000000004f0      0x14b ../colour_nios_bsp/\libhal_bsp.a(alt_sys_init.o)
 .debug_line    0x000000000000063b       0xf0 ../colour_nios_bsp/\libhal_bsp.a(altera_avalon_jtag_uart_write.o)
 .debug_line    0x000000000000072b       0x4e ../colour_nios_bsp/\libhal_bsp.a(alt_dcache_flush_all.o)
 .debug_line    0x0000000000000779       0xff ../colour_nios_bsp/\libhal_bsp.a(alt_dev.o)
 .debug_line    0x0000000000000878       0xd8 ../colour_nios_bsp/\libhal_bsp.a(alt_dev_llist_insert.o)
 .debug_line    0x0000000000000950       0x51 ../colour_nios_bsp/\libhal_bsp.a(alt_errno.o)
 .debug_line    0x00000000000009a1       0x4e ../colour_nios_bsp/\libhal_bsp.a(alt_icache_flush_all.o)
 .debug_line    0x00000000000009ef       0x50 ../colour_nios_bsp/\libhal_bsp.a(altera_nios2_gen2_irq.o)
 .debug_line    0x0000000000000a3f       0x5f c:/software/intelfpga_lite/18.1/nios2eds/bin/gnu/h-x86_64-mingw32/bin/../lib/gcc/nios2-elf/5.3.0/../../../../../H-x86_64-mingw32/nios2-elf/lib/mno-hw-mul\libsmallc.a(lib_a-int_errno.o)
 .debug_line    0x0000000000000a9e      0x15c c:/software/intelfpga_lite/18.1/nios2eds/bin/gnu/h-x86_64-mingw32/bin/../lib/gcc/nios2-elf/5.3.0/../../../../../H-x86_64-mingw32/nios2-elf/lib/mno-hw-mul\libsmallc.a(lib_a-strlen.o)

.debug_frame    0x0000000000000000      0x2a0
 *(.debug_frame)
 .debug_frame   0x0000000000000000       0x9c obj/default/hello_world_small.o
 .debug_frame   0x000000000000009c       0x50 c:/software/intelfpga_lite/18.1/nios2eds/bin/gnu/h-x86_64-mingw32/bin/../lib/gcc/nios2-elf/5.3.0/mno-hw-mul\libgcc.a(lib2-divmod.o)
 .debug_frame   0x00000000000000ec       0x30 ../colour_nios_bsp/\libhal_bsp.a(alt_load.o)
 .debug_frame   0x000000000000011c       0x2c ../colour_nios_bsp/\libhal_bsp.a(alt_main.o)
 .debug_frame   0x0000000000000148       0x30 ../colour_nios_bsp/\libhal_bsp.a(alt_putstr.o)
 .debug_frame   0x0000000000000178       0x3c ../colour_nios_bsp/\libhal_bsp.a(alt_sys_init.o)
 .debug_frame   0x00000000000001b4       0x20 ../colour_nios_bsp/\libhal_bsp.a(altera_avalon_jtag_uart_write.o)
 .debug_frame   0x00000000000001d4       0x20 ../colour_nios_bsp/\libhal_bsp.a(alt_dcache_flush_all.o)
 .debug_frame   0x00000000000001f4       0x20 ../colour_nios_bsp/\libhal_bsp.a(alt_dev.o)
 .debug_frame   0x0000000000000214       0x2c ../colour_nios_bsp/\libhal_bsp.a(alt_dev_llist_insert.o)
 .debug_frame   0x0000000000000240       0x20 ../colour_nios_bsp/\libhal_bsp.a(alt_icache_flush_all.o)
 .debug_frame   0x0000000000000260       0x20 ../colour_nios_bsp/\libhal_bsp.a(altera_nios2_gen2_irq.o)
 .debug_frame   0x0000000000000280       0x20 c:/software/intelfpga_lite/18.1/nios2eds/bin/gnu/h-x86_64-mingw32/bin/../lib/gcc/nios2-elf/5.3.0/../../../../../H-x86_64-mingw32/nios2-elf/lib/mno-hw-mul\libsmallc.a(lib_a-strlen.o)

.debug_str      0x0000000000000000      0xafb
 *(.debug_str)
 .debug_str     0x0000000000000000      0x1cb obj/default/hello_world_small.o
                                        0x209 (size before relaxing)
 .debug_str     0x00000000000001cb      0x187 c:/software/intelfpga_lite/18.1/nios2eds/bin/gnu/h-x86_64-mingw32/bin/../lib/gcc/nios2-elf/5.3.0/mno-hw-mul\libgcc.a(lib2-divmod.o)
                                        0x1d2 (size before relaxing)
 .debug_str     0x0000000000000352      0x176 ../colour_nios_bsp/\libhal_bsp.a(alt_load.o)
                                        0x25d (size before relaxing)
 .debug_str     0x00000000000004c8       0x5e ../colour_nios_bsp/\libhal_bsp.a(alt_main.o)
                                        0x1d6 (size before relaxing)
 .debug_str     0x0000000000000526       0x66 ../colour_nios_bsp/\libhal_bsp.a(alt_putstr.o)
                                        0x1b3 (size before relaxing)
 .debug_str     0x000000000000058c      0x144 ../colour_nios_bsp/\libhal_bsp.a(alt_sys_init.o)
                                        0x31d (size before relaxing)
 .debug_str     0x00000000000006d0       0x32 ../colour_nios_bsp/\libhal_bsp.a(altera_avalon_jtag_uart_write.o)
                                        0x236 (size before relaxing)
 .debug_str     0x0000000000000702       0x1f ../colour_nios_bsp/\libhal_bsp.a(alt_dcache_flush_all.o)
                                        0x176 (size before relaxing)
 .debug_str     0x0000000000000721      0x12c ../colour_nios_bsp/\libhal_bsp.a(alt_dev.o)
                                        0x326 (size before relaxing)
 .debug_str     0x000000000000084d       0x4e ../colour_nios_bsp/\libhal_bsp.a(alt_dev_llist_insert.o)
                                        0x1ed (size before relaxing)
 .debug_str     0x000000000000089b       0x14 ../colour_nios_bsp/\libhal_bsp.a(alt_errno.o)
                                        0x166 (size before relaxing)
 .debug_str     0x00000000000008af       0x1f ../colour_nios_bsp/\libhal_bsp.a(alt_icache_flush_all.o)
                                        0x176 (size before relaxing)
 .debug_str     0x00000000000008ce       0x20 ../colour_nios_bsp/\libhal_bsp.a(altera_nios2_gen2_irq.o)
                                        0x17d (size before relaxing)
 .debug_str     0x00000000000008ee      0x134 c:/software/intelfpga_lite/18.1/nios2eds/bin/gnu/h-x86_64-mingw32/bin/../lib/gcc/nios2-elf/5.3.0/../../../../../H-x86_64-mingw32/nios2-elf/lib/mno-hw-mul\libsmallc.a(lib_a-int_errno.o)
                                        0x1d8 (size before relaxing)
 .debug_str     0x0000000000000a22       0xd9 c:/software/intelfpga_lite/18.1/nios2eds/bin/gnu/h-x86_64-mingw32/bin/../lib/gcc/nios2-elf/5.3.0/../../../../../H-x86_64-mingw32/nios2-elf/lib/mno-hw-mul\libsmallc.a(lib_a-strlen.o)
                                        0x1e5 (size before relaxing)

.debug_loc      0x0000000000000000      0x761
 *(.debug_loc)
 .debug_loc     0x0000000000000000      0x114 obj/default/hello_world_small.o
 .debug_loc     0x0000000000000114      0x4ce c:/software/intelfpga_lite/18.1/nios2eds/bin/gnu/h-x86_64-mingw32/bin/../lib/gcc/nios2-elf/5.3.0/mno-hw-mul\libgcc.a(lib2-divmod.o)
 .debug_loc     0x00000000000005e2       0x37 ../colour_nios_bsp/\libhal_bsp.a(alt_putstr.o)
 .debug_loc     0x0000000000000619       0x21 ../colour_nios_bsp/\libhal_bsp.a(alt_sys_init.o)
 .debug_loc     0x000000000000063a       0x8b ../colour_nios_bsp/\libhal_bsp.a(altera_avalon_jtag_uart_write.o)
 .debug_loc     0x00000000000006c5       0x7e ../colour_nios_bsp/\libhal_bsp.a(alt_dev_llist_insert.o)
 .debug_loc     0x0000000000000743       0x1e c:/software/intelfpga_lite/18.1/nios2eds/bin/gnu/h-x86_64-mingw32/bin/../lib/gcc/nios2-elf/5.3.0/../../../../../H-x86_64-mingw32/nios2-elf/lib/mno-hw-mul\libsmallc.a(lib_a-strlen.o)

.debug_macinfo
 *(.debug_macinfo)

.debug_weaknames
 *(.debug_weaknames)

.debug_funcnames
 *(.debug_funcnames)

.debug_typenames
 *(.debug_typenames)

.debug_varnames
 *(.debug_varnames)

.debug_alt_sim_info
                0x0000000000000000       0x10
 *(.debug_alt_sim_info)
 .debug_alt_sim_info
                0x0000000000000000       0x10 ../colour_nios_bsp//obj/HAL/src/crt0.o
                0x0000000000010000                __alt_data_end = 0x10000
                0x0000000000010000                PROVIDE (__alt_stack_pointer, __alt_data_end)
                [!provide]                        PROVIDE (__alt_stack_limit, __alt_stack_base)
                [!provide]                        PROVIDE (__alt_heap_start, end)
                [!provide]                        PROVIDE (__alt_heap_limit, 0x10000)
OUTPUT(colour_nios.elf elf32-littlenios2)

.debug_ranges   0x0000000000000000      0x128
 .debug_ranges  0x0000000000000000       0x20 ../colour_nios_bsp//obj/HAL/src/crt0.o
 .debug_ranges  0x0000000000000020       0x18 obj/default/hello_world_small.o
 .debug_ranges  0x0000000000000038       0x60 c:/software/intelfpga_lite/18.1/nios2eds/bin/gnu/h-x86_64-mingw32/bin/../lib/gcc/nios2-elf/5.3.0/mno-hw-mul\libgcc.a(lib2-divmod.o)
 .debug_ranges  0x0000000000000098       0x48 ../colour_nios_bsp/\libhal_bsp.a(alt_load.o)
 .debug_ranges  0x00000000000000e0       0x18 ../colour_nios_bsp/\libhal_bsp.a(alt_sys_init.o)
 .debug_ranges  0x00000000000000f8       0x20 ../colour_nios_bsp/\libhal_bsp.a(alt_dev_llist_insert.o)
 .debug_ranges  0x0000000000000118       0x10 c:/software/intelfpga_lite/18.1/nios2eds/bin/gnu/h-x86_64-mingw32/bin/../lib/gcc/nios2-elf/5.3.0/../../../../../H-x86_64-mingw32/nios2-elf/lib/mno-hw-mul\libsmallc.a(lib_a-strlen.o)
