Archive member included to satisfy reference by file (symbol)

c:/software/intelfpga_lite/18.1/nios2eds/bin/gnu/h-x86_64-mingw32/bin/../lib/gcc/nios2-elf/5.3.0/../../../../../H-x86_64-mingw32/nios2-elf/lib/mno-hw-mul\libsmallc.a(lib_a-printf.o)
                              obj/default/hello_world_small.o (printf)
c:/software/intelfpga_lite/18.1/nios2eds/bin/gnu/h-x86_64-mingw32/bin/../lib/gcc/nios2-elf/5.3.0/../../../../../H-x86_64-mingw32/nios2-elf/lib/mno-hw-mul\libsmallc.a(lib_a-puts.o)
                              obj/default/hello_world_small.o (puts)
c:/software/intelfpga_lite/18.1/nios2eds/bin/gnu/h-x86_64-mingw32/bin/../lib/gcc/nios2-elf/5.3.0/../../../../../H-x86_64-mingw32/nios2-elf/lib/mno-hw-mul\libsmallc.a(lib_a-strlen.o)
                              c:/software/intelfpga_lite/18.1/nios2eds/bin/gnu/h-x86_64-mingw32/bin/../lib/gcc/nios2-elf/5.3.0/../../../../../H-x86_64-mingw32/nios2-elf/lib/mno-hw-mul\libsmallc.a(lib_a-puts.o) (strlen)
c:/software/intelfpga_lite/18.1/nios2eds/bin/gnu/h-x86_64-mingw32/bin/../lib/gcc/nios2-elf/5.3.0/../../../../../H-x86_64-mingw32/nios2-elf/lib/mno-hw-mul\libsmallc.a(lib_a-vfprintf.o)
                              c:/software/intelfpga_lite/18.1/nios2eds/bin/gnu/h-x86_64-mingw32/bin/../lib/gcc/nios2-elf/5.3.0/../../../../../H-x86_64-mingw32/nios2-elf/lib/mno-hw-mul\libsmallc.a(lib_a-printf.o) (___vfprintf_internal_r)
c:/software/intelfpga_lite/18.1/nios2eds/bin/gnu/h-x86_64-mingw32/bin/../lib/gcc/nios2-elf/5.3.0/../../../../../H-x86_64-mingw32/nios2-elf/lib/mno-hw-mul\libsmallc.a(lib_a-fvwrite_small_dev.o)
                              c:/software/intelfpga_lite/18.1/nios2eds/bin/gnu/h-x86_64-mingw32/bin/../lib/gcc/nios2-elf/5.3.0/../../../../../H-x86_64-mingw32/nios2-elf/lib/mno-hw-mul\libsmallc.a(lib_a-printf.o) (__sfvwrite_small_dev)
c:/software/intelfpga_lite/18.1/nios2eds/bin/gnu/h-x86_64-mingw32/bin/../lib/gcc/nios2-elf/5.3.0/../../../../../H-x86_64-mingw32/nios2-elf/lib/mno-hw-mul\libsmallc.a(lib_a-impure.o)
                              c:/software/intelfpga_lite/18.1/nios2eds/bin/gnu/h-x86_64-mingw32/bin/../lib/gcc/nios2-elf/5.3.0/../../../../../H-x86_64-mingw32/nios2-elf/lib/mno-hw-mul\libsmallc.a(lib_a-printf.o) (_impure_ptr)
c:/software/intelfpga_lite/18.1/nios2eds/bin/gnu/h-x86_64-mingw32/bin/../lib/gcc/nios2-elf/5.3.0/../../../../../H-x86_64-mingw32/nios2-elf/lib/mno-hw-mul\libsmallc.a(lib_a-writer.o)
                              c:/software/intelfpga_lite/18.1/nios2eds/bin/gnu/h-x86_64-mingw32/bin/../lib/gcc/nios2-elf/5.3.0/../../../../../H-x86_64-mingw32/nios2-elf/lib/mno-hw-mul\libsmallc.a(lib_a-fvwrite_small_dev.o) (_write_r)
c:/software/intelfpga_lite/18.1/nios2eds/bin/gnu/h-x86_64-mingw32/bin/../lib/gcc/nios2-elf/5.3.0/../../../../../H-x86_64-mingw32/nios2-elf/lib/mno-hw-mul\libsmallc.a(lib_a-int_errno.o)
                              c:/software/intelfpga_lite/18.1/nios2eds/bin/gnu/h-x86_64-mingw32/bin/../lib/gcc/nios2-elf/5.3.0/../../../../../H-x86_64-mingw32/nios2-elf/lib/mno-hw-mul\libsmallc.a(lib_a-writer.o) (errno)
c:/software/intelfpga_lite/18.1/nios2eds/bin/gnu/h-x86_64-mingw32/bin/../lib/gcc/nios2-elf/5.3.0/mno-hw-mul\libgcc.a(lib2-divmod.o)
                              c:/software/intelfpga_lite/18.1/nios2eds/bin/gnu/h-x86_64-mingw32/bin/../lib/gcc/nios2-elf/5.3.0/../../../../../H-x86_64-mingw32/nios2-elf/lib/mno-hw-mul\libsmallc.a(lib_a-vfprintf.o) (__udivsi3)
c:/software/intelfpga_lite/18.1/nios2eds/bin/gnu/h-x86_64-mingw32/bin/../lib/gcc/nios2-elf/5.3.0/mno-hw-mul\libgcc.a(lib2-mul.o)
                              c:/software/intelfpga_lite/18.1/nios2eds/bin/gnu/h-x86_64-mingw32/bin/../lib/gcc/nios2-elf/5.3.0/../../../../../H-x86_64-mingw32/nios2-elf/lib/mno-hw-mul\libsmallc.a(lib_a-vfprintf.o) (__mulsi3)
../test_sd_bsp/\libhal_bsp.a(alt_load.o)
                              ../test_sd_bsp//obj/HAL/src/crt0.o (alt_load)
../test_sd_bsp/\libhal_bsp.a(alt_main.o)
                              ../test_sd_bsp//obj/HAL/src/crt0.o (alt_main)
../test_sd_bsp/\libhal_bsp.a(alt_usleep.o)
                              obj/default/hello_world_small.o (usleep)
../test_sd_bsp/\libhal_bsp.a(alt_write.o)
                              c:/software/intelfpga_lite/18.1/nios2eds/bin/gnu/h-x86_64-mingw32/bin/../lib/gcc/nios2-elf/5.3.0/../../../../../H-x86_64-mingw32/nios2-elf/lib/mno-hw-mul\libsmallc.a(lib_a-writer.o) (write)
../test_sd_bsp/\libhal_bsp.a(alt_sys_init.o)
                              ../test_sd_bsp/\libhal_bsp.a(alt_main.o) (alt_irq_init)
../test_sd_bsp/\libhal_bsp.a(Altera_UP_SD_Card_Avalon_Interface.o)
                              obj/default/hello_world_small.o (alt_up_sd_card_open_dev)
../test_sd_bsp/\libhal_bsp.a(altera_avalon_jtag_uart_write.o)
                              ../test_sd_bsp/\libhal_bsp.a(alt_write.o) (altera_avalon_jtag_uart_write)
../test_sd_bsp/\libhal_bsp.a(alt_busy_sleep.o)
                              ../test_sd_bsp/\libhal_bsp.a(alt_usleep.o) (alt_busy_sleep)
../test_sd_bsp/\libhal_bsp.a(alt_dcache_flush_all.o)
                              ../test_sd_bsp/\libhal_bsp.a(alt_load.o) (alt_dcache_flush_all)
../test_sd_bsp/\libhal_bsp.a(alt_dev.o)
                              ../test_sd_bsp/\libhal_bsp.a(alt_sys_init.o) (alt_dev_list)
../test_sd_bsp/\libhal_bsp.a(alt_dev_llist_insert.o)
                              ../test_sd_bsp/\libhal_bsp.a(alt_sys_init.o) (alt_dev_llist_insert)
../test_sd_bsp/\libhal_bsp.a(alt_errno.o)
                              ../test_sd_bsp/\libhal_bsp.a(alt_write.o) (alt_errno)
../test_sd_bsp/\libhal_bsp.a(alt_find_dev.o)
                              ../test_sd_bsp/\libhal_bsp.a(Altera_UP_SD_Card_Avalon_Interface.o) (alt_find_dev)
../test_sd_bsp/\libhal_bsp.a(alt_icache_flush_all.o)
                              ../test_sd_bsp/\libhal_bsp.a(alt_load.o) (alt_icache_flush_all)
../test_sd_bsp/\libhal_bsp.a(altera_nios2_gen2_irq.o)
                              ../test_sd_bsp/\libhal_bsp.a(alt_sys_init.o) (altera_nios2_gen2_irq_init)
c:/software/intelfpga_lite/18.1/nios2eds/bin/gnu/h-x86_64-mingw32/bin/../lib/gcc/nios2-elf/5.3.0/../../../../../H-x86_64-mingw32/nios2-elf/lib/mno-hw-mul\libsmallc.a(lib_a-memcmp.o)
                              ../test_sd_bsp/\libhal_bsp.a(alt_find_dev.o) (memcmp)
c:/software/intelfpga_lite/18.1/nios2eds/bin/gnu/h-x86_64-mingw32/bin/../lib/gcc/nios2-elf/5.3.0/../../../../../H-x86_64-mingw32/nios2-elf/lib/mno-hw-mul\libsmallc.a(lib_a-memcpy.o)
                              ../test_sd_bsp/\libhal_bsp.a(Altera_UP_SD_Card_Avalon_Interface.o) (memcpy)

Allocating common symbols
Common symbol       size              file

errno               0x4               c:/software/intelfpga_lite/18.1/nios2eds/bin/gnu/h-x86_64-mingw32/bin/../lib/gcc/nios2-elf/5.3.0/../../../../../H-x86_64-mingw32/nios2-elf/lib/mno-hw-mul\libsmallc.a(lib_a-int_errno.o)
search_data         0x14              ../test_sd_bsp/\libhal_bsp.a(Altera_UP_SD_Card_Avalon_Interface.o)
boot_sector_data    0x54              ../test_sd_bsp/\libhal_bsp.a(Altera_UP_SD_Card_Avalon_Interface.o)
sd_fileh            0x2               obj/default/hello_world_small.o
active_files        0x500             ../test_sd_bsp/\libhal_bsp.a(Altera_UP_SD_Card_Avalon_Interface.o)

Memory Configuration

Name             Origin             Length             Attributes
reset            0x0000000000010000 0x0000000000000020
onchip_memory2_0 0x0000000000010020 0x0000000000007fe0
*default*        0x0000000000000000 0xffffffffffffffff

Linker script and memory map

LOAD ../test_sd_bsp//obj/HAL/src/crt0.o
LOAD obj/default/hello_world_small.o
LOAD c:/software/intelfpga_lite/18.1/nios2eds/bin/gnu/h-x86_64-mingw32/bin/../lib/gcc/nios2-elf/5.3.0/../../../../../H-x86_64-mingw32/nios2-elf/lib/mno-hw-mul\libstdc++.a
LOAD c:/software/intelfpga_lite/18.1/nios2eds/bin/gnu/h-x86_64-mingw32/bin/../lib/gcc/nios2-elf/5.3.0/../../../../../H-x86_64-mingw32/nios2-elf/lib/mno-hw-mul\libm.a
LOAD c:/software/intelfpga_lite/18.1/nios2eds/bin/gnu/h-x86_64-mingw32/bin/../lib/gcc/nios2-elf/5.3.0/mno-hw-mul\libgcc.a
START GROUP
LOAD c:/software/intelfpga_lite/18.1/nios2eds/bin/gnu/h-x86_64-mingw32/bin/../lib/gcc/nios2-elf/5.3.0/../../../../../H-x86_64-mingw32/nios2-elf/lib/mno-hw-mul\libsmallc.a
LOAD c:/software/intelfpga_lite/18.1/nios2eds/bin/gnu/h-x86_64-mingw32/bin/../lib/gcc/nios2-elf/5.3.0/mno-hw-mul\libgcc.a
LOAD ../test_sd_bsp/\libhal_bsp.a
LOAD c:/software/intelfpga_lite/18.1/nios2eds/bin/gnu/h-x86_64-mingw32/bin/../lib/gcc/nios2-elf/5.3.0/../../../../../H-x86_64-mingw32/nios2-elf/lib/mno-hw-mul\libm.a
END GROUP
LOAD c:/software/intelfpga_lite/18.1/nios2eds/bin/gnu/h-x86_64-mingw32/bin/../lib/gcc/nios2-elf/5.3.0/mno-hw-mul\libgcc.a
                0x0000000000010000                __alt_mem_onchip_memory2_0 = 0x10000

.entry          0x0000000000010000       0x20
 *(.entry)
 .entry         0x0000000000010000       0x20 ../test_sd_bsp//obj/HAL/src/crt0.o
                0x0000000000010000                __reset
                0x000000000001000c                _exit

.exceptions     0x0000000000010020        0x0
                0x0000000000010020                PROVIDE (__ram_exceptions_start, ABSOLUTE (.))
                0x0000000000010020                . = ALIGN (0x20)
 *(.irq)
 *(.exceptions.entry.label)
 *(.exceptions.entry.user)
 *(.exceptions.entry.ecc_fatal)
 *(.exceptions.entry)
 *(.exceptions.irqtest.user)
 *(.exceptions.irqtest)
 *(.exceptions.irqhandler.user)
 *(.exceptions.irqhandler)
 *(.exceptions.irqreturn.user)
 *(.exceptions.irqreturn)
 *(.exceptions.notirq.label)
 *(.exceptions.notirq.user)
 *(.exceptions.notirq)
 *(.exceptions.soft.user)
 *(.exceptions.soft)
 *(.exceptions.unknown.user)
 *(.exceptions.unknown)
 *(.exceptions.exit.label)
 *(.exceptions.exit.user)
 *(.exceptions.exit)
 *(.exceptions)
                0x0000000000010020                PROVIDE (__ram_exceptions_end, ABSOLUTE (.))
                0x0000000000010020                PROVIDE (__flash_exceptions_start, LOADADDR (.exceptions))

.text           0x0000000000010020     0x3024
                [!provide]                        PROVIDE (stext, ABSOLUTE (.))
 *(.interp)
 *(.hash)
 *(.dynsym)
 *(.dynstr)
 *(.gnu.version)
 *(.gnu.version_d)
 *(.gnu.version_r)
 *(.rel.init)
 *(.rela.init)
 *(.rel.text .rel.text.* .rel.gnu.linkonce.t.*)
 *(.rela.text .rela.text.* .rela.gnu.linkonce.t.*)
 *(.rel.fini)
 *(.rela.fini)
 *(.rel.rodata .rel.rodata.* .rel.gnu.linkonce.r.*)
 *(.rela.rodata .rela.rodata.* .rela.gnu.linkonce.r.*)
 *(.rel.data .rel.data.* .rel.gnu.linkonce.d.*)
 *(.rela.data .rela.data.* .rela.gnu.linkonce.d.*)
 *(.rel.tdata .rel.tdata.* .rel.gnu.linkonce.td.*)
 *(.rela.tdata .rela.tdata.* .rela.gnu.linkonce.td.*)
 *(.rel.tbss .rel.tbss.* .rel.gnu.linkonce.tb.*)
 *(.rela.tbss .rela.tbss.* .rela.gnu.linkonce.tb.*)
 *(.rel.ctors)
 *(.rela.ctors)
 *(.rel.dtors)
 *(.rela.dtors)
 *(.rel.got)
 *(.rela.got)
 *(.rel.sdata .rel.sdata.* .rel.gnu.linkonce.s.*)
 *(.rela.sdata .rela.sdata.* .rela.gnu.linkonce.s.*)
 *(.rel.sbss .rel.sbss.* .rel.gnu.linkonce.sb.*)
 *(.rela.sbss .rela.sbss.* .rela.gnu.linkonce.sb.*)
 *(.rel.sdata2 .rel.sdata2.* .rel.gnu.linkonce.s2.*)
 *(.rela.sdata2 .rela.sdata2.* .rela.gnu.linkonce.s2.*)
 *(.rel.sbss2 .rel.sbss2.* .rel.gnu.linkonce.sb2.*)
 *(.rela.sbss2 .rela.sbss2.* .rela.gnu.linkonce.sb2.*)
 *(.rel.bss .rel.bss.* .rel.gnu.linkonce.b.*)
 *(.rela.bss .rela.bss.* .rela.gnu.linkonce.b.*)
 *(.rel.plt)
 *(.rela.plt)
 *(.rel.dyn)
 *(.init)
 *(.plt)
 *(.text .stub .text.* .gnu.linkonce.t.*)
 .text          0x0000000000010020       0x3c ../test_sd_bsp//obj/HAL/src/crt0.o
                0x0000000000010020                _start
 .text          0x000000000001005c        0x0 obj/default/hello_world_small.o
 .text.startup  0x000000000001005c       0xdc obj/default/hello_world_small.o
                0x000000000001005c                main
 .text          0x0000000000010138        0x0 c:/software/intelfpga_lite/18.1/nios2eds/bin/gnu/h-x86_64-mingw32/bin/../lib/gcc/nios2-elf/5.3.0/../../../../../H-x86_64-mingw32/nios2-elf/lib/mno-hw-mul\libsmallc.a(lib_a-printf.o)
 .text._printf_r
                0x0000000000010138       0x3c c:/software/intelfpga_lite/18.1/nios2eds/bin/gnu/h-x86_64-mingw32/bin/../lib/gcc/nios2-elf/5.3.0/../../../../../H-x86_64-mingw32/nios2-elf/lib/mno-hw-mul\libsmallc.a(lib_a-printf.o)
                0x0000000000010138                _printf_r
 .text.printf   0x0000000000010174       0x4c c:/software/intelfpga_lite/18.1/nios2eds/bin/gnu/h-x86_64-mingw32/bin/../lib/gcc/nios2-elf/5.3.0/../../../../../H-x86_64-mingw32/nios2-elf/lib/mno-hw-mul\libsmallc.a(lib_a-printf.o)
                0x0000000000010174                printf
 .text          0x00000000000101c0        0x0 c:/software/intelfpga_lite/18.1/nios2eds/bin/gnu/h-x86_64-mingw32/bin/../lib/gcc/nios2-elf/5.3.0/../../../../../H-x86_64-mingw32/nios2-elf/lib/mno-hw-mul\libsmallc.a(lib_a-puts.o)
 .text._puts_r  0x00000000000101c0       0x80 c:/software/intelfpga_lite/18.1/nios2eds/bin/gnu/h-x86_64-mingw32/bin/../lib/gcc/nios2-elf/5.3.0/../../../../../H-x86_64-mingw32/nios2-elf/lib/mno-hw-mul\libsmallc.a(lib_a-puts.o)
                0x00000000000101c0                _puts_r
 .text.puts     0x0000000000010240       0x14 c:/software/intelfpga_lite/18.1/nios2eds/bin/gnu/h-x86_64-mingw32/bin/../lib/gcc/nios2-elf/5.3.0/../../../../../H-x86_64-mingw32/nios2-elf/lib/mno-hw-mul\libsmallc.a(lib_a-puts.o)
                0x0000000000010240                puts
 .text          0x0000000000010254        0x0 c:/software/intelfpga_lite/18.1/nios2eds/bin/gnu/h-x86_64-mingw32/bin/../lib/gcc/nios2-elf/5.3.0/../../../../../H-x86_64-mingw32/nios2-elf/lib/mno-hw-mul\libsmallc.a(lib_a-strlen.o)
 .text.strlen   0x0000000000010254       0x1c c:/software/intelfpga_lite/18.1/nios2eds/bin/gnu/h-x86_64-mingw32/bin/../lib/gcc/nios2-elf/5.3.0/../../../../../H-x86_64-mingw32/nios2-elf/lib/mno-hw-mul\libsmallc.a(lib_a-strlen.o)
                0x0000000000010254                strlen
 .text          0x0000000000010270        0x0 c:/software/intelfpga_lite/18.1/nios2eds/bin/gnu/h-x86_64-mingw32/bin/../lib/gcc/nios2-elf/5.3.0/../../../../../H-x86_64-mingw32/nios2-elf/lib/mno-hw-mul\libsmallc.a(lib_a-vfprintf.o)
 .text.print_repeat
                0x0000000000010270       0x6c c:/software/intelfpga_lite/18.1/nios2eds/bin/gnu/h-x86_64-mingw32/bin/../lib/gcc/nios2-elf/5.3.0/../../../../../H-x86_64-mingw32/nios2-elf/lib/mno-hw-mul\libsmallc.a(lib_a-vfprintf.o)
 .text.___vfprintf_internal_r
                0x00000000000102dc      0x52c c:/software/intelfpga_lite/18.1/nios2eds/bin/gnu/h-x86_64-mingw32/bin/../lib/gcc/nios2-elf/5.3.0/../../../../../H-x86_64-mingw32/nios2-elf/lib/mno-hw-mul\libsmallc.a(lib_a-vfprintf.o)
                0x00000000000102dc                ___vfprintf_internal_r
 .text.__vfprintf_internal
                0x0000000000010808       0x1c c:/software/intelfpga_lite/18.1/nios2eds/bin/gnu/h-x86_64-mingw32/bin/../lib/gcc/nios2-elf/5.3.0/../../../../../H-x86_64-mingw32/nios2-elf/lib/mno-hw-mul\libsmallc.a(lib_a-vfprintf.o)
                0x0000000000010808                __vfprintf_internal
 .text          0x0000000000010824        0x0 c:/software/intelfpga_lite/18.1/nios2eds/bin/gnu/h-x86_64-mingw32/bin/../lib/gcc/nios2-elf/5.3.0/../../../../../H-x86_64-mingw32/nios2-elf/lib/mno-hw-mul\libsmallc.a(lib_a-fvwrite_small_dev.o)
 .text.__sfvwrite_small_dev
                0x0000000000010824       0xb8 c:/software/intelfpga_lite/18.1/nios2eds/bin/gnu/h-x86_64-mingw32/bin/../lib/gcc/nios2-elf/5.3.0/../../../../../H-x86_64-mingw32/nios2-elf/lib/mno-hw-mul\libsmallc.a(lib_a-fvwrite_small_dev.o)
                0x0000000000010824                __sfvwrite_small_dev
 .text          0x00000000000108dc        0x0 c:/software/intelfpga_lite/18.1/nios2eds/bin/gnu/h-x86_64-mingw32/bin/../lib/gcc/nios2-elf/5.3.0/../../../../../H-x86_64-mingw32/nios2-elf/lib/mno-hw-mul\libsmallc.a(lib_a-impure.o)
 .text          0x00000000000108dc        0x0 c:/software/intelfpga_lite/18.1/nios2eds/bin/gnu/h-x86_64-mingw32/bin/../lib/gcc/nios2-elf/5.3.0/../../../../../H-x86_64-mingw32/nios2-elf/lib/mno-hw-mul\libsmallc.a(lib_a-writer.o)
 .text._write_r
                0x00000000000108dc       0x58 c:/software/intelfpga_lite/18.1/nios2eds/bin/gnu/h-x86_64-mingw32/bin/../lib/gcc/nios2-elf/5.3.0/../../../../../H-x86_64-mingw32/nios2-elf/lib/mno-hw-mul\libsmallc.a(lib_a-writer.o)
                0x00000000000108dc                _write_r
 .text          0x0000000000010934        0x0 c:/software/intelfpga_lite/18.1/nios2eds/bin/gnu/h-x86_64-mingw32/bin/../lib/gcc/nios2-elf/5.3.0/../../../../../H-x86_64-mingw32/nios2-elf/lib/mno-hw-mul\libsmallc.a(lib_a-int_errno.o)
 .text          0x0000000000010934      0x1b4 c:/software/intelfpga_lite/18.1/nios2eds/bin/gnu/h-x86_64-mingw32/bin/../lib/gcc/nios2-elf/5.3.0/mno-hw-mul\libgcc.a(lib2-divmod.o)
                0x0000000000010934                __divsi3
                0x00000000000109b8                __modsi3
                0x0000000000010a2c                __udivsi3
                0x0000000000010a90                __umodsi3
 .text          0x0000000000010ae8       0x28 c:/software/intelfpga_lite/18.1/nios2eds/bin/gnu/h-x86_64-mingw32/bin/../lib/gcc/nios2-elf/5.3.0/mno-hw-mul\libgcc.a(lib2-mul.o)
                0x0000000000010ae8                __mulsi3
 .text          0x0000000000010b10       0xe0 ../test_sd_bsp/\libhal_bsp.a(alt_load.o)
                0x0000000000010b10                alt_load
 .text          0x0000000000010bf0       0x2c ../test_sd_bsp/\libhal_bsp.a(alt_main.o)
                0x0000000000010bf0                alt_main
 .text          0x0000000000010c1c        0x4 ../test_sd_bsp/\libhal_bsp.a(alt_usleep.o)
                0x0000000000010c1c                usleep
 .text          0x0000000000010c20       0x60 ../test_sd_bsp/\libhal_bsp.a(alt_write.o)
                0x0000000000010c20                write
 .text          0x0000000000010c80       0x30 ../test_sd_bsp/\libhal_bsp.a(alt_sys_init.o)
                0x0000000000010c80                alt_irq_init
                0x0000000000010ca0                alt_sys_init
 .text          0x0000000000010cb0     0x2188 ../test_sd_bsp/\libhal_bsp.a(Altera_UP_SD_Card_Avalon_Interface.o)
                0x0000000000010cb0                filename_to_upper_case
                0x0000000000010d04                check_file_name_for_FAT16_compliance
                0x0000000000010de0                get_dir_divider_location
                0x0000000000010e38                match_file_record_to_name_ext
                0x0000000000010f24                convert_filename_to_name_extension
                0x0000000000010fbc                copy_file_record_name_to_string
                0x000000000001103c                alt_up_sd_card_open_dev
                0x00000000000110a4                alt_up_sd_card_is_Present
                0x000000000001110c                Write_Sector_Data
                0x000000000001118c                Save_Modified_Sector
                0x00000000000111a8                Read_Sector_Data
                0x0000000000011248                get_cluster_flag
                0x00000000000112c8                mark_cluster
                0x0000000000011354                Check_for_Master_Boot_Record
                0x000000000001145c                Check_for_DOS_FAT
                0x0000000000011708                find_first_empty_cluster
                0x00000000000117ac                find_first_empty_record_in_a_subdirectory
                0x0000000000011948                find_first_empty_record_in_root_directory
                0x0000000000011a10                Read_File_Record_At_Offset
                0x0000000000011b88                get_home_directory_cluster_for_file
                0x0000000000011e40                find_file_in_directory
                0x00000000000120a4                Write_File_Record_At_Offset
                0x0000000000012208                create_file
                0x0000000000012390                Look_for_FAT16
                0x0000000000012428                alt_up_sd_card_is_FAT16
                0x0000000000012478                alt_up_sd_card_find_next
                0x000000000001269c                alt_up_sd_card_find_first
                0x0000000000012724                alt_up_sd_card_fopen
                0x00000000000128b8                alt_up_sd_card_set_attributes
                0x00000000000128f0                alt_up_sd_card_get_attributes
                0x0000000000012930                alt_up_sd_card_read
                0x0000000000012ab8                alt_up_sd_card_write
                0x0000000000012d60                alt_up_sd_card_fclose
 .text          0x0000000000012e38       0x34 ../test_sd_bsp/\libhal_bsp.a(altera_avalon_jtag_uart_write.o)
                0x0000000000012e38                altera_avalon_jtag_uart_write
 .text          0x0000000000012e6c       0x88 ../test_sd_bsp/\libhal_bsp.a(alt_busy_sleep.o)
                0x0000000000012e6c                alt_busy_sleep
 .text          0x0000000000012ef4        0x4 ../test_sd_bsp/\libhal_bsp.a(alt_dcache_flush_all.o)
                0x0000000000012ef4                alt_dcache_flush_all
 .text          0x0000000000012ef8        0x8 ../test_sd_bsp/\libhal_bsp.a(alt_dev.o)
 .text          0x0000000000012f00       0x6c ../test_sd_bsp/\libhal_bsp.a(alt_dev_llist_insert.o)
                0x0000000000012f00                alt_dev_llist_insert
 .text          0x0000000000012f6c        0x0 ../test_sd_bsp/\libhal_bsp.a(alt_errno.o)
 .text          0x0000000000012f6c       0x74 ../test_sd_bsp/\libhal_bsp.a(alt_find_dev.o)
                0x0000000000012f6c                alt_find_dev
 .text          0x0000000000012fe0        0x4 ../test_sd_bsp/\libhal_bsp.a(alt_icache_flush_all.o)
                0x0000000000012fe0                alt_icache_flush_all
 .text          0x0000000000012fe4        0x8 ../test_sd_bsp/\libhal_bsp.a(altera_nios2_gen2_irq.o)
                0x0000000000012fe4                altera_nios2_gen2_irq_init
 .text          0x0000000000012fec        0x0 c:/software/intelfpga_lite/18.1/nios2eds/bin/gnu/h-x86_64-mingw32/bin/../lib/gcc/nios2-elf/5.3.0/../../../../../H-x86_64-mingw32/nios2-elf/lib/mno-hw-mul\libsmallc.a(lib_a-memcmp.o)
 .text.memcmp   0x0000000000012fec       0x30 c:/software/intelfpga_lite/18.1/nios2eds/bin/gnu/h-x86_64-mingw32/bin/../lib/gcc/nios2-elf/5.3.0/../../../../../H-x86_64-mingw32/nios2-elf/lib/mno-hw-mul\libsmallc.a(lib_a-memcmp.o)
                0x0000000000012fec                memcmp
 .text          0x000000000001301c        0x0 c:/software/intelfpga_lite/18.1/nios2eds/bin/gnu/h-x86_64-mingw32/bin/../lib/gcc/nios2-elf/5.3.0/../../../../../H-x86_64-mingw32/nios2-elf/lib/mno-hw-mul\libsmallc.a(lib_a-memcpy.o)
 .text.memcpy   0x000000000001301c       0x28 c:/software/intelfpga_lite/18.1/nios2eds/bin/gnu/h-x86_64-mingw32/bin/../lib/gcc/nios2-elf/5.3.0/../../../../../H-x86_64-mingw32/nios2-elf/lib/mno-hw-mul\libsmallc.a(lib_a-memcpy.o)
                0x000000000001301c                memcpy
 *(.gnu.warning.*)
 *(.fini)
                [!provide]                        PROVIDE (__etext, ABSOLUTE (.))
                [!provide]                        PROVIDE (_etext, ABSOLUTE (.))
                [!provide]                        PROVIDE (etext, ABSOLUTE (.))
 *(.eh_frame_hdr)
                0x0000000000013044                . = ALIGN (0x4)
                [!provide]                        PROVIDE (__preinit_array_start, ABSOLUTE (.))
 *(.preinit_array)
                [!provide]                        PROVIDE (__preinit_array_end, ABSOLUTE (.))
                [!provide]                        PROVIDE (__init_array_start, ABSOLUTE (.))
 *(.init_array)
                [!provide]                        PROVIDE (__init_array_end, ABSOLUTE (.))
                [!provide]                        PROVIDE (__fini_array_start, ABSOLUTE (.))
 *(.fini_array)
                [!provide]                        PROVIDE (__fini_array_end, ABSOLUTE (.))
 *(.eh_frame)
 *(.gcc_except_table .gcc_except_table.*)
 *(.dynamic)
                [!provide]                        PROVIDE (__CTOR_LIST__, ABSOLUTE (.))
 *(.ctors)
 *(SORT(.ctors.*))
                [!provide]                        PROVIDE (__CTOR_END__, ABSOLUTE (.))
                [!provide]                        PROVIDE (__DTOR_LIST__, ABSOLUTE (.))
 *(.dtors)
 *(SORT(.dtors.*))
                [!provide]                        PROVIDE (__DTOR_END__, ABSOLUTE (.))
 *(.jcr)
                0x0000000000013044                . = ALIGN (0x4)

.rodata         0x0000000000013044       0xe8
                0x0000000000013044                PROVIDE (__ram_rodata_start, ABSOLUTE (.))
                0x0000000000013044                . = ALIGN (0x4)
 *(.rodata .rodata.* .gnu.linkonce.r.*)
 .rodata.str1.4
                0x0000000000013044       0xcf obj/default/hello_world_small.o
 .rodata.str1.4
                0x0000000000013113       0xcf c:/software/intelfpga_lite/18.1/nios2eds/bin/gnu/h-x86_64-mingw32/bin/../lib/gcc/nios2-elf/5.3.0/../../../../../H-x86_64-mingw32/nios2-elf/lib/mno-hw-mul\libsmallc.a(lib_a-puts.o)
                                          0x2 (size before relaxing)
 .rodata.str1.4
                0x0000000000013113       0x2a ../test_sd_bsp/\libhal_bsp.a(alt_sys_init.o)
 .rodata        0x0000000000013113        0xb ../test_sd_bsp/\libhal_bsp.a(Altera_UP_SD_Card_Avalon_Interface.o)
 *fill*         0x000000000001311e        0x2 
 .rodata.str1.4
                0x0000000000013120        0xc ../test_sd_bsp/\libhal_bsp.a(alt_dev.o)
                                          0xa (size before relaxing)
 *(.rodata1)
                0x000000000001312c                . = ALIGN (0x4)
                0x000000000001312c                PROVIDE (__ram_rodata_end, ABSOLUTE (.))
                0x0000000000013044                PROVIDE (__flash_rodata_start, LOADADDR (.rodata))

.rwdata         0x000000000001312c      0x384 load address 0x00000000000134b0
                0x000000000001312c                PROVIDE (__ram_rwdata_start, ABSOLUTE (.))
                0x000000000001312c                . = ALIGN (0x4)
 *(.got.plt)
 *(.got)
 *(.data1)
 *(.data .data.* .gnu.linkonce.d.*)
 .data          0x000000000001312c        0x0 ../test_sd_bsp//obj/HAL/src/crt0.o
 .data          0x000000000001312c      0x200 obj/default/hello_world_small.o
                0x000000000001312c                buffer
 .data          0x000000000001332c        0x0 c:/software/intelfpga_lite/18.1/nios2eds/bin/gnu/h-x86_64-mingw32/bin/../lib/gcc/nios2-elf/5.3.0/../../../../../H-x86_64-mingw32/nios2-elf/lib/mno-hw-mul\libsmallc.a(lib_a-printf.o)
 .data          0x000000000001332c        0x0 c:/software/intelfpga_lite/18.1/nios2eds/bin/gnu/h-x86_64-mingw32/bin/../lib/gcc/nios2-elf/5.3.0/../../../../../H-x86_64-mingw32/nios2-elf/lib/mno-hw-mul\libsmallc.a(lib_a-puts.o)
 .data          0x000000000001332c        0x0 c:/software/intelfpga_lite/18.1/nios2eds/bin/gnu/h-x86_64-mingw32/bin/../lib/gcc/nios2-elf/5.3.0/../../../../../H-x86_64-mingw32/nios2-elf/lib/mno-hw-mul\libsmallc.a(lib_a-strlen.o)
 .data          0x000000000001332c        0x0 c:/software/intelfpga_lite/18.1/nios2eds/bin/gnu/h-x86_64-mingw32/bin/../lib/gcc/nios2-elf/5.3.0/../../../../../H-x86_64-mingw32/nios2-elf/lib/mno-hw-mul\libsmallc.a(lib_a-vfprintf.o)
 .data          0x000000000001332c        0x0 c:/software/intelfpga_lite/18.1/nios2eds/bin/gnu/h-x86_64-mingw32/bin/../lib/gcc/nios2-elf/5.3.0/../../../../../H-x86_64-mingw32/nios2-elf/lib/mno-hw-mul\libsmallc.a(lib_a-fvwrite_small_dev.o)
 .data          0x000000000001332c        0x0 c:/software/intelfpga_lite/18.1/nios2eds/bin/gnu/h-x86_64-mingw32/bin/../lib/gcc/nios2-elf/5.3.0/../../../../../H-x86_64-mingw32/nios2-elf/lib/mno-hw-mul\libsmallc.a(lib_a-impure.o)
 .data.impure_data
                0x000000000001332c       0xe0 c:/software/intelfpga_lite/18.1/nios2eds/bin/gnu/h-x86_64-mingw32/bin/../lib/gcc/nios2-elf/5.3.0/../../../../../H-x86_64-mingw32/nios2-elf/lib/mno-hw-mul\libsmallc.a(lib_a-impure.o)
 .data          0x000000000001340c        0x0 c:/software/intelfpga_lite/18.1/nios2eds/bin/gnu/h-x86_64-mingw32/bin/../lib/gcc/nios2-elf/5.3.0/../../../../../H-x86_64-mingw32/nios2-elf/lib/mno-hw-mul\libsmallc.a(lib_a-writer.o)
 .data          0x000000000001340c        0x0 c:/software/intelfpga_lite/18.1/nios2eds/bin/gnu/h-x86_64-mingw32/bin/../lib/gcc/nios2-elf/5.3.0/../../../../../H-x86_64-mingw32/nios2-elf/lib/mno-hw-mul\libsmallc.a(lib_a-int_errno.o)
 .data          0x000000000001340c        0x0 c:/software/intelfpga_lite/18.1/nios2eds/bin/gnu/h-x86_64-mingw32/bin/../lib/gcc/nios2-elf/5.3.0/mno-hw-mul\libgcc.a(lib2-divmod.o)
 .data          0x000000000001340c        0x0 c:/software/intelfpga_lite/18.1/nios2eds/bin/gnu/h-x86_64-mingw32/bin/../lib/gcc/nios2-elf/5.3.0/mno-hw-mul\libgcc.a(lib2-mul.o)
 .data          0x000000000001340c        0x0 ../test_sd_bsp/\libhal_bsp.a(alt_load.o)
 .data          0x000000000001340c        0x0 ../test_sd_bsp/\libhal_bsp.a(alt_main.o)
 .data          0x000000000001340c        0x0 ../test_sd_bsp/\libhal_bsp.a(alt_usleep.o)
 .data          0x000000000001340c        0x0 ../test_sd_bsp/\libhal_bsp.a(alt_write.o)
 .data          0x000000000001340c       0x2c ../test_sd_bsp/\libhal_bsp.a(alt_sys_init.o)
 .data          0x0000000000013438        0x0 ../test_sd_bsp/\libhal_bsp.a(Altera_UP_SD_Card_Avalon_Interface.o)
 .data          0x0000000000013438        0x0 ../test_sd_bsp/\libhal_bsp.a(altera_avalon_jtag_uart_write.o)
 .data          0x0000000000013438        0x0 ../test_sd_bsp/\libhal_bsp.a(alt_busy_sleep.o)
 .data          0x0000000000013438        0x0 ../test_sd_bsp/\libhal_bsp.a(alt_dcache_flush_all.o)
 .data          0x0000000000013438       0x58 ../test_sd_bsp/\libhal_bsp.a(alt_dev.o)
                0x0000000000013438                alt_fd_list
                0x0000000000013468                alt_dev_null
 .data          0x0000000000013490        0x0 ../test_sd_bsp/\libhal_bsp.a(alt_dev_llist_insert.o)
 .data          0x0000000000013490        0x0 ../test_sd_bsp/\libhal_bsp.a(alt_errno.o)
 .data          0x0000000000013490        0x0 ../test_sd_bsp/\libhal_bsp.a(alt_find_dev.o)
 .data          0x0000000000013490        0x0 ../test_sd_bsp/\libhal_bsp.a(alt_icache_flush_all.o)
 .data          0x0000000000013490        0x0 ../test_sd_bsp/\libhal_bsp.a(altera_nios2_gen2_irq.o)
 .data          0x0000000000013490        0x0 c:/software/intelfpga_lite/18.1/nios2eds/bin/gnu/h-x86_64-mingw32/bin/../lib/gcc/nios2-elf/5.3.0/../../../../../H-x86_64-mingw32/nios2-elf/lib/mno-hw-mul\libsmallc.a(lib_a-memcmp.o)
 .data          0x0000000000013490        0x0 c:/software/intelfpga_lite/18.1/nios2eds/bin/gnu/h-x86_64-mingw32/bin/../lib/gcc/nios2-elf/5.3.0/../../../../../H-x86_64-mingw32/nios2-elf/lib/mno-hw-mul\libsmallc.a(lib_a-memcpy.o)
                0x000000000001b490                _gp = ABSOLUTE ((. + 0x8000))
                [!provide]                        PROVIDE (gp, _gp)
 *(.rwdata .rwdata.*)
 *(.sdata .sdata.* .gnu.linkonce.s.*)
 .sdata._global_impure_ptr
                0x0000000000013490        0x4 c:/software/intelfpga_lite/18.1/nios2eds/bin/gnu/h-x86_64-mingw32/bin/../lib/gcc/nios2-elf/5.3.0/../../../../../H-x86_64-mingw32/nios2-elf/lib/mno-hw-mul\libsmallc.a(lib_a-impure.o)
                0x0000000000013490                _global_impure_ptr
 .sdata._impure_ptr
                0x0000000000013494        0x4 c:/software/intelfpga_lite/18.1/nios2eds/bin/gnu/h-x86_64-mingw32/bin/../lib/gcc/nios2-elf/5.3.0/../../../../../H-x86_64-mingw32/nios2-elf/lib/mno-hw-mul\libsmallc.a(lib_a-impure.o)
                0x0000000000013494                _impure_ptr
 .sdata         0x0000000000013498       0x14 ../test_sd_bsp/\libhal_bsp.a(alt_dev.o)
                0x0000000000013498                alt_max_fd
                0x000000000001349c                alt_dev_list
                0x00000000000134a4                alt_fs_list
 .sdata         0x00000000000134ac        0x4 ../test_sd_bsp/\libhal_bsp.a(alt_errno.o)
                0x00000000000134ac                alt_errno
 *(.sdata2 .sdata2.* .gnu.linkonce.s2.*)
                0x00000000000134b0                . = ALIGN (0x4)
                0x00000000000134b0                _edata = ABSOLUTE (.)
                [!provide]                        PROVIDE (edata, ABSOLUTE (.))
                0x00000000000134b0                PROVIDE (__ram_rwdata_end, ABSOLUTE (.))
                0x00000000000134b0                PROVIDE (__flash_rwdata_start, LOADADDR (.rwdata))

.bss            0x0000000000013834      0x5b4
                0x0000000000013834                __bss_start = ABSOLUTE (.)
                [!provide]                        PROVIDE (__sbss_start, ABSOLUTE (.))
                [!provide]                        PROVIDE (___sbss_start, ABSOLUTE (.))
 *(.dynsbss)
 *(.sbss .sbss.* .gnu.linkonce.sb.*)
 .sbss          0x0000000000013834        0x2 obj/default/hello_world_small.o
                0x0000000000013834                sd_fileh
 *fill*         0x0000000000013836        0x2 
 .sbss          0x0000000000013838        0x4 c:/software/intelfpga_lite/18.1/nios2eds/bin/gnu/h-x86_64-mingw32/bin/../lib/gcc/nios2-elf/5.3.0/../../../../../H-x86_64-mingw32/nios2-elf/lib/mno-hw-mul\libsmallc.a(lib_a-int_errno.o)
                0x0000000000013838                errno
 .sbss          0x000000000001383c        0xc ../test_sd_bsp/\libhal_bsp.a(alt_main.o)
                0x000000000001383c                alt_envp
                0x0000000000013840                alt_argv
                0x0000000000013844                alt_argc
 .sbss          0x0000000000013848        0x4 ../test_sd_bsp/\libhal_bsp.a(alt_sys_init.o)
                0x0000000000013848                jtag_uart_0
 .sbss          0x000000000001384c       0x34 ../test_sd_bsp/\libhal_bsp.a(Altera_UP_SD_Card_Avalon_Interface.o)
                0x000000000001384c                current_sector_index
                0x0000000000013850                current_sector_modified
                0x0000000000013854                device_pointer
                0x0000000000013858                fat_partition_size_in_512_byte_sectors
                0x000000000001385c                fat_partition_offset_in_512_byte_sectors
                0x0000000000013860                buffer_memory
                0x0000000000013864                command_argument_register
                0x0000000000013868                command_register
                0x000000000001386c                CSD_register_w0
                0x0000000000013870                status_register
                0x0000000000013874                aux_status_register
                0x0000000000013878                is_sd_card_formated_as_FAT16
                0x000000000001387c                initialized
 *(.sbss2 .sbss2.* .gnu.linkonce.sb2.*)
 *(.scommon)
                [!provide]                        PROVIDE (__sbss_end, ABSOLUTE (.))
                [!provide]                        PROVIDE (___sbss_end, ABSOLUTE (.))
 *(.dynbss)
 *(.bss .bss.* .gnu.linkonce.b.*)
 .bss           0x0000000000013880        0x0 ../test_sd_bsp//obj/HAL/src/crt0.o
 .bss           0x0000000000013880        0x0 obj/default/hello_world_small.o
 .bss           0x0000000000013880        0x0 c:/software/intelfpga_lite/18.1/nios2eds/bin/gnu/h-x86_64-mingw32/bin/../lib/gcc/nios2-elf/5.3.0/../../../../../H-x86_64-mingw32/nios2-elf/lib/mno-hw-mul\libsmallc.a(lib_a-printf.o)
 .bss           0x0000000000013880        0x0 c:/software/intelfpga_lite/18.1/nios2eds/bin/gnu/h-x86_64-mingw32/bin/../lib/gcc/nios2-elf/5.3.0/../../../../../H-x86_64-mingw32/nios2-elf/lib/mno-hw-mul\libsmallc.a(lib_a-puts.o)
 .bss           0x0000000000013880        0x0 c:/software/intelfpga_lite/18.1/nios2eds/bin/gnu/h-x86_64-mingw32/bin/../lib/gcc/nios2-elf/5.3.0/../../../../../H-x86_64-mingw32/nios2-elf/lib/mno-hw-mul\libsmallc.a(lib_a-strlen.o)
 .bss           0x0000000000013880        0x0 c:/software/intelfpga_lite/18.1/nios2eds/bin/gnu/h-x86_64-mingw32/bin/../lib/gcc/nios2-elf/5.3.0/../../../../../H-x86_64-mingw32/nios2-elf/lib/mno-hw-mul\libsmallc.a(lib_a-vfprintf.o)
 .bss           0x0000000000013880        0x0 c:/software/intelfpga_lite/18.1/nios2eds/bin/gnu/h-x86_64-mingw32/bin/../lib/gcc/nios2-elf/5.3.0/../../../../../H-x86_64-mingw32/nios2-elf/lib/mno-hw-mul\libsmallc.a(lib_a-fvwrite_small_dev.o)
 .bss           0x0000000000013880        0x0 c:/software/intelfpga_lite/18.1/nios2eds/bin/gnu/h-x86_64-mingw32/bin/../lib/gcc/nios2-elf/5.3.0/../../../../../H-x86_64-mingw32/nios2-elf/lib/mno-hw-mul\libsmallc.a(lib_a-impure.o)
 .bss           0x0000000000013880        0x0 c:/software/intelfpga_lite/18.1/nios2eds/bin/gnu/h-x86_64-mingw32/bin/../lib/gcc/nios2-elf/5.3.0/../../../../../H-x86_64-mingw32/nios2-elf/lib/mno-hw-mul\libsmallc.a(lib_a-writer.o)
 .bss           0x0000000000013880        0x0 c:/software/intelfpga_lite/18.1/nios2eds/bin/gnu/h-x86_64-mingw32/bin/../lib/gcc/nios2-elf/5.3.0/../../../../../H-x86_64-mingw32/nios2-elf/lib/mno-hw-mul\libsmallc.a(lib_a-int_errno.o)
 .bss           0x0000000000013880        0x0 c:/software/intelfpga_lite/18.1/nios2eds/bin/gnu/h-x86_64-mingw32/bin/../lib/gcc/nios2-elf/5.3.0/mno-hw-mul\libgcc.a(lib2-divmod.o)
 .bss           0x0000000000013880        0x0 c:/software/intelfpga_lite/18.1/nios2eds/bin/gnu/h-x86_64-mingw32/bin/../lib/gcc/nios2-elf/5.3.0/mno-hw-mul\libgcc.a(lib2-mul.o)
 .bss           0x0000000000013880        0x0 ../test_sd_bsp/\libhal_bsp.a(alt_load.o)
 .bss           0x0000000000013880        0x0 ../test_sd_bsp/\libhal_bsp.a(alt_main.o)
 .bss           0x0000000000013880        0x0 ../test_sd_bsp/\libhal_bsp.a(alt_usleep.o)
 .bss           0x0000000000013880        0x0 ../test_sd_bsp/\libhal_bsp.a(alt_write.o)
 .bss           0x0000000000013880        0x0 ../test_sd_bsp/\libhal_bsp.a(alt_sys_init.o)
 .bss           0x0000000000013880        0x0 ../test_sd_bsp/\libhal_bsp.a(Altera_UP_SD_Card_Avalon_Interface.o)
 .bss           0x0000000000013880        0x0 ../test_sd_bsp/\libhal_bsp.a(altera_avalon_jtag_uart_write.o)
 .bss           0x0000000000013880        0x0 ../test_sd_bsp/\libhal_bsp.a(alt_busy_sleep.o)
 .bss           0x0000000000013880        0x0 ../test_sd_bsp/\libhal_bsp.a(alt_dcache_flush_all.o)
 .bss           0x0000000000013880        0x0 ../test_sd_bsp/\libhal_bsp.a(alt_dev.o)
 .bss           0x0000000000013880        0x0 ../test_sd_bsp/\libhal_bsp.a(alt_dev_llist_insert.o)
 .bss           0x0000000000013880        0x0 ../test_sd_bsp/\libhal_bsp.a(alt_errno.o)
 .bss           0x0000000000013880        0x0 ../test_sd_bsp/\libhal_bsp.a(alt_find_dev.o)
 .bss           0x0000000000013880        0x0 ../test_sd_bsp/\libhal_bsp.a(alt_icache_flush_all.o)
 .bss           0x0000000000013880        0x0 ../test_sd_bsp/\libhal_bsp.a(altera_nios2_gen2_irq.o)
 .bss           0x0000000000013880        0x0 c:/software/intelfpga_lite/18.1/nios2eds/bin/gnu/h-x86_64-mingw32/bin/../lib/gcc/nios2-elf/5.3.0/../../../../../H-x86_64-mingw32/nios2-elf/lib/mno-hw-mul\libsmallc.a(lib_a-memcmp.o)
 .bss           0x0000000000013880        0x0 c:/software/intelfpga_lite/18.1/nios2eds/bin/gnu/h-x86_64-mingw32/bin/../lib/gcc/nios2-elf/5.3.0/../../../../../H-x86_64-mingw32/nios2-elf/lib/mno-hw-mul\libsmallc.a(lib_a-memcpy.o)
 *(COMMON)
 COMMON         0x0000000000013880      0x568 ../test_sd_bsp/\libhal_bsp.a(Altera_UP_SD_Card_Avalon_Interface.o)
                0x0000000000013880                search_data
                0x0000000000013894                boot_sector_data
                0x00000000000138e8                active_files
                0x0000000000013de8                . = ALIGN (0x4)
                0x0000000000013de8                __bss_end = ABSOLUTE (.)

.onchip_memory2_0
                0x0000000000013de8        0x0
                [!provide]                        PROVIDE (_alt_partition_onchip_memory2_0_start, ABSOLUTE (.))
 *(.onchip_memory2_0 .onchip_memory2_0. onchip_memory2_0.*)
                0x0000000000013de8                . = ALIGN (0x4)
                [!provide]                        PROVIDE (_alt_partition_onchip_memory2_0_end, ABSOLUTE (.))
                0x0000000000013de8                _end = ABSOLUTE (.)
                0x0000000000013de8                end = ABSOLUTE (.)
                0x0000000000013de8                __alt_stack_base = ABSOLUTE (.)
                [!provide]                        PROVIDE (_alt_partition_onchip_memory2_0_load_addr, LOADADDR (.onchip_memory2_0))

.stab
 *(.stab)

.stabstr
 *(.stabstr)

.stab.excl
 *(.stab.excl)

.stab.exclstr
 *(.stab.exclstr)

.stab.index
 *(.stab.index)

.stab.indexstr
 *(.stab.indexstr)

.comment        0x0000000000000000       0x23
 *(.comment)
 .comment       0x0000000000000000       0x23 obj/default/hello_world_small.o
                                         0x24 (size before relaxing)
 .comment       0x0000000000000023       0x24 c:/software/intelfpga_lite/18.1/nios2eds/bin/gnu/h-x86_64-mingw32/bin/../lib/gcc/nios2-elf/5.3.0/../../../../../H-x86_64-mingw32/nios2-elf/lib/mno-hw-mul\libsmallc.a(lib_a-printf.o)
 .comment       0x0000000000000023       0x24 c:/software/intelfpga_lite/18.1/nios2eds/bin/gnu/h-x86_64-mingw32/bin/../lib/gcc/nios2-elf/5.3.0/../../../../../H-x86_64-mingw32/nios2-elf/lib/mno-hw-mul\libsmallc.a(lib_a-puts.o)
 .comment       0x0000000000000023       0x24 c:/software/intelfpga_lite/18.1/nios2eds/bin/gnu/h-x86_64-mingw32/bin/../lib/gcc/nios2-elf/5.3.0/../../../../../H-x86_64-mingw32/nios2-elf/lib/mno-hw-mul\libsmallc.a(lib_a-strlen.o)
 .comment       0x0000000000000023       0x24 c:/software/intelfpga_lite/18.1/nios2eds/bin/gnu/h-x86_64-mingw32/bin/../lib/gcc/nios2-elf/5.3.0/../../../../../H-x86_64-mingw32/nios2-elf/lib/mno-hw-mul\libsmallc.a(lib_a-vfprintf.o)
 .comment       0x0000000000000023       0x24 c:/software/intelfpga_lite/18.1/nios2eds/bin/gnu/h-x86_64-mingw32/bin/../lib/gcc/nios2-elf/5.3.0/../../../../../H-x86_64-mingw32/nios2-elf/lib/mno-hw-mul\libsmallc.a(lib_a-fvwrite_small_dev.o)
 .comment       0x0000000000000023       0x24 c:/software/intelfpga_lite/18.1/nios2eds/bin/gnu/h-x86_64-mingw32/bin/../lib/gcc/nios2-elf/5.3.0/../../../../../H-x86_64-mingw32/nios2-elf/lib/mno-hw-mul\libsmallc.a(lib_a-impure.o)
 .comment       0x0000000000000023       0x24 c:/software/intelfpga_lite/18.1/nios2eds/bin/gnu/h-x86_64-mingw32/bin/../lib/gcc/nios2-elf/5.3.0/../../../../../H-x86_64-mingw32/nios2-elf/lib/mno-hw-mul\libsmallc.a(lib_a-writer.o)
 .comment       0x0000000000000023       0x24 c:/software/intelfpga_lite/18.1/nios2eds/bin/gnu/h-x86_64-mingw32/bin/../lib/gcc/nios2-elf/5.3.0/../../../../../H-x86_64-mingw32/nios2-elf/lib/mno-hw-mul\libsmallc.a(lib_a-int_errno.o)
 .comment       0x0000000000000023       0x24 c:/software/intelfpga_lite/18.1/nios2eds/bin/gnu/h-x86_64-mingw32/bin/../lib/gcc/nios2-elf/5.3.0/mno-hw-mul\libgcc.a(lib2-divmod.o)
 .comment       0x0000000000000023       0x24 c:/software/intelfpga_lite/18.1/nios2eds/bin/gnu/h-x86_64-mingw32/bin/../lib/gcc/nios2-elf/5.3.0/mno-hw-mul\libgcc.a(lib2-mul.o)
 .comment       0x0000000000000023       0x24 ../test_sd_bsp/\libhal_bsp.a(alt_load.o)
 .comment       0x0000000000000023       0x24 ../test_sd_bsp/\libhal_bsp.a(alt_main.o)
 .comment       0x0000000000000023       0x24 ../test_sd_bsp/\libhal_bsp.a(alt_usleep.o)
 .comment       0x0000000000000023       0x24 ../test_sd_bsp/\libhal_bsp.a(alt_write.o)
 .comment       0x0000000000000023       0x24 ../test_sd_bsp/\libhal_bsp.a(alt_sys_init.o)
 .comment       0x0000000000000023       0x24 ../test_sd_bsp/\libhal_bsp.a(Altera_UP_SD_Card_Avalon_Interface.o)
 .comment       0x0000000000000023       0x24 ../test_sd_bsp/\libhal_bsp.a(altera_avalon_jtag_uart_write.o)
 .comment       0x0000000000000023       0x24 ../test_sd_bsp/\libhal_bsp.a(alt_busy_sleep.o)
 .comment       0x0000000000000023       0x24 ../test_sd_bsp/\libhal_bsp.a(alt_dcache_flush_all.o)
 .comment       0x0000000000000023       0x24 ../test_sd_bsp/\libhal_bsp.a(alt_dev.o)
 .comment       0x0000000000000023       0x24 ../test_sd_bsp/\libhal_bsp.a(alt_dev_llist_insert.o)
 .comment       0x0000000000000023       0x24 ../test_sd_bsp/\libhal_bsp.a(alt_errno.o)
 .comment       0x0000000000000023       0x24 ../test_sd_bsp/\libhal_bsp.a(alt_find_dev.o)
 .comment       0x0000000000000023       0x24 ../test_sd_bsp/\libhal_bsp.a(alt_icache_flush_all.o)
 .comment       0x0000000000000023       0x24 ../test_sd_bsp/\libhal_bsp.a(altera_nios2_gen2_irq.o)
 .comment       0x0000000000000023       0x24 c:/software/intelfpga_lite/18.1/nios2eds/bin/gnu/h-x86_64-mingw32/bin/../lib/gcc/nios2-elf/5.3.0/../../../../../H-x86_64-mingw32/nios2-elf/lib/mno-hw-mul\libsmallc.a(lib_a-memcmp.o)
 .comment       0x0000000000000023       0x24 c:/software/intelfpga_lite/18.1/nios2eds/bin/gnu/h-x86_64-mingw32/bin/../lib/gcc/nios2-elf/5.3.0/../../../../../H-x86_64-mingw32/nios2-elf/lib/mno-hw-mul\libsmallc.a(lib_a-memcpy.o)

.debug
 *(.debug)

.line
 *(.line)

.debug_srcinfo
 *(.debug_srcinfo)

.debug_sfnames
 *(.debug_sfnames)

.debug_aranges  0x0000000000000000      0x3b0
 *(.debug_aranges)
 .debug_aranges
                0x0000000000000000       0x28 ../test_sd_bsp//obj/HAL/src/crt0.o
 .debug_aranges
                0x0000000000000028       0x20 obj/default/hello_world_small.o
 .debug_aranges
                0x0000000000000048       0x28 c:/software/intelfpga_lite/18.1/nios2eds/bin/gnu/h-x86_64-mingw32/bin/../lib/gcc/nios2-elf/5.3.0/../../../../../H-x86_64-mingw32/nios2-elf/lib/mno-hw-mul\libsmallc.a(lib_a-printf.o)
 .debug_aranges
                0x0000000000000070       0x28 c:/software/intelfpga_lite/18.1/nios2eds/bin/gnu/h-x86_64-mingw32/bin/../lib/gcc/nios2-elf/5.3.0/../../../../../H-x86_64-mingw32/nios2-elf/lib/mno-hw-mul\libsmallc.a(lib_a-puts.o)
 .debug_aranges
                0x0000000000000098       0x20 c:/software/intelfpga_lite/18.1/nios2eds/bin/gnu/h-x86_64-mingw32/bin/../lib/gcc/nios2-elf/5.3.0/../../../../../H-x86_64-mingw32/nios2-elf/lib/mno-hw-mul\libsmallc.a(lib_a-strlen.o)
 .debug_aranges
                0x00000000000000b8       0x30 c:/software/intelfpga_lite/18.1/nios2eds/bin/gnu/h-x86_64-mingw32/bin/../lib/gcc/nios2-elf/5.3.0/../../../../../H-x86_64-mingw32/nios2-elf/lib/mno-hw-mul\libsmallc.a(lib_a-vfprintf.o)
 .debug_aranges
                0x00000000000000e8       0x20 c:/software/intelfpga_lite/18.1/nios2eds/bin/gnu/h-x86_64-mingw32/bin/../lib/gcc/nios2-elf/5.3.0/../../../../../H-x86_64-mingw32/nios2-elf/lib/mno-hw-mul\libsmallc.a(lib_a-fvwrite_small_dev.o)
 .debug_aranges
                0x0000000000000108       0x18 c:/software/intelfpga_lite/18.1/nios2eds/bin/gnu/h-x86_64-mingw32/bin/../lib/gcc/nios2-elf/5.3.0/../../../../../H-x86_64-mingw32/nios2-elf/lib/mno-hw-mul\libsmallc.a(lib_a-impure.o)
 .debug_aranges
                0x0000000000000120       0x20 c:/software/intelfpga_lite/18.1/nios2eds/bin/gnu/h-x86_64-mingw32/bin/../lib/gcc/nios2-elf/5.3.0/../../../../../H-x86_64-mingw32/nios2-elf/lib/mno-hw-mul\libsmallc.a(lib_a-writer.o)
 .debug_aranges
                0x0000000000000140       0x18 c:/software/intelfpga_lite/18.1/nios2eds/bin/gnu/h-x86_64-mingw32/bin/../lib/gcc/nios2-elf/5.3.0/../../../../../H-x86_64-mingw32/nios2-elf/lib/mno-hw-mul\libsmallc.a(lib_a-int_errno.o)
 .debug_aranges
                0x0000000000000158       0x20 c:/software/intelfpga_lite/18.1/nios2eds/bin/gnu/h-x86_64-mingw32/bin/../lib/gcc/nios2-elf/5.3.0/mno-hw-mul\libgcc.a(lib2-divmod.o)
 .debug_aranges
                0x0000000000000178       0x20 c:/software/intelfpga_lite/18.1/nios2eds/bin/gnu/h-x86_64-mingw32/bin/../lib/gcc/nios2-elf/5.3.0/mno-hw-mul\libgcc.a(lib2-mul.o)
 .debug_aranges
                0x0000000000000198       0x20 ../test_sd_bsp/\libhal_bsp.a(alt_load.o)
 .debug_aranges
                0x00000000000001b8       0x20 ../test_sd_bsp/\libhal_bsp.a(alt_main.o)
 .debug_aranges
                0x00000000000001d8       0x20 ../test_sd_bsp/\libhal_bsp.a(alt_usleep.o)
 .debug_aranges
                0x00000000000001f8       0x20 ../test_sd_bsp/\libhal_bsp.a(alt_write.o)
 .debug_aranges
                0x0000000000000218       0x20 ../test_sd_bsp/\libhal_bsp.a(alt_sys_init.o)
 .debug_aranges
                0x0000000000000238       0x20 ../test_sd_bsp/\libhal_bsp.a(Altera_UP_SD_Card_Avalon_Interface.o)
 .debug_aranges
                0x0000000000000258       0x20 ../test_sd_bsp/\libhal_bsp.a(altera_avalon_jtag_uart_write.o)
 .debug_aranges
                0x0000000000000278       0x20 ../test_sd_bsp/\libhal_bsp.a(alt_busy_sleep.o)
 .debug_aranges
                0x0000000000000298       0x20 ../test_sd_bsp/\libhal_bsp.a(alt_dcache_flush_all.o)
 .debug_aranges
                0x00000000000002b8       0x20 ../test_sd_bsp/\libhal_bsp.a(alt_dev.o)
 .debug_aranges
                0x00000000000002d8       0x20 ../test_sd_bsp/\libhal_bsp.a(alt_dev_llist_insert.o)
 .debug_aranges
                0x00000000000002f8       0x18 ../test_sd_bsp/\libhal_bsp.a(alt_errno.o)
 .debug_aranges
                0x0000000000000310       0x20 ../test_sd_bsp/\libhal_bsp.a(alt_find_dev.o)
 .debug_aranges
                0x0000000000000330       0x20 ../test_sd_bsp/\libhal_bsp.a(alt_icache_flush_all.o)
 .debug_aranges
                0x0000000000000350       0x20 ../test_sd_bsp/\libhal_bsp.a(altera_nios2_gen2_irq.o)
 .debug_aranges
                0x0000000000000370       0x20 c:/software/intelfpga_lite/18.1/nios2eds/bin/gnu/h-x86_64-mingw32/bin/../lib/gcc/nios2-elf/5.3.0/../../../../../H-x86_64-mingw32/nios2-elf/lib/mno-hw-mul\libsmallc.a(lib_a-memcmp.o)
 .debug_aranges
                0x0000000000000390       0x20 c:/software/intelfpga_lite/18.1/nios2eds/bin/gnu/h-x86_64-mingw32/bin/../lib/gcc/nios2-elf/5.3.0/../../../../../H-x86_64-mingw32/nios2-elf/lib/mno-hw-mul\libsmallc.a(lib_a-memcpy.o)

.debug_pubnames
 *(.debug_pubnames)

.debug_info     0x0000000000000000     0x7052
 *(.debug_info .gnu.linkonce.wi.*)
 .debug_info    0x0000000000000000       0x8e ../test_sd_bsp//obj/HAL/src/crt0.o
 .debug_info    0x000000000000008e      0x48a obj/default/hello_world_small.o
 .debug_info    0x0000000000000518      0x699 c:/software/intelfpga_lite/18.1/nios2eds/bin/gnu/h-x86_64-mingw32/bin/../lib/gcc/nios2-elf/5.3.0/../../../../../H-x86_64-mingw32/nios2-elf/lib/mno-hw-mul\libsmallc.a(lib_a-printf.o)
 .debug_info    0x0000000000000bb1      0x66d c:/software/intelfpga_lite/18.1/nios2eds/bin/gnu/h-x86_64-mingw32/bin/../lib/gcc/nios2-elf/5.3.0/../../../../../H-x86_64-mingw32/nios2-elf/lib/mno-hw-mul\libsmallc.a(lib_a-puts.o)
 .debug_info    0x000000000000121e       0xc9 c:/software/intelfpga_lite/18.1/nios2eds/bin/gnu/h-x86_64-mingw32/bin/../lib/gcc/nios2-elf/5.3.0/../../../../../H-x86_64-mingw32/nios2-elf/lib/mno-hw-mul\libsmallc.a(lib_a-strlen.o)
 .debug_info    0x00000000000012e7      0xb2b c:/software/intelfpga_lite/18.1/nios2eds/bin/gnu/h-x86_64-mingw32/bin/../lib/gcc/nios2-elf/5.3.0/../../../../../H-x86_64-mingw32/nios2-elf/lib/mno-hw-mul\libsmallc.a(lib_a-vfprintf.o)
 .debug_info    0x0000000000001e12      0x62b c:/software/intelfpga_lite/18.1/nios2eds/bin/gnu/h-x86_64-mingw32/bin/../lib/gcc/nios2-elf/5.3.0/../../../../../H-x86_64-mingw32/nios2-elf/lib/mno-hw-mul\libsmallc.a(lib_a-fvwrite_small_dev.o)
 .debug_info    0x000000000000243d      0x5a9 c:/software/intelfpga_lite/18.1/nios2eds/bin/gnu/h-x86_64-mingw32/bin/../lib/gcc/nios2-elf/5.3.0/../../../../../H-x86_64-mingw32/nios2-elf/lib/mno-hw-mul\libsmallc.a(lib_a-impure.o)
 .debug_info    0x00000000000029e6      0x630 c:/software/intelfpga_lite/18.1/nios2eds/bin/gnu/h-x86_64-mingw32/bin/../lib/gcc/nios2-elf/5.3.0/../../../../../H-x86_64-mingw32/nios2-elf/lib/mno-hw-mul\libsmallc.a(lib_a-writer.o)
 .debug_info    0x0000000000003016       0x8a c:/software/intelfpga_lite/18.1/nios2eds/bin/gnu/h-x86_64-mingw32/bin/../lib/gcc/nios2-elf/5.3.0/../../../../../H-x86_64-mingw32/nios2-elf/lib/mno-hw-mul\libsmallc.a(lib_a-int_errno.o)
 .debug_info    0x00000000000030a0      0x2c6 c:/software/intelfpga_lite/18.1/nios2eds/bin/gnu/h-x86_64-mingw32/bin/../lib/gcc/nios2-elf/5.3.0/mno-hw-mul\libgcc.a(lib2-divmod.o)
 .debug_info    0x0000000000003366       0xb4 c:/software/intelfpga_lite/18.1/nios2eds/bin/gnu/h-x86_64-mingw32/bin/../lib/gcc/nios2-elf/5.3.0/mno-hw-mul\libgcc.a(lib2-mul.o)
 .debug_info    0x000000000000341a      0x1c9 ../test_sd_bsp/\libhal_bsp.a(alt_load.o)
 .debug_info    0x00000000000035e3      0x169 ../test_sd_bsp/\libhal_bsp.a(alt_main.o)
 .debug_info    0x000000000000374c       0xd1 ../test_sd_bsp/\libhal_bsp.a(alt_usleep.o)
 .debug_info    0x000000000000381d      0x1c7 ../test_sd_bsp/\libhal_bsp.a(alt_write.o)
 .debug_info    0x00000000000039e4      0x42d ../test_sd_bsp/\libhal_bsp.a(alt_sys_init.o)
 .debug_info    0x0000000000003e11     0x21f0 ../test_sd_bsp/\libhal_bsp.a(Altera_UP_SD_Card_Avalon_Interface.o)
 .debug_info    0x0000000000006001      0x197 ../test_sd_bsp/\libhal_bsp.a(altera_avalon_jtag_uart_write.o)
 .debug_info    0x0000000000006198       0xd8 ../test_sd_bsp/\libhal_bsp.a(alt_busy_sleep.o)
 .debug_info    0x0000000000006270       0x92 ../test_sd_bsp/\libhal_bsp.a(alt_dcache_flush_all.o)
 .debug_info    0x0000000000006302      0x499 ../test_sd_bsp/\libhal_bsp.a(alt_dev.o)
 .debug_info    0x000000000000679b      0x1b3 ../test_sd_bsp/\libhal_bsp.a(alt_dev_llist_insert.o)
 .debug_info    0x000000000000694e       0xa6 ../test_sd_bsp/\libhal_bsp.a(alt_errno.o)
 .debug_info    0x00000000000069f4      0x32d ../test_sd_bsp/\libhal_bsp.a(alt_find_dev.o)
 .debug_info    0x0000000000006d21       0x92 ../test_sd_bsp/\libhal_bsp.a(alt_icache_flush_all.o)
 .debug_info    0x0000000000006db3       0x92 ../test_sd_bsp/\libhal_bsp.a(altera_nios2_gen2_irq.o)
 .debug_info    0x0000000000006e45       0xf4 c:/software/intelfpga_lite/18.1/nios2eds/bin/gnu/h-x86_64-mingw32/bin/../lib/gcc/nios2-elf/5.3.0/../../../../../H-x86_64-mingw32/nios2-elf/lib/mno-hw-mul\libsmallc.a(lib_a-memcmp.o)
 .debug_info    0x0000000000006f39      0x119 c:/software/intelfpga_lite/18.1/nios2eds/bin/gnu/h-x86_64-mingw32/bin/../lib/gcc/nios2-elf/5.3.0/../../../../../H-x86_64-mingw32/nios2-elf/lib/mno-hw-mul\libsmallc.a(lib_a-memcpy.o)

.debug_abbrev   0x0000000000000000     0x1e0f
 *(.debug_abbrev)
 .debug_abbrev  0x0000000000000000       0x12 ../test_sd_bsp//obj/HAL/src/crt0.o
 .debug_abbrev  0x0000000000000012      0x183 obj/default/hello_world_small.o
 .debug_abbrev  0x0000000000000195      0x1ee c:/software/intelfpga_lite/18.1/nios2eds/bin/gnu/h-x86_64-mingw32/bin/../lib/gcc/nios2-elf/5.3.0/../../../../../H-x86_64-mingw32/nios2-elf/lib/mno-hw-mul\libsmallc.a(lib_a-printf.o)
 .debug_abbrev  0x0000000000000383      0x1d6 c:/software/intelfpga_lite/18.1/nios2eds/bin/gnu/h-x86_64-mingw32/bin/../lib/gcc/nios2-elf/5.3.0/../../../../../H-x86_64-mingw32/nios2-elf/lib/mno-hw-mul\libsmallc.a(lib_a-puts.o)
 .debug_abbrev  0x0000000000000559       0x7f c:/software/intelfpga_lite/18.1/nios2eds/bin/gnu/h-x86_64-mingw32/bin/../lib/gcc/nios2-elf/5.3.0/../../../../../H-x86_64-mingw32/nios2-elf/lib/mno-hw-mul\libsmallc.a(lib_a-strlen.o)
 .debug_abbrev  0x00000000000005d8      0x2a1 c:/software/intelfpga_lite/18.1/nios2eds/bin/gnu/h-x86_64-mingw32/bin/../lib/gcc/nios2-elf/5.3.0/../../../../../H-x86_64-mingw32/nios2-elf/lib/mno-hw-mul\libsmallc.a(lib_a-vfprintf.o)
 .debug_abbrev  0x0000000000000879      0x1bc c:/software/intelfpga_lite/18.1/nios2eds/bin/gnu/h-x86_64-mingw32/bin/../lib/gcc/nios2-elf/5.3.0/../../../../../H-x86_64-mingw32/nios2-elf/lib/mno-hw-mul\libsmallc.a(lib_a-fvwrite_small_dev.o)
 .debug_abbrev  0x0000000000000a35      0x14a c:/software/intelfpga_lite/18.1/nios2eds/bin/gnu/h-x86_64-mingw32/bin/../lib/gcc/nios2-elf/5.3.0/../../../../../H-x86_64-mingw32/nios2-elf/lib/mno-hw-mul\libsmallc.a(lib_a-impure.o)
 .debug_abbrev  0x0000000000000b7f      0x1a6 c:/software/intelfpga_lite/18.1/nios2eds/bin/gnu/h-x86_64-mingw32/bin/../lib/gcc/nios2-elf/5.3.0/../../../../../H-x86_64-mingw32/nios2-elf/lib/mno-hw-mul\libsmallc.a(lib_a-writer.o)
 .debug_abbrev  0x0000000000000d25       0x37 c:/software/intelfpga_lite/18.1/nios2eds/bin/gnu/h-x86_64-mingw32/bin/../lib/gcc/nios2-elf/5.3.0/../../../../../H-x86_64-mingw32/nios2-elf/lib/mno-hw-mul\libsmallc.a(lib_a-int_errno.o)
 .debug_abbrev  0x0000000000000d5c      0x10e c:/software/intelfpga_lite/18.1/nios2eds/bin/gnu/h-x86_64-mingw32/bin/../lib/gcc/nios2-elf/5.3.0/mno-hw-mul\libgcc.a(lib2-divmod.o)
 .debug_abbrev  0x0000000000000e6a       0x6f c:/software/intelfpga_lite/18.1/nios2eds/bin/gnu/h-x86_64-mingw32/bin/../lib/gcc/nios2-elf/5.3.0/mno-hw-mul\libgcc.a(lib2-mul.o)
 .debug_abbrev  0x0000000000000ed9       0xd8 ../test_sd_bsp/\libhal_bsp.a(alt_load.o)
 .debug_abbrev  0x0000000000000fb1       0xee ../test_sd_bsp/\libhal_bsp.a(alt_main.o)
 .debug_abbrev  0x000000000000109f       0x8d ../test_sd_bsp/\libhal_bsp.a(alt_usleep.o)
 .debug_abbrev  0x000000000000112c      0x12e ../test_sd_bsp/\libhal_bsp.a(alt_write.o)
 .debug_abbrev  0x000000000000125a      0x1a5 ../test_sd_bsp/\libhal_bsp.a(alt_sys_init.o)
 .debug_abbrev  0x00000000000013ff      0x359 ../test_sd_bsp/\libhal_bsp.a(Altera_UP_SD_Card_Avalon_Interface.o)
 .debug_abbrev  0x0000000000001758       0xd5 ../test_sd_bsp/\libhal_bsp.a(altera_avalon_jtag_uart_write.o)
 .debug_abbrev  0x000000000000182d       0x8d ../test_sd_bsp/\libhal_bsp.a(alt_busy_sleep.o)
 .debug_abbrev  0x00000000000018ba       0x42 ../test_sd_bsp/\libhal_bsp.a(alt_dcache_flush_all.o)
 .debug_abbrev  0x00000000000018fc       0xd9 ../test_sd_bsp/\libhal_bsp.a(alt_dev.o)
 .debug_abbrev  0x00000000000019d5      0x11c ../test_sd_bsp/\libhal_bsp.a(alt_dev_llist_insert.o)
 .debug_abbrev  0x0000000000001af1       0x5a ../test_sd_bsp/\libhal_bsp.a(alt_errno.o)
 .debug_abbrev  0x0000000000001b4b      0x125 ../test_sd_bsp/\libhal_bsp.a(alt_find_dev.o)
 .debug_abbrev  0x0000000000001c70       0x42 ../test_sd_bsp/\libhal_bsp.a(alt_icache_flush_all.o)
 .debug_abbrev  0x0000000000001cb2       0x42 ../test_sd_bsp/\libhal_bsp.a(altera_nios2_gen2_irq.o)
 .debug_abbrev  0x0000000000001cf4       0x7f c:/software/intelfpga_lite/18.1/nios2eds/bin/gnu/h-x86_64-mingw32/bin/../lib/gcc/nios2-elf/5.3.0/../../../../../H-x86_64-mingw32/nios2-elf/lib/mno-hw-mul\libsmallc.a(lib_a-memcmp.o)
 .debug_abbrev  0x0000000000001d73       0x9c c:/software/intelfpga_lite/18.1/nios2eds/bin/gnu/h-x86_64-mingw32/bin/../lib/gcc/nios2-elf/5.3.0/../../../../../H-x86_64-mingw32/nios2-elf/lib/mno-hw-mul\libsmallc.a(lib_a-memcpy.o)

.debug_line     0x0000000000000000     0x2760
 *(.debug_line)
 .debug_line    0x0000000000000000       0x66 ../test_sd_bsp//obj/HAL/src/crt0.o
 .debug_line    0x0000000000000066      0x173 obj/default/hello_world_small.o
 .debug_line    0x00000000000001d9      0x203 c:/software/intelfpga_lite/18.1/nios2eds/bin/gnu/h-x86_64-mingw32/bin/../lib/gcc/nios2-elf/5.3.0/../../../../../H-x86_64-mingw32/nios2-elf/lib/mno-hw-mul\libsmallc.a(lib_a-printf.o)
 .debug_line    0x00000000000003dc      0x206 c:/software/intelfpga_lite/18.1/nios2eds/bin/gnu/h-x86_64-mingw32/bin/../lib/gcc/nios2-elf/5.3.0/../../../../../H-x86_64-mingw32/nios2-elf/lib/mno-hw-mul\libsmallc.a(lib_a-puts.o)
 .debug_line    0x00000000000005e2      0x15c c:/software/intelfpga_lite/18.1/nios2eds/bin/gnu/h-x86_64-mingw32/bin/../lib/gcc/nios2-elf/5.3.0/../../../../../H-x86_64-mingw32/nios2-elf/lib/mno-hw-mul\libsmallc.a(lib_a-strlen.o)
 .debug_line    0x000000000000073e      0x351 c:/software/intelfpga_lite/18.1/nios2eds/bin/gnu/h-x86_64-mingw32/bin/../lib/gcc/nios2-elf/5.3.0/../../../../../H-x86_64-mingw32/nios2-elf/lib/mno-hw-mul\libsmallc.a(lib_a-vfprintf.o)
 .debug_line    0x0000000000000a8f      0x1f0 c:/software/intelfpga_lite/18.1/nios2eds/bin/gnu/h-x86_64-mingw32/bin/../lib/gcc/nios2-elf/5.3.0/../../../../../H-x86_64-mingw32/nios2-elf/lib/mno-hw-mul\libsmallc.a(lib_a-fvwrite_small_dev.o)
 .debug_line    0x0000000000000c7f      0x156 c:/software/intelfpga_lite/18.1/nios2eds/bin/gnu/h-x86_64-mingw32/bin/../lib/gcc/nios2-elf/5.3.0/../../../../../H-x86_64-mingw32/nios2-elf/lib/mno-hw-mul\libsmallc.a(lib_a-impure.o)
 .debug_line    0x0000000000000dd5      0x1ed c:/software/intelfpga_lite/18.1/nios2eds/bin/gnu/h-x86_64-mingw32/bin/../lib/gcc/nios2-elf/5.3.0/../../../../../H-x86_64-mingw32/nios2-elf/lib/mno-hw-mul\libsmallc.a(lib_a-writer.o)
 .debug_line    0x0000000000000fc2       0x5f c:/software/intelfpga_lite/18.1/nios2eds/bin/gnu/h-x86_64-mingw32/bin/../lib/gcc/nios2-elf/5.3.0/../../../../../H-x86_64-mingw32/nios2-elf/lib/mno-hw-mul\libsmallc.a(lib_a-int_errno.o)
 .debug_line    0x0000000000001021      0x105 c:/software/intelfpga_lite/18.1/nios2eds/bin/gnu/h-x86_64-mingw32/bin/../lib/gcc/nios2-elf/5.3.0/mno-hw-mul\libgcc.a(lib2-divmod.o)
 .debug_line    0x0000000000001126       0x80 c:/software/intelfpga_lite/18.1/nios2eds/bin/gnu/h-x86_64-mingw32/bin/../lib/gcc/nios2-elf/5.3.0/mno-hw-mul\libgcc.a(lib2-mul.o)
 .debug_line    0x00000000000011a6       0xa4 ../test_sd_bsp/\libhal_bsp.a(alt_load.o)
 .debug_line    0x000000000000124a       0xbd ../test_sd_bsp/\libhal_bsp.a(alt_main.o)
 .debug_line    0x0000000000001307       0xd8 ../test_sd_bsp/\libhal_bsp.a(alt_usleep.o)
 .debug_line    0x00000000000013df      0x17c ../test_sd_bsp/\libhal_bsp.a(alt_write.o)
 .debug_line    0x000000000000155b      0x14b ../test_sd_bsp/\libhal_bsp.a(alt_sys_init.o)
 .debug_line    0x00000000000016a6      0x833 ../test_sd_bsp/\libhal_bsp.a(Altera_UP_SD_Card_Avalon_Interface.o)
 .debug_line    0x0000000000001ed9       0xf0 ../test_sd_bsp/\libhal_bsp.a(altera_avalon_jtag_uart_write.o)
 .debug_line    0x0000000000001fc9       0xb5 ../test_sd_bsp/\libhal_bsp.a(alt_busy_sleep.o)
 .debug_line    0x000000000000207e       0x4e ../test_sd_bsp/\libhal_bsp.a(alt_dcache_flush_all.o)
 .debug_line    0x00000000000020cc       0xff ../test_sd_bsp/\libhal_bsp.a(alt_dev.o)
 .debug_line    0x00000000000021cb       0xd8 ../test_sd_bsp/\libhal_bsp.a(alt_dev_llist_insert.o)
 .debug_line    0x00000000000022a3       0x51 ../test_sd_bsp/\libhal_bsp.a(alt_errno.o)
 .debug_line    0x00000000000022f4      0x110 ../test_sd_bsp/\libhal_bsp.a(alt_find_dev.o)
 .debug_line    0x0000000000002404       0x4e ../test_sd_bsp/\libhal_bsp.a(alt_icache_flush_all.o)
 .debug_line    0x0000000000002452       0x50 ../test_sd_bsp/\libhal_bsp.a(altera_nios2_gen2_irq.o)
 .debug_line    0x00000000000024a2      0x160 c:/software/intelfpga_lite/18.1/nios2eds/bin/gnu/h-x86_64-mingw32/bin/../lib/gcc/nios2-elf/5.3.0/../../../../../H-x86_64-mingw32/nios2-elf/lib/mno-hw-mul\libsmallc.a(lib_a-memcmp.o)
 .debug_line    0x0000000000002602      0x15e c:/software/intelfpga_lite/18.1/nios2eds/bin/gnu/h-x86_64-mingw32/bin/../lib/gcc/nios2-elf/5.3.0/../../../../../H-x86_64-mingw32/nios2-elf/lib/mno-hw-mul\libsmallc.a(lib_a-memcpy.o)

.debug_frame    0x0000000000000000      0xa10
 *(.debug_frame)
 .debug_frame   0x0000000000000000       0x34 obj/default/hello_world_small.o
 .debug_frame   0x0000000000000034       0x48 c:/software/intelfpga_lite/18.1/nios2eds/bin/gnu/h-x86_64-mingw32/bin/../lib/gcc/nios2-elf/5.3.0/../../../../../H-x86_64-mingw32/nios2-elf/lib/mno-hw-mul\libsmallc.a(lib_a-printf.o)
 .debug_frame   0x000000000000007c       0x48 c:/software/intelfpga_lite/18.1/nios2eds/bin/gnu/h-x86_64-mingw32/bin/../lib/gcc/nios2-elf/5.3.0/../../../../../H-x86_64-mingw32/nios2-elf/lib/mno-hw-mul\libsmallc.a(lib_a-puts.o)
 .debug_frame   0x00000000000000c4       0x20 c:/software/intelfpga_lite/18.1/nios2eds/bin/gnu/h-x86_64-mingw32/bin/../lib/gcc/nios2-elf/5.3.0/../../../../../H-x86_64-mingw32/nios2-elf/lib/mno-hw-mul\libsmallc.a(lib_a-strlen.o)
 .debug_frame   0x00000000000000e4       0x8c c:/software/intelfpga_lite/18.1/nios2eds/bin/gnu/h-x86_64-mingw32/bin/../lib/gcc/nios2-elf/5.3.0/../../../../../H-x86_64-mingw32/nios2-elf/lib/mno-hw-mul\libsmallc.a(lib_a-vfprintf.o)
 .debug_frame   0x0000000000000170       0x58 c:/software/intelfpga_lite/18.1/nios2eds/bin/gnu/h-x86_64-mingw32/bin/../lib/gcc/nios2-elf/5.3.0/../../../../../H-x86_64-mingw32/nios2-elf/lib/mno-hw-mul\libsmallc.a(lib_a-fvwrite_small_dev.o)
 .debug_frame   0x00000000000001c8       0x38 c:/software/intelfpga_lite/18.1/nios2eds/bin/gnu/h-x86_64-mingw32/bin/../lib/gcc/nios2-elf/5.3.0/../../../../../H-x86_64-mingw32/nios2-elf/lib/mno-hw-mul\libsmallc.a(lib_a-writer.o)
 .debug_frame   0x0000000000000200       0x50 c:/software/intelfpga_lite/18.1/nios2eds/bin/gnu/h-x86_64-mingw32/bin/../lib/gcc/nios2-elf/5.3.0/mno-hw-mul\libgcc.a(lib2-divmod.o)
 .debug_frame   0x0000000000000250       0x20 c:/software/intelfpga_lite/18.1/nios2eds/bin/gnu/h-x86_64-mingw32/bin/../lib/gcc/nios2-elf/5.3.0/mno-hw-mul\libgcc.a(lib2-mul.o)
 .debug_frame   0x0000000000000270       0x30 ../test_sd_bsp/\libhal_bsp.a(alt_load.o)
 .debug_frame   0x00000000000002a0       0x2c ../test_sd_bsp/\libhal_bsp.a(alt_main.o)
 .debug_frame   0x00000000000002cc       0x20 ../test_sd_bsp/\libhal_bsp.a(alt_usleep.o)
 .debug_frame   0x00000000000002ec       0x2c ../test_sd_bsp/\libhal_bsp.a(alt_write.o)
 .debug_frame   0x0000000000000318       0x3c ../test_sd_bsp/\libhal_bsp.a(alt_sys_init.o)
 .debug_frame   0x0000000000000354      0x544 ../test_sd_bsp/\libhal_bsp.a(Altera_UP_SD_Card_Avalon_Interface.o)
 .debug_frame   0x0000000000000898       0x20 ../test_sd_bsp/\libhal_bsp.a(altera_avalon_jtag_uart_write.o)
 .debug_frame   0x00000000000008b8       0x30 ../test_sd_bsp/\libhal_bsp.a(alt_busy_sleep.o)
 .debug_frame   0x00000000000008e8       0x20 ../test_sd_bsp/\libhal_bsp.a(alt_dcache_flush_all.o)
 .debug_frame   0x0000000000000908       0x20 ../test_sd_bsp/\libhal_bsp.a(alt_dev.o)
 .debug_frame   0x0000000000000928       0x2c ../test_sd_bsp/\libhal_bsp.a(alt_dev_llist_insert.o)
 .debug_frame   0x0000000000000954       0x3c ../test_sd_bsp/\libhal_bsp.a(alt_find_dev.o)
 .debug_frame   0x0000000000000990       0x20 ../test_sd_bsp/\libhal_bsp.a(alt_icache_flush_all.o)
 .debug_frame   0x00000000000009b0       0x20 ../test_sd_bsp/\libhal_bsp.a(altera_nios2_gen2_irq.o)
 .debug_frame   0x00000000000009d0       0x20 c:/software/intelfpga_lite/18.1/nios2eds/bin/gnu/h-x86_64-mingw32/bin/../lib/gcc/nios2-elf/5.3.0/../../../../../H-x86_64-mingw32/nios2-elf/lib/mno-hw-mul\libsmallc.a(lib_a-memcmp.o)
 .debug_frame   0x00000000000009f0       0x20 c:/software/intelfpga_lite/18.1/nios2eds/bin/gnu/h-x86_64-mingw32/bin/../lib/gcc/nios2-elf/5.3.0/../../../../../H-x86_64-mingw32/nios2-elf/lib/mno-hw-mul\libsmallc.a(lib_a-memcpy.o)

.debug_str      0x0000000000000000     0x1de1
 *(.debug_str)
 .debug_str     0x0000000000000000      0x249 obj/default/hello_world_small.o
                                        0x2bd (size before relaxing)
 .debug_str     0x0000000000000249      0x42a c:/software/intelfpga_lite/18.1/nios2eds/bin/gnu/h-x86_64-mingw32/bin/../lib/gcc/nios2-elf/5.3.0/../../../../../H-x86_64-mingw32/nios2-elf/lib/mno-hw-mul\libsmallc.a(lib_a-printf.o)
                                        0x504 (size before relaxing)
 .debug_str     0x0000000000000673       0x5e c:/software/intelfpga_lite/18.1/nios2eds/bin/gnu/h-x86_64-mingw32/bin/../lib/gcc/nios2-elf/5.3.0/../../../../../H-x86_64-mingw32/nios2-elf/lib/mno-hw-mul\libsmallc.a(lib_a-puts.o)
                                        0x4cd (size before relaxing)
 .debug_str     0x00000000000006d1       0xd2 c:/software/intelfpga_lite/18.1/nios2eds/bin/gnu/h-x86_64-mingw32/bin/../lib/gcc/nios2-elf/5.3.0/../../../../../H-x86_64-mingw32/nios2-elf/lib/mno-hw-mul\libsmallc.a(lib_a-strlen.o)
                                        0x1e5 (size before relaxing)
 .debug_str     0x00000000000007a3      0x1f8 c:/software/intelfpga_lite/18.1/nios2eds/bin/gnu/h-x86_64-mingw32/bin/../lib/gcc/nios2-elf/5.3.0/../../../../../H-x86_64-mingw32/nios2-elf/lib/mno-hw-mul\libsmallc.a(lib_a-vfprintf.o)
                                        0x67f (size before relaxing)
 .debug_str     0x000000000000099b       0x63 c:/software/intelfpga_lite/18.1/nios2eds/bin/gnu/h-x86_64-mingw32/bin/../lib/gcc/nios2-elf/5.3.0/../../../../../H-x86_64-mingw32/nios2-elf/lib/mno-hw-mul\libsmallc.a(lib_a-fvwrite_small_dev.o)
                                        0x4d4 (size before relaxing)
 .debug_str     0x00000000000009fe       0xef c:/software/intelfpga_lite/18.1/nios2eds/bin/gnu/h-x86_64-mingw32/bin/../lib/gcc/nios2-elf/5.3.0/../../../../../H-x86_64-mingw32/nios2-elf/lib/mno-hw-mul\libsmallc.a(lib_a-impure.o)
                                        0x4be (size before relaxing)
 .debug_str     0x0000000000000aed       0x45 c:/software/intelfpga_lite/18.1/nios2eds/bin/gnu/h-x86_64-mingw32/bin/../lib/gcc/nios2-elf/5.3.0/../../../../../H-x86_64-mingw32/nios2-elf/lib/mno-hw-mul\libsmallc.a(lib_a-writer.o)
                                        0x4b8 (size before relaxing)
 .debug_str     0x0000000000000b32       0x3f c:/software/intelfpga_lite/18.1/nios2eds/bin/gnu/h-x86_64-mingw32/bin/../lib/gcc/nios2-elf/5.3.0/../../../../../H-x86_64-mingw32/nios2-elf/lib/mno-hw-mul\libsmallc.a(lib_a-int_errno.o)
                                        0x1d8 (size before relaxing)
 .debug_str     0x0000000000000b71      0x187 c:/software/intelfpga_lite/18.1/nios2eds/bin/gnu/h-x86_64-mingw32/bin/../lib/gcc/nios2-elf/5.3.0/mno-hw-mul\libgcc.a(lib2-divmod.o)
                                        0x1d2 (size before relaxing)
 .debug_str     0x0000000000000cf8       0x40 c:/software/intelfpga_lite/18.1/nios2eds/bin/gnu/h-x86_64-mingw32/bin/../lib/gcc/nios2-elf/5.3.0/mno-hw-mul\libgcc.a(lib2-mul.o)
                                        0x193 (size before relaxing)
 .debug_str     0x0000000000000d38      0x175 ../test_sd_bsp/\libhal_bsp.a(alt_load.o)
                                        0x25c (size before relaxing)
 .debug_str     0x0000000000000ead       0x5e ../test_sd_bsp/\libhal_bsp.a(alt_main.o)
                                        0x1d5 (size before relaxing)
 .debug_str     0x0000000000000f0b       0x2f ../test_sd_bsp/\libhal_bsp.a(alt_usleep.o)
                                        0x177 (size before relaxing)
 .debug_str     0x0000000000000f3a       0x76 ../test_sd_bsp/\libhal_bsp.a(alt_write.o)
                                        0x200 (size before relaxing)
 .debug_str     0x0000000000000fb0       0xd5 ../test_sd_bsp/\libhal_bsp.a(alt_sys_init.o)
                                        0x31c (size before relaxing)
 .debug_str     0x0000000000001085      0xa7d ../test_sd_bsp/\libhal_bsp.a(Altera_UP_SD_Card_Avalon_Interface.o)
                                        0xdb9 (size before relaxing)
 .debug_str     0x0000000000001b02       0x2c ../test_sd_bsp/\libhal_bsp.a(altera_avalon_jtag_uart_write.o)
                                        0x235 (size before relaxing)
 .debug_str     0x0000000000001b2e       0x33 ../test_sd_bsp/\libhal_bsp.a(alt_busy_sleep.o)
                                        0x18b (size before relaxing)
 .debug_str     0x0000000000001b61       0x1f ../test_sd_bsp/\libhal_bsp.a(alt_dcache_flush_all.o)
                                        0x175 (size before relaxing)
 .debug_str     0x0000000000001b80      0x12c ../test_sd_bsp/\libhal_bsp.a(alt_dev.o)
                                        0x325 (size before relaxing)
 .debug_str     0x0000000000001cac       0x36 ../test_sd_bsp/\libhal_bsp.a(alt_dev_llist_insert.o)
                                        0x1ec (size before relaxing)
 .debug_str     0x0000000000001ce2       0x14 ../test_sd_bsp/\libhal_bsp.a(alt_errno.o)
                                        0x165 (size before relaxing)
 .debug_str     0x0000000000001cf6       0x1e ../test_sd_bsp/\libhal_bsp.a(alt_find_dev.o)
                                        0x21a (size before relaxing)
 .debug_str     0x0000000000001d14       0x1f ../test_sd_bsp/\libhal_bsp.a(alt_icache_flush_all.o)
                                        0x175 (size before relaxing)
 .debug_str     0x0000000000001d33       0x20 ../test_sd_bsp/\libhal_bsp.a(altera_nios2_gen2_irq.o)
                                        0x17c (size before relaxing)
 .debug_str     0x0000000000001d53       0x3d c:/software/intelfpga_lite/18.1/nios2eds/bin/gnu/h-x86_64-mingw32/bin/../lib/gcc/nios2-elf/5.3.0/../../../../../H-x86_64-mingw32/nios2-elf/lib/mno-hw-mul\libsmallc.a(lib_a-memcmp.o)
                                        0x1df (size before relaxing)
 .debug_str     0x0000000000001d90       0x51 c:/software/intelfpga_lite/18.1/nios2eds/bin/gnu/h-x86_64-mingw32/bin/../lib/gcc/nios2-elf/5.3.0/../../../../../H-x86_64-mingw32/nios2-elf/lib/mno-hw-mul\libsmallc.a(lib_a-memcpy.o)
                                        0x1f3 (size before relaxing)

.debug_loc      0x0000000000000000     0x32ee
 *(.debug_loc)
 .debug_loc     0x0000000000000000       0x77 obj/default/hello_world_small.o
 .debug_loc     0x0000000000000077       0xc6 c:/software/intelfpga_lite/18.1/nios2eds/bin/gnu/h-x86_64-mingw32/bin/../lib/gcc/nios2-elf/5.3.0/../../../../../H-x86_64-mingw32/nios2-elf/lib/mno-hw-mul\libsmallc.a(lib_a-printf.o)
 .debug_loc     0x000000000000013d       0x97 c:/software/intelfpga_lite/18.1/nios2eds/bin/gnu/h-x86_64-mingw32/bin/../lib/gcc/nios2-elf/5.3.0/../../../../../H-x86_64-mingw32/nios2-elf/lib/mno-hw-mul\libsmallc.a(lib_a-puts.o)
 .debug_loc     0x00000000000001d4       0x1e c:/software/intelfpga_lite/18.1/nios2eds/bin/gnu/h-x86_64-mingw32/bin/../lib/gcc/nios2-elf/5.3.0/../../../../../H-x86_64-mingw32/nios2-elf/lib/mno-hw-mul\libsmallc.a(lib_a-strlen.o)
 .debug_loc     0x00000000000001f2      0x954 c:/software/intelfpga_lite/18.1/nios2eds/bin/gnu/h-x86_64-mingw32/bin/../lib/gcc/nios2-elf/5.3.0/../../../../../H-x86_64-mingw32/nios2-elf/lib/mno-hw-mul\libsmallc.a(lib_a-vfprintf.o)
 .debug_loc     0x0000000000000b46      0x110 c:/software/intelfpga_lite/18.1/nios2eds/bin/gnu/h-x86_64-mingw32/bin/../lib/gcc/nios2-elf/5.3.0/../../../../../H-x86_64-mingw32/nios2-elf/lib/mno-hw-mul\libsmallc.a(lib_a-fvwrite_small_dev.o)
 .debug_loc     0x0000000000000c56       0xa5 c:/software/intelfpga_lite/18.1/nios2eds/bin/gnu/h-x86_64-mingw32/bin/../lib/gcc/nios2-elf/5.3.0/../../../../../H-x86_64-mingw32/nios2-elf/lib/mno-hw-mul\libsmallc.a(lib_a-writer.o)
 .debug_loc     0x0000000000000cfb      0x4ce c:/software/intelfpga_lite/18.1/nios2eds/bin/gnu/h-x86_64-mingw32/bin/../lib/gcc/nios2-elf/5.3.0/mno-hw-mul\libgcc.a(lib2-divmod.o)
 .debug_loc     0x00000000000011c9       0x93 c:/software/intelfpga_lite/18.1/nios2eds/bin/gnu/h-x86_64-mingw32/bin/../lib/gcc/nios2-elf/5.3.0/mno-hw-mul\libgcc.a(lib2-mul.o)
 .debug_loc     0x000000000000125c       0x21 ../test_sd_bsp/\libhal_bsp.a(alt_usleep.o)
 .debug_loc     0x000000000000127d       0xcf ../test_sd_bsp/\libhal_bsp.a(alt_write.o)
 .debug_loc     0x000000000000134c       0x21 ../test_sd_bsp/\libhal_bsp.a(alt_sys_init.o)
 .debug_loc     0x000000000000136d     0x1bca ../test_sd_bsp/\libhal_bsp.a(Altera_UP_SD_Card_Avalon_Interface.o)
 .debug_loc     0x0000000000002f37       0x8b ../test_sd_bsp/\libhal_bsp.a(altera_avalon_jtag_uart_write.o)
 .debug_loc     0x0000000000002fc2       0x67 ../test_sd_bsp/\libhal_bsp.a(alt_busy_sleep.o)
 .debug_loc     0x0000000000003029       0x7e ../test_sd_bsp/\libhal_bsp.a(alt_dev_llist_insert.o)
 .debug_loc     0x00000000000030a7       0x7e ../test_sd_bsp/\libhal_bsp.a(alt_find_dev.o)
 .debug_loc     0x0000000000003125       0x94 c:/software/intelfpga_lite/18.1/nios2eds/bin/gnu/h-x86_64-mingw32/bin/../lib/gcc/nios2-elf/5.3.0/../../../../../H-x86_64-mingw32/nios2-elf/lib/mno-hw-mul\libsmallc.a(lib_a-memcmp.o)
 .debug_loc     0x00000000000031b9      0x135 c:/software/intelfpga_lite/18.1/nios2eds/bin/gnu/h-x86_64-mingw32/bin/../lib/gcc/nios2-elf/5.3.0/../../../../../H-x86_64-mingw32/nios2-elf/lib/mno-hw-mul\libsmallc.a(lib_a-memcpy.o)

.debug_macinfo
 *(.debug_macinfo)

.debug_weaknames
 *(.debug_weaknames)

.debug_funcnames
 *(.debug_funcnames)

.debug_typenames
 *(.debug_typenames)

.debug_varnames
 *(.debug_varnames)

.debug_alt_sim_info
                0x0000000000000000       0x40
 *(.debug_alt_sim_info)
 .debug_alt_sim_info
                0x0000000000000000       0x10 ../test_sd_bsp//obj/HAL/src/crt0.o
 .debug_alt_sim_info
                0x0000000000000010       0x30 ../test_sd_bsp/\libhal_bsp.a(alt_busy_sleep.o)
                0x0000000000018000                __alt_data_end = 0x18000
                0x0000000000018000                PROVIDE (__alt_stack_pointer, __alt_data_end)
                [!provide]                        PROVIDE (__alt_stack_limit, __alt_stack_base)
                [!provide]                        PROVIDE (__alt_heap_start, end)
                [!provide]                        PROVIDE (__alt_heap_limit, 0x18000)
OUTPUT(test_sd.elf elf32-littlenios2)

.debug_ranges   0x0000000000000000      0x520
 .debug_ranges  0x0000000000000000       0x20 ../test_sd_bsp//obj/HAL/src/crt0.o
 .debug_ranges  0x0000000000000020       0x10 obj/default/hello_world_small.o
 .debug_ranges  0x0000000000000030       0x18 c:/software/intelfpga_lite/18.1/nios2eds/bin/gnu/h-x86_64-mingw32/bin/../lib/gcc/nios2-elf/5.3.0/../../../../../H-x86_64-mingw32/nios2-elf/lib/mno-hw-mul\libsmallc.a(lib_a-printf.o)
 .debug_ranges  0x0000000000000048       0x18 c:/software/intelfpga_lite/18.1/nios2eds/bin/gnu/h-x86_64-mingw32/bin/../lib/gcc/nios2-elf/5.3.0/../../../../../H-x86_64-mingw32/nios2-elf/lib/mno-hw-mul\libsmallc.a(lib_a-puts.o)
 .debug_ranges  0x0000000000000060       0x10 c:/software/intelfpga_lite/18.1/nios2eds/bin/gnu/h-x86_64-mingw32/bin/../lib/gcc/nios2-elf/5.3.0/../../../../../H-x86_64-mingw32/nios2-elf/lib/mno-hw-mul\libsmallc.a(lib_a-strlen.o)
 .debug_ranges  0x0000000000000070       0xc8 c:/software/intelfpga_lite/18.1/nios2eds/bin/gnu/h-x86_64-mingw32/bin/../lib/gcc/nios2-elf/5.3.0/../../../../../H-x86_64-mingw32/nios2-elf/lib/mno-hw-mul\libsmallc.a(lib_a-vfprintf.o)
 .debug_ranges  0x0000000000000138       0x28 c:/software/intelfpga_lite/18.1/nios2eds/bin/gnu/h-x86_64-mingw32/bin/../lib/gcc/nios2-elf/5.3.0/../../../../../H-x86_64-mingw32/nios2-elf/lib/mno-hw-mul\libsmallc.a(lib_a-fvwrite_small_dev.o)
 .debug_ranges  0x0000000000000160       0x10 c:/software/intelfpga_lite/18.1/nios2eds/bin/gnu/h-x86_64-mingw32/bin/../lib/gcc/nios2-elf/5.3.0/../../../../../H-x86_64-mingw32/nios2-elf/lib/mno-hw-mul\libsmallc.a(lib_a-writer.o)
 .debug_ranges  0x0000000000000170       0x60 c:/software/intelfpga_lite/18.1/nios2eds/bin/gnu/h-x86_64-mingw32/bin/../lib/gcc/nios2-elf/5.3.0/mno-hw-mul\libgcc.a(lib2-divmod.o)
 .debug_ranges  0x00000000000001d0       0x48 ../test_sd_bsp/\libhal_bsp.a(alt_load.o)
 .debug_ranges  0x0000000000000218       0x20 ../test_sd_bsp/\libhal_bsp.a(alt_write.o)
 .debug_ranges  0x0000000000000238       0x18 ../test_sd_bsp/\libhal_bsp.a(alt_sys_init.o)
 .debug_ranges  0x0000000000000250      0x290 ../test_sd_bsp/\libhal_bsp.a(Altera_UP_SD_Card_Avalon_Interface.o)
 .debug_ranges  0x00000000000004e0       0x20 ../test_sd_bsp/\libhal_bsp.a(alt_dev_llist_insert.o)
 .debug_ranges  0x0000000000000500       0x10 c:/software/intelfpga_lite/18.1/nios2eds/bin/gnu/h-x86_64-mingw32/bin/../lib/gcc/nios2-elf/5.3.0/../../../../../H-x86_64-mingw32/nios2-elf/lib/mno-hw-mul\libsmallc.a(lib_a-memcmp.o)
 .debug_ranges  0x0000000000000510       0x10 c:/software/intelfpga_lite/18.1/nios2eds/bin/gnu/h-x86_64-mingw32/bin/../lib/gcc/nios2-elf/5.3.0/../../../../../H-x86_64-mingw32/nios2-elf/lib/mno-hw-mul\libsmallc.a(lib_a-memcpy.o)
