Info: Starting: Create block symbol file (.bsf)
Info: qsys-generate C:\Users\Gertjan\OneDrive\Projects\Courses_FPGA\TESTING\CAMERA\nios.qsys --block-symbol-file --output-directory=C:\Users\Gertjan\OneDrive\Projects\Courses_FPGA\TESTING\CAMERA\nios --family="Cyclone IV E" --part=EP4CE115F29C7
Progress: Loading CAMERA/nios.qsys
Progress: Reading input file
Progress: Adding SW [altera_avalon_pio 18.1]
Progress: Parameterizing module SW
Progress: Adding blue [altera_avalon_pio 18.1]
Progress: Parameterizing module blue
Progress: Adding clk_0 [clock_source 18.1]
Progress: Parameterizing module clk_0
Progress: Adding green [altera_avalon_pio 18.1]
Progress: Parameterizing module green
Progress: Adding jtag_uart_0 [altera_avalon_jtag_uart 18.1]
Progress: Parameterizing module jtag_uart_0
Progress: Adding nios2_gen2_0 [altera_nios2_gen2 18.1]
Progress: Parameterizing module nios2_gen2_0
Progress: Adding onchip_memory2_0 [altera_avalon_onchip_memory2 18.1]
Progress: Parameterizing module onchip_memory2_0
Progress: Adding red [altera_avalon_pio 18.1]
Progress: Parameterizing module red
Progress: Adding vid_clk [clock_source 18.1]
Progress: Parameterizing module vid_clk
Progress: Building connections
Progress: Parameterizing connections
Progress: Validating
Progress: Done reading input file
Info: nios.SW: PIO inputs are not hardwired in test bench. Undefined values will be read from PIO inputs during simulation.
Info: nios.blue: PIO inputs are not hardwired in test bench. Undefined values will be read from PIO inputs during simulation.
Info: nios.green: PIO inputs are not hardwired in test bench. Undefined values will be read from PIO inputs during simulation.
Info: nios.jtag_uart_0: JTAG UART IP input clock need to be at least double (2x) the operating frequency of JTAG TCK on board
Info: nios.red: PIO inputs are not hardwired in test bench. Undefined values will be read from PIO inputs during simulation.
Info: qsys-generate succeeded.
Info: Finished: Create block symbol file (.bsf)
Info: 
Info: Starting: Create HDL design files for synthesis
Info: qsys-generate C:\Users\Gertjan\OneDrive\Projects\Courses_FPGA\TESTING\CAMERA\nios.qsys --synthesis=VERILOG --output-directory=C:\Users\Gertjan\OneDrive\Projects\Courses_FPGA\TESTING\CAMERA\nios\synthesis --family="Cyclone IV E" --part=EP4CE115F29C7
Progress: Loading CAMERA/nios.qsys
Progress: Reading input file
Progress: Adding SW [altera_avalon_pio 18.1]
Progress: Parameterizing module SW
Progress: Adding blue [altera_avalon_pio 18.1]
Progress: Parameterizing module blue
Progress: Adding clk_0 [clock_source 18.1]
Progress: Parameterizing module clk_0
Progress: Adding green [altera_avalon_pio 18.1]
Progress: Parameterizing module green
Progress: Adding jtag_uart_0 [altera_avalon_jtag_uart 18.1]
Progress: Parameterizing module jtag_uart_0
Progress: Adding nios2_gen2_0 [altera_nios2_gen2 18.1]
Progress: Parameterizing module nios2_gen2_0
Progress: Adding onchip_memory2_0 [altera_avalon_onchip_memory2 18.1]
Progress: Parameterizing module onchip_memory2_0
Progress: Adding red [altera_avalon_pio 18.1]
Progress: Parameterizing module red
Progress: Adding vid_clk [clock_source 18.1]
Progress: Parameterizing module vid_clk
Progress: Building connections
Progress: Parameterizing connections
Progress: Validating
Progress: Done reading input file
Info: nios.SW: PIO inputs are not hardwired in test bench. Undefined values will be read from PIO inputs during simulation.
Info: nios.blue: PIO inputs are not hardwired in test bench. Undefined values will be read from PIO inputs during simulation.
Info: nios.green: PIO inputs are not hardwired in test bench. Undefined values will be read from PIO inputs during simulation.
Info: nios.jtag_uart_0: JTAG UART IP input clock need to be at least double (2x) the operating frequency of JTAG TCK on board
Info: nios.red: PIO inputs are not hardwired in test bench. Undefined values will be read from PIO inputs during simulation.
Info: nios: Generating nios "nios" for QUARTUS_SYNTH
Info: Inserting clock-crossing logic between cmd_demux.src0 and cmd_mux.sink0
Info: Inserting clock-crossing logic between cmd_demux_001.src0 and cmd_mux.sink1
Info: Inserting clock-crossing logic between rsp_demux.src0 and rsp_mux.sink0
Info: Inserting clock-crossing logic between rsp_demux.src1 and rsp_mux_001.sink0
Error: Cannot find clock for clk_0.clk_in. If clk_0.clk_in is exported please use a clock bridge and reset bridge instead of a clock source. Reset synchronizer, rst_controller_001, may not function if not connected to a clock source. To rectify this error a clock must be manually attached to the clock port of rst_controller_001 in the generated RTL.
Error: Cannot find clock for vid_clk.clk_in. If vid_clk.clk_in is exported please use a clock bridge and reset bridge instead of a clock source. Reset synchronizer, rst_controller_004, may not function if not connected to a clock source. To rectify this error a clock must be manually attached to the clock port of rst_controller_004 in the generated RTL.
Error: Generation stopped, 15 or more modules remaining
Info: nios: Done "nios" with 10 modules, 1 files
Error: qsys-generate failed with exit code 1: 3 Errors, 0 Warnings
Info: Finished: Create HDL design files for synthesis
