Archive member included to satisfy reference by file (symbol)

../print4_bsp/\libhal_bsp.a(alt_load.o)
                              ../print4_bsp//obj/HAL/src/crt0.o (alt_load)
../print4_bsp/\libhal_bsp.a(alt_main.o)
                              ../print4_bsp//obj/HAL/src/crt0.o (alt_main)
../print4_bsp/\libhal_bsp.a(alt_putstr.o)
                              obj/default/hello_world_small.o (alt_putstr)
../print4_bsp/\libhal_bsp.a(alt_usleep.o)
                              obj/default/hello_world_small.o (usleep)
../print4_bsp/\libhal_bsp.a(alt_sys_init.o)
                              ../print4_bsp/\libhal_bsp.a(alt_main.o) (alt_irq_init)
../print4_bsp/\libhal_bsp.a(altera_avalon_jtag_uart_write.o)
                              ../print4_bsp/\libhal_bsp.a(alt_putstr.o) (altera_avalon_jtag_uart_write)
../print4_bsp/\libhal_bsp.a(alt_busy_sleep.o)
                              ../print4_bsp/\libhal_bsp.a(alt_usleep.o) (alt_busy_sleep)
../print4_bsp/\libhal_bsp.a(alt_dcache_flush_all.o)
                              ../print4_bsp/\libhal_bsp.a(alt_load.o) (alt_dcache_flush_all)
../print4_bsp/\libhal_bsp.a(alt_icache_flush_all.o)
                              ../print4_bsp/\libhal_bsp.a(alt_load.o) (alt_icache_flush_all)
../print4_bsp/\libhal_bsp.a(altera_nios2_gen2_irq.o)
                              ../print4_bsp/\libhal_bsp.a(alt_sys_init.o) (altera_nios2_gen2_irq_init)
c:/software/intelfpga_lite/18.1/nios2eds/bin/gnu/h-x86_64-mingw32/bin/../lib/gcc/nios2-elf/5.3.0/../../../../../H-x86_64-mingw32/nios2-elf/lib/mno-hw-mul\libsmallc.a(lib_a-strlen.o)
                              ../print4_bsp/\libhal_bsp.a(alt_putstr.o) (strlen)
c:/software/intelfpga_lite/18.1/nios2eds/bin/gnu/h-x86_64-mingw32/bin/../lib/gcc/nios2-elf/5.3.0/mno-hw-mul\libgcc.a(lib2-divmod.o)
                              ../print4_bsp/\libhal_bsp.a(alt_busy_sleep.o) (__udivsi3)
c:/software/intelfpga_lite/18.1/nios2eds/bin/gnu/h-x86_64-mingw32/bin/../lib/gcc/nios2-elf/5.3.0/mno-hw-mul\libgcc.a(lib2-mul.o)
                              ../print4_bsp/\libhal_bsp.a(alt_busy_sleep.o) (__mulsi3)

Memory Configuration

Name             Origin             Length             Attributes
reset            0x0000000000002000 0x0000000000000020
onchip_memory2_0 0x0000000000002020 0x0000000000001fe0
*default*        0x0000000000000000 0xffffffffffffffff

Linker script and memory map

LOAD ../print4_bsp//obj/HAL/src/crt0.o
LOAD obj/default/hello_world_small.o
LOAD c:/software/intelfpga_lite/18.1/nios2eds/bin/gnu/h-x86_64-mingw32/bin/../lib/gcc/nios2-elf/5.3.0/../../../../../H-x86_64-mingw32/nios2-elf/lib/mno-hw-mul\libstdc++.a
LOAD c:/software/intelfpga_lite/18.1/nios2eds/bin/gnu/h-x86_64-mingw32/bin/../lib/gcc/nios2-elf/5.3.0/../../../../../H-x86_64-mingw32/nios2-elf/lib/mno-hw-mul\libm.a
LOAD c:/software/intelfpga_lite/18.1/nios2eds/bin/gnu/h-x86_64-mingw32/bin/../lib/gcc/nios2-elf/5.3.0/mno-hw-mul\libgcc.a
START GROUP
LOAD c:/software/intelfpga_lite/18.1/nios2eds/bin/gnu/h-x86_64-mingw32/bin/../lib/gcc/nios2-elf/5.3.0/../../../../../H-x86_64-mingw32/nios2-elf/lib/mno-hw-mul\libsmallc.a
LOAD c:/software/intelfpga_lite/18.1/nios2eds/bin/gnu/h-x86_64-mingw32/bin/../lib/gcc/nios2-elf/5.3.0/mno-hw-mul\libgcc.a
LOAD ../print4_bsp/\libhal_bsp.a
LOAD c:/software/intelfpga_lite/18.1/nios2eds/bin/gnu/h-x86_64-mingw32/bin/../lib/gcc/nios2-elf/5.3.0/../../../../../H-x86_64-mingw32/nios2-elf/lib/mno-hw-mul\libm.a
END GROUP
LOAD c:/software/intelfpga_lite/18.1/nios2eds/bin/gnu/h-x86_64-mingw32/bin/../lib/gcc/nios2-elf/5.3.0/mno-hw-mul\libgcc.a
                0x0000000000002000                __alt_mem_onchip_memory2_0 = 0x2000

.entry          0x0000000000002000       0x20
 *(.entry)
 .entry         0x0000000000002000       0x20 ../print4_bsp//obj/HAL/src/crt0.o
                0x0000000000002000                __reset
                0x000000000000200c                _exit

.exceptions     0x0000000000002020        0x0
                0x0000000000002020                PROVIDE (__ram_exceptions_start, ABSOLUTE (.))
                0x0000000000002020                . = ALIGN (0x20)
 *(.irq)
 *(.exceptions.entry.label)
 *(.exceptions.entry.user)
 *(.exceptions.entry.ecc_fatal)
 *(.exceptions.entry)
 *(.exceptions.irqtest.user)
 *(.exceptions.irqtest)
 *(.exceptions.irqhandler.user)
 *(.exceptions.irqhandler)
 *(.exceptions.irqreturn.user)
 *(.exceptions.irqreturn)
 *(.exceptions.notirq.label)
 *(.exceptions.notirq.user)
 *(.exceptions.notirq)
 *(.exceptions.soft.user)
 *(.exceptions.soft)
 *(.exceptions.unknown.user)
 *(.exceptions.unknown)
 *(.exceptions.exit.label)
 *(.exceptions.exit.user)
 *(.exceptions.exit)
 *(.exceptions)
                0x0000000000002020                PROVIDE (__ram_exceptions_end, ABSOLUTE (.))
                0x0000000000002020                PROVIDE (__flash_exceptions_start, LOADADDR (.exceptions))

.text           0x0000000000002020      0x4dc
                [!provide]                        PROVIDE (stext, ABSOLUTE (.))
 *(.interp)
 *(.hash)
 *(.dynsym)
 *(.dynstr)
 *(.gnu.version)
 *(.gnu.version_d)
 *(.gnu.version_r)
 *(.rel.init)
 *(.rela.init)
 *(.rel.text .rel.text.* .rel.gnu.linkonce.t.*)
 *(.rela.text .rela.text.* .rela.gnu.linkonce.t.*)
 *(.rel.fini)
 *(.rela.fini)
 *(.rel.rodata .rel.rodata.* .rel.gnu.linkonce.r.*)
 *(.rela.rodata .rela.rodata.* .rela.gnu.linkonce.r.*)
 *(.rel.data .rel.data.* .rel.gnu.linkonce.d.*)
 *(.rela.data .rela.data.* .rela.gnu.linkonce.d.*)
 *(.rel.tdata .rel.tdata.* .rel.gnu.linkonce.td.*)
 *(.rela.tdata .rela.tdata.* .rela.gnu.linkonce.td.*)
 *(.rel.tbss .rel.tbss.* .rel.gnu.linkonce.tb.*)
 *(.rela.tbss .rela.tbss.* .rela.gnu.linkonce.tb.*)
 *(.rel.ctors)
 *(.rela.ctors)
 *(.rel.dtors)
 *(.rela.dtors)
 *(.rel.got)
 *(.rela.got)
 *(.rel.sdata .rel.sdata.* .rel.gnu.linkonce.s.*)
 *(.rela.sdata .rela.sdata.* .rela.gnu.linkonce.s.*)
 *(.rel.sbss .rel.sbss.* .rel.gnu.linkonce.sb.*)
 *(.rela.sbss .rela.sbss.* .rela.gnu.linkonce.sb.*)
 *(.rel.sdata2 .rel.sdata2.* .rel.gnu.linkonce.s2.*)
 *(.rela.sdata2 .rela.sdata2.* .rela.gnu.linkonce.s2.*)
 *(.rel.sbss2 .rel.sbss2.* .rel.gnu.linkonce.sb2.*)
 *(.rela.sbss2 .rela.sbss2.* .rela.gnu.linkonce.sb2.*)
 *(.rel.bss .rel.bss.* .rel.gnu.linkonce.b.*)
 *(.rela.bss .rela.bss.* .rela.gnu.linkonce.b.*)
 *(.rel.plt)
 *(.rela.plt)
 *(.rel.dyn)
 *(.init)
 *(.plt)
 *(.text .stub .text.* .gnu.linkonce.t.*)
 .text          0x0000000000002020       0x3c ../print4_bsp//obj/HAL/src/crt0.o
                0x0000000000002020                _start
 .text          0x000000000000205c        0x0 obj/default/hello_world_small.o
 .text.startup  0x000000000000205c       0x70 obj/default/hello_world_small.o
                0x000000000000205c                main
 .text          0x00000000000020cc       0xe0 ../print4_bsp/\libhal_bsp.a(alt_load.o)
                0x00000000000020cc                alt_load
 .text          0x00000000000021ac       0x2c ../print4_bsp/\libhal_bsp.a(alt_main.o)
                0x00000000000021ac                alt_main
 .text          0x00000000000021d8       0x38 ../print4_bsp/\libhal_bsp.a(alt_putstr.o)
                0x00000000000021d8                alt_putstr
 .text          0x0000000000002210        0x4 ../print4_bsp/\libhal_bsp.a(alt_usleep.o)
                0x0000000000002210                usleep
 .text          0x0000000000002214       0x24 ../print4_bsp/\libhal_bsp.a(alt_sys_init.o)
                0x0000000000002214                alt_irq_init
                0x0000000000002234                alt_sys_init
 .text          0x0000000000002238       0x34 ../print4_bsp/\libhal_bsp.a(altera_avalon_jtag_uart_write.o)
                0x0000000000002238                altera_avalon_jtag_uart_write
 .text          0x000000000000226c       0x88 ../print4_bsp/\libhal_bsp.a(alt_busy_sleep.o)
                0x000000000000226c                alt_busy_sleep
 .text          0x00000000000022f4        0x4 ../print4_bsp/\libhal_bsp.a(alt_dcache_flush_all.o)
                0x00000000000022f4                alt_dcache_flush_all
 .text          0x00000000000022f8        0x4 ../print4_bsp/\libhal_bsp.a(alt_icache_flush_all.o)
                0x00000000000022f8                alt_icache_flush_all
 .text          0x00000000000022fc        0x8 ../print4_bsp/\libhal_bsp.a(altera_nios2_gen2_irq.o)
                0x00000000000022fc                altera_nios2_gen2_irq_init
 .text          0x0000000000002304        0x0 c:/software/intelfpga_lite/18.1/nios2eds/bin/gnu/h-x86_64-mingw32/bin/../lib/gcc/nios2-elf/5.3.0/../../../../../H-x86_64-mingw32/nios2-elf/lib/mno-hw-mul\libsmallc.a(lib_a-strlen.o)
 .text.strlen   0x0000000000002304       0x1c c:/software/intelfpga_lite/18.1/nios2eds/bin/gnu/h-x86_64-mingw32/bin/../lib/gcc/nios2-elf/5.3.0/../../../../../H-x86_64-mingw32/nios2-elf/lib/mno-hw-mul\libsmallc.a(lib_a-strlen.o)
                0x0000000000002304                strlen
 .text          0x0000000000002320      0x1b4 c:/software/intelfpga_lite/18.1/nios2eds/bin/gnu/h-x86_64-mingw32/bin/../lib/gcc/nios2-elf/5.3.0/mno-hw-mul\libgcc.a(lib2-divmod.o)
                0x0000000000002320                __divsi3
                0x00000000000023a4                __modsi3
                0x0000000000002418                __udivsi3
                0x000000000000247c                __umodsi3
 .text          0x00000000000024d4       0x28 c:/software/intelfpga_lite/18.1/nios2eds/bin/gnu/h-x86_64-mingw32/bin/../lib/gcc/nios2-elf/5.3.0/mno-hw-mul\libgcc.a(lib2-mul.o)
                0x00000000000024d4                __mulsi3
 *(.gnu.warning.*)
 *(.fini)
                [!provide]                        PROVIDE (__etext, ABSOLUTE (.))
                [!provide]                        PROVIDE (_etext, ABSOLUTE (.))
                [!provide]                        PROVIDE (etext, ABSOLUTE (.))
 *(.eh_frame_hdr)
                0x00000000000024fc                . = ALIGN (0x4)
                [!provide]                        PROVIDE (__preinit_array_start, ABSOLUTE (.))
 *(.preinit_array)
                [!provide]                        PROVIDE (__preinit_array_end, ABSOLUTE (.))
                [!provide]                        PROVIDE (__init_array_start, ABSOLUTE (.))
 *(.init_array)
                [!provide]                        PROVIDE (__init_array_end, ABSOLUTE (.))
                [!provide]                        PROVIDE (__fini_array_start, ABSOLUTE (.))
 *(.fini_array)
                [!provide]                        PROVIDE (__fini_array_end, ABSOLUTE (.))
 *(.eh_frame)
 *(.gcc_except_table .gcc_except_table.*)
 *(.dynamic)
                [!provide]                        PROVIDE (__CTOR_LIST__, ABSOLUTE (.))
 *(.ctors)
 *(SORT(.ctors.*))
                [!provide]                        PROVIDE (__CTOR_END__, ABSOLUTE (.))
                [!provide]                        PROVIDE (__DTOR_LIST__, ABSOLUTE (.))
 *(.dtors)
 *(SORT(.dtors.*))
                [!provide]                        PROVIDE (__DTOR_END__, ABSOLUTE (.))
 *(.jcr)
                0x00000000000024fc                . = ALIGN (0x4)

.rodata         0x00000000000024fc       0x18
                0x00000000000024fc                PROVIDE (__ram_rodata_start, ABSOLUTE (.))
                0x00000000000024fc                . = ALIGN (0x4)
 *(.rodata .rodata.* .gnu.linkonce.r.*)
 .rodata.str1.4
                0x00000000000024fc       0x18 obj/default/hello_world_small.o
                                         0x15 (size before relaxing)
 *(.rodata1)
                0x0000000000002514                . = ALIGN (0x4)
                0x0000000000002514                PROVIDE (__ram_rodata_end, ABSOLUTE (.))
                0x00000000000024fc                PROVIDE (__flash_rodata_start, LOADADDR (.rodata))

.rwdata         0x0000000000002514        0x4 load address 0x0000000000002518
                0x0000000000002514                PROVIDE (__ram_rwdata_start, ABSOLUTE (.))
                0x0000000000002514                . = ALIGN (0x4)
 *(.got.plt)
 *(.got)
 *(.data1)
 *(.data .data.* .gnu.linkonce.d.*)
 .data          0x0000000000002514        0x0 ../print4_bsp//obj/HAL/src/crt0.o
 .data          0x0000000000002514        0x0 obj/default/hello_world_small.o
 .data          0x0000000000002514        0x0 ../print4_bsp/\libhal_bsp.a(alt_load.o)
 .data          0x0000000000002514        0x0 ../print4_bsp/\libhal_bsp.a(alt_main.o)
 .data          0x0000000000002514        0x0 ../print4_bsp/\libhal_bsp.a(alt_putstr.o)
 .data          0x0000000000002514        0x0 ../print4_bsp/\libhal_bsp.a(alt_usleep.o)
 .data          0x0000000000002514        0x0 ../print4_bsp/\libhal_bsp.a(alt_sys_init.o)
 .data          0x0000000000002514        0x0 ../print4_bsp/\libhal_bsp.a(altera_avalon_jtag_uart_write.o)
 .data          0x0000000000002514        0x0 ../print4_bsp/\libhal_bsp.a(alt_busy_sleep.o)
 .data          0x0000000000002514        0x0 ../print4_bsp/\libhal_bsp.a(alt_dcache_flush_all.o)
 .data          0x0000000000002514        0x0 ../print4_bsp/\libhal_bsp.a(alt_icache_flush_all.o)
 .data          0x0000000000002514        0x0 ../print4_bsp/\libhal_bsp.a(altera_nios2_gen2_irq.o)
 .data          0x0000000000002514        0x0 c:/software/intelfpga_lite/18.1/nios2eds/bin/gnu/h-x86_64-mingw32/bin/../lib/gcc/nios2-elf/5.3.0/../../../../../H-x86_64-mingw32/nios2-elf/lib/mno-hw-mul\libsmallc.a(lib_a-strlen.o)
 .data          0x0000000000002514        0x0 c:/software/intelfpga_lite/18.1/nios2eds/bin/gnu/h-x86_64-mingw32/bin/../lib/gcc/nios2-elf/5.3.0/mno-hw-mul\libgcc.a(lib2-divmod.o)
 .data          0x0000000000002514        0x0 c:/software/intelfpga_lite/18.1/nios2eds/bin/gnu/h-x86_64-mingw32/bin/../lib/gcc/nios2-elf/5.3.0/mno-hw-mul\libgcc.a(lib2-mul.o)
                0x000000000000a514                _gp = ABSOLUTE ((. + 0x8000))
                [!provide]                        PROVIDE (gp, _gp)
 *(.rwdata .rwdata.*)
 *(.sdata .sdata.* .gnu.linkonce.s.*)
 .sdata         0x0000000000002514        0x4 ../print4_bsp/\libhal_bsp.a(alt_sys_init.o)
                0x0000000000002514                jtag_uart_0
 *(.sdata2 .sdata2.* .gnu.linkonce.s2.*)
                0x0000000000002518                . = ALIGN (0x4)
                0x0000000000002518                _edata = ABSOLUTE (.)
                [!provide]                        PROVIDE (edata, ABSOLUTE (.))
                0x0000000000002518                PROVIDE (__ram_rwdata_end, ABSOLUTE (.))
                0x0000000000002518                PROVIDE (__flash_rwdata_start, LOADADDR (.rwdata))

.bss            0x000000000000251c        0xc
                0x000000000000251c                __bss_start = ABSOLUTE (.)
                [!provide]                        PROVIDE (__sbss_start, ABSOLUTE (.))
                [!provide]                        PROVIDE (___sbss_start, ABSOLUTE (.))
 *(.dynsbss)
 *(.sbss .sbss.* .gnu.linkonce.sb.*)
 .sbss          0x000000000000251c        0xc ../print4_bsp/\libhal_bsp.a(alt_main.o)
                0x000000000000251c                alt_envp
                0x0000000000002520                alt_argv
                0x0000000000002524                alt_argc
 *(.sbss2 .sbss2.* .gnu.linkonce.sb2.*)
 *(.scommon)
                [!provide]                        PROVIDE (__sbss_end, ABSOLUTE (.))
                [!provide]                        PROVIDE (___sbss_end, ABSOLUTE (.))
 *(.dynbss)
 *(.bss .bss.* .gnu.linkonce.b.*)
 .bss           0x0000000000002528        0x0 ../print4_bsp//obj/HAL/src/crt0.o
 .bss           0x0000000000002528        0x0 obj/default/hello_world_small.o
 .bss           0x0000000000002528        0x0 ../print4_bsp/\libhal_bsp.a(alt_load.o)
 .bss           0x0000000000002528        0x0 ../print4_bsp/\libhal_bsp.a(alt_main.o)
 .bss           0x0000000000002528        0x0 ../print4_bsp/\libhal_bsp.a(alt_putstr.o)
 .bss           0x0000000000002528        0x0 ../print4_bsp/\libhal_bsp.a(alt_usleep.o)
 .bss           0x0000000000002528        0x0 ../print4_bsp/\libhal_bsp.a(alt_sys_init.o)
 .bss           0x0000000000002528        0x0 ../print4_bsp/\libhal_bsp.a(altera_avalon_jtag_uart_write.o)
 .bss           0x0000000000002528        0x0 ../print4_bsp/\libhal_bsp.a(alt_busy_sleep.o)
 .bss           0x0000000000002528        0x0 ../print4_bsp/\libhal_bsp.a(alt_dcache_flush_all.o)
 .bss           0x0000000000002528        0x0 ../print4_bsp/\libhal_bsp.a(alt_icache_flush_all.o)
 .bss           0x0000000000002528        0x0 ../print4_bsp/\libhal_bsp.a(altera_nios2_gen2_irq.o)
 .bss           0x0000000000002528        0x0 c:/software/intelfpga_lite/18.1/nios2eds/bin/gnu/h-x86_64-mingw32/bin/../lib/gcc/nios2-elf/5.3.0/../../../../../H-x86_64-mingw32/nios2-elf/lib/mno-hw-mul\libsmallc.a(lib_a-strlen.o)
 .bss           0x0000000000002528        0x0 c:/software/intelfpga_lite/18.1/nios2eds/bin/gnu/h-x86_64-mingw32/bin/../lib/gcc/nios2-elf/5.3.0/mno-hw-mul\libgcc.a(lib2-divmod.o)
 .bss           0x0000000000002528        0x0 c:/software/intelfpga_lite/18.1/nios2eds/bin/gnu/h-x86_64-mingw32/bin/../lib/gcc/nios2-elf/5.3.0/mno-hw-mul\libgcc.a(lib2-mul.o)
 *(COMMON)
                0x0000000000002528                . = ALIGN (0x4)
                0x0000000000002528                __bss_end = ABSOLUTE (.)

.onchip_memory2_0
                0x0000000000002528        0x0
                [!provide]                        PROVIDE (_alt_partition_onchip_memory2_0_start, ABSOLUTE (.))
 *(.onchip_memory2_0 .onchip_memory2_0. onchip_memory2_0.*)
                0x0000000000002528                . = ALIGN (0x4)
                [!provide]                        PROVIDE (_alt_partition_onchip_memory2_0_end, ABSOLUTE (.))
                0x0000000000002528                _end = ABSOLUTE (.)
                0x0000000000002528                end = ABSOLUTE (.)
                0x0000000000002528                __alt_stack_base = ABSOLUTE (.)
                [!provide]                        PROVIDE (_alt_partition_onchip_memory2_0_load_addr, LOADADDR (.onchip_memory2_0))

.stab
 *(.stab)

.stabstr
 *(.stabstr)

.stab.excl
 *(.stab.excl)

.stab.exclstr
 *(.stab.exclstr)

.stab.index
 *(.stab.index)

.stab.indexstr
 *(.stab.indexstr)

.comment        0x0000000000000000       0x23
 *(.comment)
 .comment       0x0000000000000000       0x23 obj/default/hello_world_small.o
                                         0x24 (size before relaxing)
 .comment       0x0000000000000023       0x24 ../print4_bsp/\libhal_bsp.a(alt_load.o)
 .comment       0x0000000000000023       0x24 ../print4_bsp/\libhal_bsp.a(alt_main.o)
 .comment       0x0000000000000023       0x24 ../print4_bsp/\libhal_bsp.a(alt_putstr.o)
 .comment       0x0000000000000023       0x24 ../print4_bsp/\libhal_bsp.a(alt_usleep.o)
 .comment       0x0000000000000023       0x24 ../print4_bsp/\libhal_bsp.a(alt_sys_init.o)
 .comment       0x0000000000000023       0x24 ../print4_bsp/\libhal_bsp.a(altera_avalon_jtag_uart_write.o)
 .comment       0x0000000000000023       0x24 ../print4_bsp/\libhal_bsp.a(alt_busy_sleep.o)
 .comment       0x0000000000000023       0x24 ../print4_bsp/\libhal_bsp.a(alt_dcache_flush_all.o)
 .comment       0x0000000000000023       0x24 ../print4_bsp/\libhal_bsp.a(alt_icache_flush_all.o)
 .comment       0x0000000000000023       0x24 ../print4_bsp/\libhal_bsp.a(altera_nios2_gen2_irq.o)
 .comment       0x0000000000000023       0x24 c:/software/intelfpga_lite/18.1/nios2eds/bin/gnu/h-x86_64-mingw32/bin/../lib/gcc/nios2-elf/5.3.0/../../../../../H-x86_64-mingw32/nios2-elf/lib/mno-hw-mul\libsmallc.a(lib_a-strlen.o)
 .comment       0x0000000000000023       0x24 c:/software/intelfpga_lite/18.1/nios2eds/bin/gnu/h-x86_64-mingw32/bin/../lib/gcc/nios2-elf/5.3.0/mno-hw-mul\libgcc.a(lib2-divmod.o)
 .comment       0x0000000000000023       0x24 c:/software/intelfpga_lite/18.1/nios2eds/bin/gnu/h-x86_64-mingw32/bin/../lib/gcc/nios2-elf/5.3.0/mno-hw-mul\libgcc.a(lib2-mul.o)

.debug
 *(.debug)

.line
 *(.line)

.debug_srcinfo
 *(.debug_srcinfo)

.debug_sfnames
 *(.debug_sfnames)

.debug_aranges  0x0000000000000000      0x1e8
 *(.debug_aranges)
 .debug_aranges
                0x0000000000000000       0x28 ../print4_bsp//obj/HAL/src/crt0.o
 .debug_aranges
                0x0000000000000028       0x20 obj/default/hello_world_small.o
 .debug_aranges
                0x0000000000000048       0x20 ../print4_bsp/\libhal_bsp.a(alt_load.o)
 .debug_aranges
                0x0000000000000068       0x20 ../print4_bsp/\libhal_bsp.a(alt_main.o)
 .debug_aranges
                0x0000000000000088       0x20 ../print4_bsp/\libhal_bsp.a(alt_putstr.o)
 .debug_aranges
                0x00000000000000a8       0x20 ../print4_bsp/\libhal_bsp.a(alt_usleep.o)
 .debug_aranges
                0x00000000000000c8       0x20 ../print4_bsp/\libhal_bsp.a(alt_sys_init.o)
 .debug_aranges
                0x00000000000000e8       0x20 ../print4_bsp/\libhal_bsp.a(altera_avalon_jtag_uart_write.o)
 .debug_aranges
                0x0000000000000108       0x20 ../print4_bsp/\libhal_bsp.a(alt_busy_sleep.o)
 .debug_aranges
                0x0000000000000128       0x20 ../print4_bsp/\libhal_bsp.a(alt_dcache_flush_all.o)
 .debug_aranges
                0x0000000000000148       0x20 ../print4_bsp/\libhal_bsp.a(alt_icache_flush_all.o)
 .debug_aranges
                0x0000000000000168       0x20 ../print4_bsp/\libhal_bsp.a(altera_nios2_gen2_irq.o)
 .debug_aranges
                0x0000000000000188       0x20 c:/software/intelfpga_lite/18.1/nios2eds/bin/gnu/h-x86_64-mingw32/bin/../lib/gcc/nios2-elf/5.3.0/../../../../../H-x86_64-mingw32/nios2-elf/lib/mno-hw-mul\libsmallc.a(lib_a-strlen.o)
 .debug_aranges
                0x00000000000001a8       0x20 c:/software/intelfpga_lite/18.1/nios2eds/bin/gnu/h-x86_64-mingw32/bin/../lib/gcc/nios2-elf/5.3.0/mno-hw-mul\libgcc.a(lib2-divmod.o)
 .debug_aranges
                0x00000000000001c8       0x20 c:/software/intelfpga_lite/18.1/nios2eds/bin/gnu/h-x86_64-mingw32/bin/../lib/gcc/nios2-elf/5.3.0/mno-hw-mul\libgcc.a(lib2-mul.o)

.debug_pubnames
 *(.debug_pubnames)

.debug_info     0x0000000000000000     0x10d8
 *(.debug_info .gnu.linkonce.wi.*)
 .debug_info    0x0000000000000000       0x87 ../print4_bsp//obj/HAL/src/crt0.o
 .debug_info    0x0000000000000087      0x127 obj/default/hello_world_small.o
 .debug_info    0x00000000000001ae      0x1c9 ../print4_bsp/\libhal_bsp.a(alt_load.o)
 .debug_info    0x0000000000000377      0x169 ../print4_bsp/\libhal_bsp.a(alt_main.o)
 .debug_info    0x00000000000004e0      0x13a ../print4_bsp/\libhal_bsp.a(alt_putstr.o)
 .debug_info    0x000000000000061a       0xd1 ../print4_bsp/\libhal_bsp.a(alt_usleep.o)
 .debug_info    0x00000000000006eb      0x185 ../print4_bsp/\libhal_bsp.a(alt_sys_init.o)
 .debug_info    0x0000000000000870      0x197 ../print4_bsp/\libhal_bsp.a(altera_avalon_jtag_uart_write.o)
 .debug_info    0x0000000000000a07       0xd8 ../print4_bsp/\libhal_bsp.a(alt_busy_sleep.o)
 .debug_info    0x0000000000000adf       0x92 ../print4_bsp/\libhal_bsp.a(alt_dcache_flush_all.o)
 .debug_info    0x0000000000000b71       0x92 ../print4_bsp/\libhal_bsp.a(alt_icache_flush_all.o)
 .debug_info    0x0000000000000c03       0x92 ../print4_bsp/\libhal_bsp.a(altera_nios2_gen2_irq.o)
 .debug_info    0x0000000000000c95       0xc9 c:/software/intelfpga_lite/18.1/nios2eds/bin/gnu/h-x86_64-mingw32/bin/../lib/gcc/nios2-elf/5.3.0/../../../../../H-x86_64-mingw32/nios2-elf/lib/mno-hw-mul\libsmallc.a(lib_a-strlen.o)
 .debug_info    0x0000000000000d5e      0x2c6 c:/software/intelfpga_lite/18.1/nios2eds/bin/gnu/h-x86_64-mingw32/bin/../lib/gcc/nios2-elf/5.3.0/mno-hw-mul\libgcc.a(lib2-divmod.o)
 .debug_info    0x0000000000001024       0xb4 c:/software/intelfpga_lite/18.1/nios2eds/bin/gnu/h-x86_64-mingw32/bin/../lib/gcc/nios2-elf/5.3.0/mno-hw-mul\libgcc.a(lib2-mul.o)

.debug_abbrev   0x0000000000000000      0x91e
 *(.debug_abbrev)
 .debug_abbrev  0x0000000000000000       0x12 ../print4_bsp//obj/HAL/src/crt0.o
 .debug_abbrev  0x0000000000000012       0xbb obj/default/hello_world_small.o
 .debug_abbrev  0x00000000000000cd       0xd8 ../print4_bsp/\libhal_bsp.a(alt_load.o)
 .debug_abbrev  0x00000000000001a5       0xee ../print4_bsp/\libhal_bsp.a(alt_main.o)
 .debug_abbrev  0x0000000000000293       0xd3 ../print4_bsp/\libhal_bsp.a(alt_putstr.o)
 .debug_abbrev  0x0000000000000366       0x8d ../print4_bsp/\libhal_bsp.a(alt_usleep.o)
 .debug_abbrev  0x00000000000003f3      0x107 ../print4_bsp/\libhal_bsp.a(alt_sys_init.o)
 .debug_abbrev  0x00000000000004fa       0xd5 ../print4_bsp/\libhal_bsp.a(altera_avalon_jtag_uart_write.o)
 .debug_abbrev  0x00000000000005cf       0x8d ../print4_bsp/\libhal_bsp.a(alt_busy_sleep.o)
 .debug_abbrev  0x000000000000065c       0x42 ../print4_bsp/\libhal_bsp.a(alt_dcache_flush_all.o)
 .debug_abbrev  0x000000000000069e       0x42 ../print4_bsp/\libhal_bsp.a(alt_icache_flush_all.o)
 .debug_abbrev  0x00000000000006e0       0x42 ../print4_bsp/\libhal_bsp.a(altera_nios2_gen2_irq.o)
 .debug_abbrev  0x0000000000000722       0x7f c:/software/intelfpga_lite/18.1/nios2eds/bin/gnu/h-x86_64-mingw32/bin/../lib/gcc/nios2-elf/5.3.0/../../../../../H-x86_64-mingw32/nios2-elf/lib/mno-hw-mul\libsmallc.a(lib_a-strlen.o)
 .debug_abbrev  0x00000000000007a1      0x10e c:/software/intelfpga_lite/18.1/nios2eds/bin/gnu/h-x86_64-mingw32/bin/../lib/gcc/nios2-elf/5.3.0/mno-hw-mul\libgcc.a(lib2-divmod.o)
 .debug_abbrev  0x00000000000008af       0x6f c:/software/intelfpga_lite/18.1/nios2eds/bin/gnu/h-x86_64-mingw32/bin/../lib/gcc/nios2-elf/5.3.0/mno-hw-mul\libgcc.a(lib2-mul.o)

.debug_line     0x0000000000000000      0xa89
 *(.debug_line)
 .debug_line    0x0000000000000000       0x66 ../print4_bsp//obj/HAL/src/crt0.o
 .debug_line    0x0000000000000066       0xce obj/default/hello_world_small.o
 .debug_line    0x0000000000000134       0xa4 ../print4_bsp/\libhal_bsp.a(alt_load.o)
 .debug_line    0x00000000000001d8       0xbd ../print4_bsp/\libhal_bsp.a(alt_main.o)
 .debug_line    0x0000000000000295       0xa9 ../print4_bsp/\libhal_bsp.a(alt_putstr.o)
 .debug_line    0x000000000000033e       0xd8 ../print4_bsp/\libhal_bsp.a(alt_usleep.o)
 .debug_line    0x0000000000000416      0x101 ../print4_bsp/\libhal_bsp.a(alt_sys_init.o)
 .debug_line    0x0000000000000517       0xf0 ../print4_bsp/\libhal_bsp.a(altera_avalon_jtag_uart_write.o)
 .debug_line    0x0000000000000607       0xb5 ../print4_bsp/\libhal_bsp.a(alt_busy_sleep.o)
 .debug_line    0x00000000000006bc       0x4e ../print4_bsp/\libhal_bsp.a(alt_dcache_flush_all.o)
 .debug_line    0x000000000000070a       0x4e ../print4_bsp/\libhal_bsp.a(alt_icache_flush_all.o)
 .debug_line    0x0000000000000758       0x50 ../print4_bsp/\libhal_bsp.a(altera_nios2_gen2_irq.o)
 .debug_line    0x00000000000007a8      0x15c c:/software/intelfpga_lite/18.1/nios2eds/bin/gnu/h-x86_64-mingw32/bin/../lib/gcc/nios2-elf/5.3.0/../../../../../H-x86_64-mingw32/nios2-elf/lib/mno-hw-mul\libsmallc.a(lib_a-strlen.o)
 .debug_line    0x0000000000000904      0x105 c:/software/intelfpga_lite/18.1/nios2eds/bin/gnu/h-x86_64-mingw32/bin/../lib/gcc/nios2-elf/5.3.0/mno-hw-mul\libgcc.a(lib2-divmod.o)
 .debug_line    0x0000000000000a09       0x80 c:/software/intelfpga_lite/18.1/nios2eds/bin/gnu/h-x86_64-mingw32/bin/../lib/gcc/nios2-elf/5.3.0/mno-hw-mul\libgcc.a(lib2-mul.o)

.debug_frame    0x0000000000000000      0x260
 *(.debug_frame)
 .debug_frame   0x0000000000000000       0x38 obj/default/hello_world_small.o
 .debug_frame   0x0000000000000038       0x30 ../print4_bsp/\libhal_bsp.a(alt_load.o)
 .debug_frame   0x0000000000000068       0x2c ../print4_bsp/\libhal_bsp.a(alt_main.o)
 .debug_frame   0x0000000000000094       0x30 ../print4_bsp/\libhal_bsp.a(alt_putstr.o)
 .debug_frame   0x00000000000000c4       0x20 ../print4_bsp/\libhal_bsp.a(alt_usleep.o)
 .debug_frame   0x00000000000000e4       0x3c ../print4_bsp/\libhal_bsp.a(alt_sys_init.o)
 .debug_frame   0x0000000000000120       0x20 ../print4_bsp/\libhal_bsp.a(altera_avalon_jtag_uart_write.o)
 .debug_frame   0x0000000000000140       0x30 ../print4_bsp/\libhal_bsp.a(alt_busy_sleep.o)
 .debug_frame   0x0000000000000170       0x20 ../print4_bsp/\libhal_bsp.a(alt_dcache_flush_all.o)
 .debug_frame   0x0000000000000190       0x20 ../print4_bsp/\libhal_bsp.a(alt_icache_flush_all.o)
 .debug_frame   0x00000000000001b0       0x20 ../print4_bsp/\libhal_bsp.a(altera_nios2_gen2_irq.o)
 .debug_frame   0x00000000000001d0       0x20 c:/software/intelfpga_lite/18.1/nios2eds/bin/gnu/h-x86_64-mingw32/bin/../lib/gcc/nios2-elf/5.3.0/../../../../../H-x86_64-mingw32/nios2-elf/lib/mno-hw-mul\libsmallc.a(lib_a-strlen.o)
 .debug_frame   0x00000000000001f0       0x50 c:/software/intelfpga_lite/18.1/nios2eds/bin/gnu/h-x86_64-mingw32/bin/../lib/gcc/nios2-elf/5.3.0/mno-hw-mul\libgcc.a(lib2-divmod.o)
 .debug_frame   0x0000000000000240       0x20 c:/software/intelfpga_lite/18.1/nios2eds/bin/gnu/h-x86_64-mingw32/bin/../lib/gcc/nios2-elf/5.3.0/mno-hw-mul\libgcc.a(lib2-mul.o)

.debug_str      0x0000000000000000      0x815
 *(.debug_str)
 .debug_str     0x0000000000000000      0x133 obj/default/hello_world_small.o
                                        0x171 (size before relaxing)
 .debug_str     0x0000000000000133      0x16e ../print4_bsp/\libhal_bsp.a(alt_load.o)
                                        0x255 (size before relaxing)
 .debug_str     0x00000000000002a1       0x8f ../print4_bsp/\libhal_bsp.a(alt_main.o)
                                        0x1ce (size before relaxing)
 .debug_str     0x0000000000000330       0x66 ../print4_bsp/\libhal_bsp.a(alt_putstr.o)
                                        0x1ab (size before relaxing)
 .debug_str     0x0000000000000396       0x2f ../print4_bsp/\libhal_bsp.a(alt_usleep.o)
                                        0x170 (size before relaxing)
 .debug_str     0x00000000000003c5       0x86 ../print4_bsp/\libhal_bsp.a(alt_sys_init.o)
                                        0x23f (size before relaxing)
 .debug_str     0x000000000000044b       0x38 ../print4_bsp/\libhal_bsp.a(altera_avalon_jtag_uart_write.o)
                                        0x22e (size before relaxing)
 .debug_str     0x0000000000000483       0x33 ../print4_bsp/\libhal_bsp.a(alt_busy_sleep.o)
                                        0x184 (size before relaxing)
 .debug_str     0x00000000000004b6       0x1f ../print4_bsp/\libhal_bsp.a(alt_dcache_flush_all.o)
                                        0x16e (size before relaxing)
 .debug_str     0x00000000000004d5       0x1f ../print4_bsp/\libhal_bsp.a(alt_icache_flush_all.o)
                                        0x16e (size before relaxing)
 .debug_str     0x00000000000004f4       0x20 ../print4_bsp/\libhal_bsp.a(altera_nios2_gen2_irq.o)
                                        0x175 (size before relaxing)
 .debug_str     0x0000000000000514      0x13a c:/software/intelfpga_lite/18.1/nios2eds/bin/gnu/h-x86_64-mingw32/bin/../lib/gcc/nios2-elf/5.3.0/../../../../../H-x86_64-mingw32/nios2-elf/lib/mno-hw-mul\libsmallc.a(lib_a-strlen.o)
                                        0x1e5 (size before relaxing)
 .debug_str     0x000000000000064e      0x187 c:/software/intelfpga_lite/18.1/nios2eds/bin/gnu/h-x86_64-mingw32/bin/../lib/gcc/nios2-elf/5.3.0/mno-hw-mul\libgcc.a(lib2-divmod.o)
                                        0x1d2 (size before relaxing)
 .debug_str     0x00000000000007d5       0x40 c:/software/intelfpga_lite/18.1/nios2eds/bin/gnu/h-x86_64-mingw32/bin/../lib/gcc/nios2-elf/5.3.0/mno-hw-mul\libgcc.a(lib2-mul.o)
                                        0x193 (size before relaxing)

.debug_loc      0x0000000000000000      0x6ea
 *(.debug_loc)
 .debug_loc     0x0000000000000000       0x37 ../print4_bsp/\libhal_bsp.a(alt_putstr.o)
 .debug_loc     0x0000000000000037       0x21 ../print4_bsp/\libhal_bsp.a(alt_usleep.o)
 .debug_loc     0x0000000000000058       0x21 ../print4_bsp/\libhal_bsp.a(alt_sys_init.o)
 .debug_loc     0x0000000000000079       0x8b ../print4_bsp/\libhal_bsp.a(altera_avalon_jtag_uart_write.o)
 .debug_loc     0x0000000000000104       0x67 ../print4_bsp/\libhal_bsp.a(alt_busy_sleep.o)
 .debug_loc     0x000000000000016b       0x1e c:/software/intelfpga_lite/18.1/nios2eds/bin/gnu/h-x86_64-mingw32/bin/../lib/gcc/nios2-elf/5.3.0/../../../../../H-x86_64-mingw32/nios2-elf/lib/mno-hw-mul\libsmallc.a(lib_a-strlen.o)
 .debug_loc     0x0000000000000189      0x4ce c:/software/intelfpga_lite/18.1/nios2eds/bin/gnu/h-x86_64-mingw32/bin/../lib/gcc/nios2-elf/5.3.0/mno-hw-mul\libgcc.a(lib2-divmod.o)
 .debug_loc     0x0000000000000657       0x93 c:/software/intelfpga_lite/18.1/nios2eds/bin/gnu/h-x86_64-mingw32/bin/../lib/gcc/nios2-elf/5.3.0/mno-hw-mul\libgcc.a(lib2-mul.o)

.debug_macinfo
 *(.debug_macinfo)

.debug_weaknames
 *(.debug_weaknames)

.debug_funcnames
 *(.debug_funcnames)

.debug_typenames
 *(.debug_typenames)

.debug_varnames
 *(.debug_varnames)

.debug_alt_sim_info
                0x0000000000000000       0x40
 *(.debug_alt_sim_info)
 .debug_alt_sim_info
                0x0000000000000000       0x10 ../print4_bsp//obj/HAL/src/crt0.o
 .debug_alt_sim_info
                0x0000000000000010       0x30 ../print4_bsp/\libhal_bsp.a(alt_busy_sleep.o)
                0x0000000000004000                __alt_data_end = 0x4000
                0x0000000000004000                PROVIDE (__alt_stack_pointer, __alt_data_end)
                [!provide]                        PROVIDE (__alt_stack_limit, __alt_stack_base)
                [!provide]                        PROVIDE (__alt_heap_start, end)
                [!provide]                        PROVIDE (__alt_heap_limit, 0x4000)
OUTPUT(print4.elf elf32-littlenios2)

.debug_ranges   0x0000000000000000      0x100
 .debug_ranges  0x0000000000000000       0x20 ../print4_bsp//obj/HAL/src/crt0.o
 .debug_ranges  0x0000000000000020       0x28 obj/default/hello_world_small.o
 .debug_ranges  0x0000000000000048       0x48 ../print4_bsp/\libhal_bsp.a(alt_load.o)
 .debug_ranges  0x0000000000000090       0x10 c:/software/intelfpga_lite/18.1/nios2eds/bin/gnu/h-x86_64-mingw32/bin/../lib/gcc/nios2-elf/5.3.0/../../../../../H-x86_64-mingw32/nios2-elf/lib/mno-hw-mul\libsmallc.a(lib_a-strlen.o)
 .debug_ranges  0x00000000000000a0       0x60 c:/software/intelfpga_lite/18.1/nios2eds/bin/gnu/h-x86_64-mingw32/bin/../lib/gcc/nios2-elf/5.3.0/mno-hw-mul\libgcc.a(lib2-divmod.o)
